Archive member included because of file (symbol)

C:\Users\TobiZ\Eclipse Luna SR1 121\Workspace\rodos\Debug_STM32F4\librodos.a(00globalobjects.o)
                              ./actuatorhandler.o (RODOS::Initiator::initiatorList)
C:\Users\TobiZ\Eclipse Luna SR1 121\Workspace\rodos\Debug_STM32F4\librodos.a(bytesex.o)
                              ./sdspicard/sdspicard.o (RODOS::swap16(short))
C:\Users\TobiZ\Eclipse Luna SR1 121\Workspace\rodos\Debug_STM32F4\librodos.a(debug.o)
                              ./sdspicard/sdspicard.o (RODOS::PRINTF(char const*, ...))
C:\Users\TobiZ\Eclipse Luna SR1 121\Workspace\rodos\Debug_STM32F4\librodos.a(genericIO.o)
                              ./onewire/onewire.o (RODOS::GenericIOInterface::suspendUntilWriteFinished(long long))
C:\Users\TobiZ\Eclipse Luna SR1 121\Workspace\rodos\Debug_STM32F4\librodos.a(listelement.o)
                              ./actuatorhandler.o (RODOS::ListElement::ListElement(RODOS::ListElement*&, char const*, void*))
C:\Users\TobiZ\Eclipse Luna SR1 121\Workspace\rodos\Debug_STM32F4\librodos.a(main.o)
                              C:\Users\TobiZ\Eclipse Luna SR1 121\Workspace\rodos\Debug_STM32F4\librodos.a(bytesex.o) (RODOS::isHostBigEndian)
C:\Users\TobiZ\Eclipse Luna SR1 121\Workspace\rodos\Debug_STM32F4\librodos.a(main_usermain.o)
                              C:\Users\TobiZ\Eclipse Luna SR1 121\Workspace\rodos\Debug_STM32F4\librodos.a(main.o) (MAIN())
C:\Users\TobiZ\Eclipse Luna SR1 121\Workspace\rodos\Debug_STM32F4\librodos.a(printfverbosity.o)
                              C:\Users\TobiZ\Eclipse Luna SR1 121\Workspace\rodos\Debug_STM32F4\librodos.a(debug.o) (printfVerbosity)
C:\Users\TobiZ\Eclipse Luna SR1 121\Workspace\rodos\Debug_STM32F4\librodos.a(string_pico.o)
                              ./storagecontroller.o (strlen)
C:\Users\TobiZ\Eclipse Luna SR1 121\Workspace\rodos\Debug_STM32F4\librodos.a(subscriber.o)
                              ./topics.o (vtable for RODOS::Subscriber)
C:\Users\TobiZ\Eclipse Luna SR1 121\Workspace\rodos\Debug_STM32F4\librodos.a(thread.o)
                              ./controlloop.o (RODOS::Thread::setPeriodicBeat(long long, long long))
C:\Users\TobiZ\Eclipse Luna SR1 121\Workspace\rodos\Debug_STM32F4\librodos.a(timeevent.o)
                              C:\Users\TobiZ\Eclipse Luna SR1 121\Workspace\rodos\Debug_STM32F4\librodos.a(main.o) (RODOS::TimeEvent::initAllElements())
C:\Users\TobiZ\Eclipse Luna SR1 121\Workspace\rodos\Debug_STM32F4\librodos.a(timemodel.o)
                              ./sdspicard/sdspicard.o (RODOS::TimeModel::getNanoseconds())
C:\Users\TobiZ\Eclipse Luna SR1 121\Workspace\rodos\Debug_STM32F4\librodos.a(topic.o)
                              ./topics.o (RODOS::TopicInterface::TopicInterface(long, long, char const*))
C:\Users\TobiZ\Eclipse Luna SR1 121\Workspace\rodos\Debug_STM32F4\librodos.a(yprintf.o)
                              C:\Users\TobiZ\Eclipse Luna SR1 121\Workspace\rodos\Debug_STM32F4\librodos.a(debug.o) (RODOS::Yprintf::vaprintf(char const*))
C:\Users\TobiZ\Eclipse Luna SR1 121\Workspace\rodos\Debug_STM32F4\librodos.a(call_constructors.o)
                              ./actuatorhandler.o (__dso_handle)
C:\Users\TobiZ\Eclipse Luna SR1 121\Workspace\rodos\Debug_STM32F4\librodos.a(startup_stm32f4xx.o)
                              (Reset_Handler)
C:\Users\TobiZ\Eclipse Luna SR1 121\Workspace\rodos\Debug_STM32F4\librodos.a(hal_gpio.o)
                              ./actuatorhandler.o (RODOS::HAL_GPIO::HAL_GPIO(RODOS::GPIO_PIN))
C:\Users\TobiZ\Eclipse Luna SR1 121\Workspace\rodos\Debug_STM32F4\librodos.a(hal_i2c.o)
                              ./comminterfaces.o (RODOS::HAL_I2C::HAL_I2C(RODOS::I2C_IDX, RODOS::GPIO_PIN, RODOS::GPIO_PIN))
C:\Users\TobiZ\Eclipse Luna SR1 121\Workspace\rodos\Debug_STM32F4\librodos.a(hal_spi.o)
                              ./comminterfaces.o (RODOS::HAL_SPI::HAL_SPI(RODOS::SPI_IDX, RODOS::GPIO_PIN, RODOS::GPIO_PIN, RODOS::GPIO_PIN))
C:\Users\TobiZ\Eclipse Luna SR1 121\Workspace\rodos\Debug_STM32F4\librodos.a(hal_uart.o)
                              ./comminterfaces.o (RODOS::HAL_UART::HAL_UART(RODOS::UART_IDX, RODOS::GPIO_PIN, RODOS::GPIO_PIN, RODOS::GPIO_PIN, RODOS::GPIO_PIN))
C:\Users\TobiZ\Eclipse Luna SR1 121\Workspace\rodos\Debug_STM32F4\librodos.a(stm32f4xx_dma.o)
                              C:\Users\TobiZ\Eclipse Luna SR1 121\Workspace\rodos\Debug_STM32F4\librodos.a(hal_spi.o) (DMA_Init)
C:\Users\TobiZ\Eclipse Luna SR1 121\Workspace\rodos\Debug_STM32F4\librodos.a(stm32f4xx_gpio.o)
                              C:\Users\TobiZ\Eclipse Luna SR1 121\Workspace\rodos\Debug_STM32F4\librodos.a(hal_gpio.o) (GPIO_Init)
C:\Users\TobiZ\Eclipse Luna SR1 121\Workspace\rodos\Debug_STM32F4\librodos.a(stm32f4xx_i2c.o)
                              C:\Users\TobiZ\Eclipse Luna SR1 121\Workspace\rodos\Debug_STM32F4\librodos.a(hal_i2c.o) (I2C_DeInit)
C:\Users\TobiZ\Eclipse Luna SR1 121\Workspace\rodos\Debug_STM32F4\librodos.a(stm32f4xx_rcc.o)
[...]
Memory Configuration

Name             Origin             Length             Attributes
FLASH            0x08000000         0x00100000         xr
RAM              0x20000000         0x00020000         xrw
CCMRAM           0x10000000         0x00010000         xrw
MEMORY_B1        0x60000000         0x00000000         xr
*default*        0x00000000         0xffffffff

Linker script and memory map

LOAD ./sdspicard/sdspicard.o
LOAD ./onewire/arduino_lib/onewire.o
LOAD ./onewire/onewire.o
LOAD ./fatfs/option/syscall.o
LOAD ./fatfs/option/unicode.o
LOAD ./fatfs/diskio.o
LOAD ./fatfs/ff.o
LOAD ./actuatorhandler.o
LOAD ./comminterfaces.o
LOAD ./controlloop.o
LOAD ./healthwatchdog.o
LOAD ./murmur.o
LOAD ./sensorIMU.o
LOAD ./sensorhousekeeping.o
LOAD ./spihelper.o
LOAD ./storagecontroller.o
LOAD ./telecommand.o
LOAD ./telemetry.o
LOAD ./topics.o
LOAD C:\Users\TobiZ\Eclipse Luna SR1 121\Workspace\rodos\Debug_STM32F4\librodos.a
LOAD C:\Users\TobiZ\Eclipse Luna SR1 121\Workspace\support_libs\Debug_STM32F4\libsupport.a
LOAD c:/users/tobiz/eclipse luna sr1 121/gnu tools arm embedded/4.8 2014q3/bin/../lib/gcc/arm-none-eabi/4.8.4/../../../../arm-none-eabi/lib/armv7e-m/softfp\libm.a
                0x20020000                _estack = 0x20020000
                0x00001000                _Min_Heap_Size = 0x1000
                0x00000400                _Min_Stack_Size = 0x400

.isr_vector     0x08000000      0x18c
                0x08000000                . = ALIGN (0x4)
                0x08000000                _image_address = .
 *(.isr_vector)
 .isr_vector    0x08000000      0x18c C:\Users\TobiZ\Eclipse Luna SR1 121\Workspace\rodos\Debug_STM32F4\librodos.a(startup_stm32f4xx.o)
                0x08000000                g_pfnVectors
                0x0800018c                . = ALIGN (0x4)

.text           0x08000190     0xc6d0
                0x08000190                . = ALIGN (0x4)
 *(.text)
 .text          0x08000190      0x370 c:/users/tobiz/eclipse luna sr1 121/gnu tools arm embedded/4.8 2014q3/bin/../lib/gcc/arm-none-eabi/4.8.4/armv7e-m/softfp\libgcc.a(_arm_addsubdf3.o)
                0x08000190                __aeabi_drsub
                0x08000198                __aeabi_dsub
                0x08000198                __subdf3
                0x0800019c                __aeabi_dadd
                0x0800019c                __adddf3
                0x08000414                __floatunsidf
                0x08000414                __aeabi_ui2d
                0x08000434                __floatsidf
                0x08000434                __aeabi_i2d
                0x08000458                __aeabi_f2d
                0x08000458                __extendsfdf2
                0x08000494                __floatundidf
                0x08000494                __aeabi_ul2d
                0x080004a4                __floatdidf
                0x080004a4                __aeabi_l2d
 .text          0x08000500      0x424 c:/users/tobiz/eclipse luna sr1 121/gnu tools arm embedded/4.8 2014q3/bin/../lib/gcc/arm-none-eabi/4.8.4/armv7e-m/softfp\libgcc.a(_arm_muldivdf3.o)
                0x08000500                __aeabi_dmul
                0x08000500                __muldf3
                0x08000754                __divdf3
                0x08000754                __aeabi_ddiv
 .text          0x08000924      0x110 c:/users/tobiz/eclipse luna sr1 121/gnu tools arm embedded/4.8 2014q3/bin/../lib/gcc/arm-none-eabi/4.8.4/armv7e-m/softfp\libgcc.a(_arm_cmpdf2.o)
                0x08000924                __gtdf2
                0x08000924                __gedf2
                0x0800092c                __ltdf2
                0x0800092c                __ledf2
                0x08000934                __nedf2
                0x08000934                __eqdf2
                0x08000934                __cmpdf2
                0x080009b0                __aeabi_cdrcmple
                0x080009c0                __aeabi_cdcmpeq
                0x080009c0                __aeabi_cdcmple
                0x080009d0                __aeabi_dcmpeq
                0x080009e4                __aeabi_dcmplt
                0x080009f8                __aeabi_dcmple
                0x08000a0c                __aeabi_dcmpge
                0x08000a20                __aeabi_dcmpgt
 .text          0x08000a34       0x40 c:/users/tobiz/eclipse luna sr1 121/gnu tools arm embedded/4.8 2014q3/bin/../lib/gcc/arm-none-eabi/4.8.4/armv7e-m/softfp\libgcc.a(_arm_fixunsdfsi.o)
                0x08000a34                __aeabi_d2uiz
                0x08000a34                __fixunsdfsi
 .text          0x08000a74       0x38 c:/users/tobiz/eclipse luna sr1 121/gnu tools arm embedded/4.8 2014q3/bin/../lib/gcc/arm-none-eabi/4.8.4/armv7e-m/softfp\libgcc.a(_aeabi_ldivmod.o)
                0x08000a74                __aeabi_ldivmod
 .text          0x08000aac       0x2c c:/users/tobiz/eclipse luna sr1 121/gnu tools arm embedded/4.8 2014q3/bin/../lib/gcc/arm-none-eabi/4.8.4/armv7e-m/softfp\libgcc.a(_aeabi_uldivmod.o)
                0x08000aac                __aeabi_uldivmod
 .text          0x08000ad8       0x30 c:/users/tobiz/eclipse luna sr1 121/gnu tools arm embedded/4.8 2014q3/bin/../lib/gcc/arm-none-eabi/4.8.4/armv7e-m/softfp\libgcc.a(_fixdfdi.o)
                0x08000ad8                __fixdfdi
                0x08000ad8                __aeabi_d2lz
 .text          0x08000b08       0x44 c:/users/tobiz/eclipse luna sr1 121/gnu tools arm embedded/4.8 2014q3/bin/../lib/gcc/arm-none-eabi/4.8.4/armv7e-m/softfp\libgcc.a(_fixunsdfdi.o)
                0x08000b08                __fixunsdfdi
                0x08000b08                __aeabi_d2ulz
 .text          0x08000b4c       0x60 c:/users/tobiz/eclipse luna sr1 121/gnu tools arm embedded/4.8 2014q3/bin/../lib/gcc/arm-none-eabi/4.8.4/armv7e-m/softfp\libgcc.a(bpabi.o)
                0x08000b4c                __gnu_ldivmod_helper
                0x08000b7c                __gnu_uldivmod_helper
 .text          0x08000bac        0x4 c:/users/tobiz/eclipse luna sr1 121/gnu tools arm embedded/4.8 2014q3/bin/../lib/gcc/arm-none-eabi/4.8.4/armv7e-m/softfp\libgcc.a(_dvmd_tls.o)
                0x08000bac                __aeabi_idiv0
                0x08000bac                __aeabi_ldiv0
 .text          0x08000bb0      0x298 c:/users/tobiz/eclipse luna sr1 121/gnu tools arm embedded/4.8 2014q3/bin/../lib/gcc/arm-none-eabi/4.8.4/armv7e-m/softfp\libgcc.a(_divdi3.o)
                0x08000bb0                __divdi3
 .text          0x08000e48      0x284 c:/users/tobiz/eclipse luna sr1 121/gnu tools arm embedded/4.8 2014q3/bin/../lib/gcc/arm-none-eabi/4.8.4/armv7e-m/softfp\libgcc.a(_udivdi3.o)
                0x08000e48                __udivdi3
 *(.text*)
 .text._ZN7OneWire4initEv
                0x080010cc       0x3c ./onewire/onewire.o
                0x080010cc                OneWire::init()
 .text._ZN7OneWire5resetEv
                0x08001108       0x98 ./onewire/onewire.o
                0x08001108                OneWire::reset()
 .text._ZN7OneWire7readBitEv
                0x080011a0       0x98 ./onewire/onewire.o
                0x080011a0                OneWire::readBit()
 .text._ZN7OneWire8writeBitEh
                0x08001238       0xa8 ./onewire/onewire.o
                0x08001238                OneWire::writeBit(unsigned char)
 .text._ZN7OneWire8readByteEv
                0x080012e0       0x48 ./onewire/onewire.o
                0x080012e0                OneWire::readByte()
 .text._ZN7OneWire9writeByteEh
                0x08001328       0x40 ./onewire/onewire.o
                0x08001328                OneWire::writeByte(unsigned char)
 .text._ZN7OneWire4readEPvi
                0x08001368       0x38 ./onewire/onewire.o
                0x08001368                OneWire::read(void*, int)
 .text._ZN7OneWire4crc8EPKvi
                0x080013a0       0x80 ./onewire/onewire.o
                0x080013a0                OneWire::crc8(void const*, int)
 .text._ZN7OneWire7skipROMEv
                0x08001420       0x18 ./onewire/onewire.o
                0x08001420                OneWire::skipROM()
 .text._ZN7OneWire8convertTEv
                0x08001438       0x18 ./onewire/onewire.o
                0x08001438                OneWire::convertT()
 .text._ZN7OneWire14readScratchpadEPv
                0x08001450       0x24 ./onewire/onewire.o
                0x08001450                OneWire::readScratchpad(void*)
 .text._ZN7OneWire15writeScratchpadEhhh
                0x08001474       0x3c ./onewire/onewire.o
                0x08001474                OneWire::writeScratchpad(unsigned char, unsigned char, unsigned char)
 .text._ZN9SdSpiCardC2Ev
                0x080014b0       0x28 ./fatfs/diskio.o
                0x080014b0                SdSpiCard::SdSpiCard()
                0x080014b0                SdSpiCard::SdSpiCard()
 .text._Z41__static_initialization_and_destruction_0ii
                0x080014d8       0x2c ./fatfs/diskio.o
 .text._GLOBAL__sub_I_sd
                0x08001504       0x10 ./fatfs/diskio.o
 .text._ZN5RODOS9Initiator4initEv
                0x08001514       0x14 ./actuatorhandler.o
                0x08001514                RODOS::Initiator::init()
 .text._ZN5RODOS9InitiatorC2EPKc
                0x08001528       0x34 ./actuatorhandler.o
                0x08001528                RODOS::Initiator::Initiator(char const*)
                0x08001528                RODOS::Initiator::Initiator(char const*)
 .text._ZN5RODOS9InitiatorD2Ev
                0x0800155c       0x34 ./actuatorhandler.o
                0x0800155c                RODOS::Initiator::~Initiator()
                0x0800155c                RODOS::Initiator::~Initiator()
 .text._ZN5RODOS9InitiatorD0Ev
                0x08001590       0x20 ./actuatorhandler.o
                0x08001590                RODOS::Initiator::~Initiator()
 .text._ZN15ActuatorHandlerC2Ev
                0x080015b0       0x2c ./actuatorhandler.o
                0x080015b0                ActuatorHandler::ActuatorHandler()
                0x080015b0                ActuatorHandler::ActuatorHandler()
 .text._ZN15ActuatorHandler4initEv
                0x080015dc       0x40 ./actuatorhandler.o
                0x080015dc                ActuatorHandler::init()
 .text._ZN15ActuatorHandler9setValve1Eb
                0x0800161c       0x20 ./actuatorhandler.o
                0x0800161c                ActuatorHandler::setValve1(bool)
 .text._ZN15ActuatorHandler9setValve2Eb
                0x0800163c       0x20 ./actuatorhandler.o
                0x0800163c                ActuatorHandler::setValve2(bool)
 .text._ZN15ActuatorHandler9setCutoffEb
                0x0800165c       0x20 ./actuatorhandler.o
                0x0800165c                ActuatorHandler::setCutoff(bool)
 .text._ZN15ActuatorHandlerD2Ev
                0x0800167c       0x30 ./actuatorhandler.o
                0x0800167c                ActuatorHandler::~ActuatorHandler()
                0x0800167c                ActuatorHandler::~ActuatorHandler()
 .text._ZN15ActuatorHandlerD0Ev
                0x080016ac       0x20 ./actuatorhandler.o
                0x080016ac                ActuatorHandler::~ActuatorHandler()
 .text._Z41__static_initialization_and_destruction_0ii
                0x080016cc       0x60 ./actuatorhandler.o
 .text._GLOBAL__sub_I_valve1
                0x0800172c       0x10 ./actuatorhandler.o
 .text._ZN7OneWireC2EPN5RODOS8HAL_UARTE
                0x0800173c       0x20 ./comminterfaces.o
                0x0800173c                OneWire::OneWire(RODOS::HAL_UART*)
                0x0800173c                OneWire::OneWire(RODOS::HAL_UART*)
 .text._ZN14CommInterfacesC2Ev
                0x0800175c       0x2c ./comminterfaces.o
                0x0800175c                CommInterfaces::CommInterfaces()
                0x0800175c                CommInterfaces::CommInterfaces()
 .text._ZN14CommInterfaces4initEv
                0x08001788       0x54 ./comminterfaces.o
                0x08001788                CommInterfaces::init()
 .text._ZN14CommInterfacesD2Ev
                0x080017dc       0x30 ./comminterfaces.o
                0x080017dc                CommInterfaces::~CommInterfaces()
                0x080017dc                CommInterfaces::~CommInterfaces()
 .text._ZN14CommInterfacesD0Ev
                0x0800180c       0x20 ./comminterfaces.o
                0x0800180c                CommInterfaces::~CommInterfaces()
 .text._Z41__static_initialization_and_destruction_0ii
                0x0800182c       0x9c ./comminterfaces.o
 .text._GLOBAL__sub_I_spi_bus
                0x080018c8       0x10 ./comminterfaces.o
 .text._ZN11ControlLoopC2Ev
                0x080018d8       0x30 ./controlloop.o
                0x080018d8                ControlLoop::ControlLoop()
                0x080018d8                ControlLoop::ControlLoop()
 .text._ZN11ControlLoop4initEv
                0x08001908       0x14 ./controlloop.o
                0x08001908                ControlLoop::init()
 *fill*         0x0800191c        0x4 
 .text._ZN11ControlLoop3runEv
                0x08001920       0xa8 ./controlloop.o
                0x08001920                ControlLoop::run()
 .text._ZN5RODOS5TopicI4ModeE7publishERS1_b
                0x080019c8       0x28 ./controlloop.o
                0x080019c8                RODOS::Topic<Mode>::publish(Mode&, bool)
 .text._ZN5RODOS5TopicIbE7publishERbb
                0x080019f0       0x28 ./controlloop.o
                0x080019f0                RODOS::Topic<bool>::publish(bool&, bool)
 .text._ZN5RODOS10CommBufferI4ModeE3getERS1_
                0x08001a18       0x40 ./controlloop.o
                0x08001a18                RODOS::CommBuffer<Mode>::get(Mode&)
 .text._ZN11ControlLoopD2Ev
                0x08001a58       0x30 ./controlloop.o
                0x08001a58                ControlLoop::~ControlLoop()
                0x08001a58                ControlLoop::~ControlLoop()
 .text._ZN11ControlLoopD0Ev
                0x08001a88       0x20 ./controlloop.o
                0x08001a88                ControlLoop::~ControlLoop()
 .text._Z41__static_initialization_and_destruction_0ii
                0x08001aa8       0x3c ./controlloop.o
 .text._GLOBAL__sub_I_controlLoop
                0x08001ae4       0x10 ./controlloop.o
 .text._ZN5RODOS6Thread4initEv
                0x08001af4       0x14 ./healthwatchdog.o
                0x08001af4                RODOS::Thread::init()
 .text._ZN14HealthWatchdogC2Ev
                0x08001b08       0x70 ./healthwatchdog.o
                0x08001b08                HealthWatchdog::HealthWatchdog()
                0x08001b08                HealthWatchdog::HealthWatchdog()
 .text._ZN14HealthWatchdog3runEv
                0x08001b78       0xe0 ./healthwatchdog.o
                0x08001b78                HealthWatchdog::run()
 .text._ZN5RODOS5TopicItE12publishConstEtb
                0x08001c58       0x34 ./healthwatchdog.o
                0x08001c58                RODOS::Topic<unsigned short>::publishConst(unsigned short, bool)
 .text._ZN5RODOS5TopicI6StatusE7publishERS1_b
                0x08001c8c       0x28 ./healthwatchdog.o
                0x08001c8c                RODOS::Topic<Status>::publish(Status&, bool)
 .text._ZN14HealthWatchdogD2Ev
                0x08001cb4       0x30 ./healthwatchdog.o
                0x08001cb4                HealthWatchdog::~HealthWatchdog()
                0x08001cb4                HealthWatchdog::~HealthWatchdog()
 .text._ZN14HealthWatchdogD0Ev
                0x08001ce4       0x20 ./healthwatchdog.o
                0x08001ce4                HealthWatchdog::~HealthWatchdog()
 .text._Z41__static_initialization_and_destruction_0ii
                0x08001d04       0x3c ./healthwatchdog.o
 .text._GLOBAL__sub_I_healthWatchdog
                0x08001d40       0x10 ./healthwatchdog.o
 .text._ZN6Murmur6rotl32Ema
                0x08001d50       0x28 ./murmur.o
                0x08001d50                Murmur::rotl32(unsigned long, signed char)
 .text._ZN6Murmur6fmix32Em
                0x08001d78       0x50 ./murmur.o
                0x08001d78                Murmur::fmix32(unsigned long)
 .text._ZN6Murmur10mm_hash_32EPKhim
                0x08001dc8      0x120 ./murmur.o
                0x08001dc8                Murmur::mm_hash_32(unsigned char const*, int, unsigned long)
 .text._ZN18SensorHousekeepingC2Ev
                0x08001ee8       0x30 ./sensorhousekeeping.o
                0x08001ee8                SensorHousekeeping::SensorHousekeeping()
                0x08001ee8                SensorHousekeeping::SensorHousekeeping()
 .text._ZN18SensorHousekeeping3runEv
                0x08001f18      0x1c0 ./sensorhousekeeping.o
                0x08001f18                SensorHousekeeping::run()
 .text._ZN18SensorHousekeepingD2Ev
                0x080020d8       0x30 ./sensorhousekeeping.o
                0x080020d8                SensorHousekeeping::~SensorHousekeeping()
                0x080020d8                SensorHousekeeping::~SensorHousekeeping()
 .text._ZN18SensorHousekeepingD0Ev
                0x08002108       0x20 ./sensorhousekeeping.o
                0x08002108                SensorHousekeeping::~SensorHousekeeping()
 .text._Z41__static_initialization_and_destruction_0ii
                0x08002128       0x3c ./sensorhousekeeping.o
 .text._GLOBAL__sub_I_sensorHousekeeping
                0x08002164       0x10 ./sensorhousekeeping.o
 .text._ZN9SPIHelperC2Ev
                0x08002174       0x30 ./spihelper.o
                0x08002174                SPIHelper::SPIHelper()
                0x08002174                SPIHelper::SPIHelper()
 .text._ZN9SPIHelper4initEv
                0x080021a4       0x44 ./spihelper.o
                0x080021a4                SPIHelper::init()
 .text._ZN9SPIHelperD2Ev
                0x080021e8       0x30 ./spihelper.o
                0x080021e8                SPIHelper::~SPIHelper()
                0x080021e8                SPIHelper::~SPIHelper()
 .text._ZN9SPIHelperD0Ev
                0x08002218       0x20 ./spihelper.o
                0x08002218                SPIHelper::~SPIHelper()
 .text._Z41__static_initialization_and_destruction_0ii
                0x08002238       0x6c ./spihelper.o
 .text._GLOBAL__sub_I_spiHelper
                0x080022a4       0x10 ./spihelper.o
 .text._ZN9TelemetryC2Ev
                0x080022b4       0x30 ./telemetry.o
                0x080022b4                Telemetry::Telemetry()
                0x080022b4                Telemetry::Telemetry()
 *fill*         0x080022e4        0x4 
 .text._ZN9Telemetry3runEv
                0x080022e8       0xb8 ./telemetry.o
                0x080022e8                Telemetry::run()
 .text._ZN9Telemetry9encodeIMUEPc
                0x080023a0       0x88 ./telemetry.o
                0x080023a0                Telemetry::encodeIMU(char*)
 .text._ZN9Telemetry14encodePresTempEPc
                0x08002428       0x88 ./telemetry.o
                0x08002428                Telemetry::encodePresTemp(char*)
 .text._ZN9Telemetry10encodeCalcEPc
                0x080024b0       0xec ./telemetry.o
                0x080024b0                Telemetry::encodeCalc(char*)
 .text._ZN9Telemetry16generateChecksumEPci
                0x0800259c       0x24 ./telemetry.o
                0x0800259c                Telemetry::generateChecksum(char*, int)
 .text._ZN5RODOS10CommBufferI7IMUdataE3getERS1_
                0x080025c0       0x6c ./telemetry.o
                0x080025c0                RODOS::CommBuffer<IMUdata>::get(IMUdata&)
 .text._ZN5RODOS10CommBufferI6HkDataE3getERS1_
                0x0800262c       0x58 ./telemetry.o
                0x0800262c                RODOS::CommBuffer<HkData>::get(HkData&)
 .text._ZN5RODOS10CommBufferI7CmdDataE3getERS1_
                0x08002684       0x48 ./telemetry.o
                0x08002684                RODOS::CommBuffer<CmdData>::get(CmdData&)
 .text._ZN5RODOS10CommBufferIbE3getERb
                0x080026cc       0x40 ./telemetry.o
                0x080026cc                RODOS::CommBuffer<bool>::get(bool&)
 .text._ZN9TelemetryD2Ev
                0x0800270c       0x30 ./telemetry.o
                0x0800270c                Telemetry::~Telemetry()
                0x0800270c                Telemetry::~Telemetry()
 .text._ZN9TelemetryD0Ev
                0x0800273c       0x20 ./telemetry.o
                0x0800273c                Telemetry::~Telemetry()
 .text._Z41__static_initialization_and_destruction_0ii
                0x0800275c       0x3c ./telemetry.o
 .text._GLOBAL__sub_I_telemetry
                0x08002798       0x10 ./telemetry.o
 .text._ZN5RODOS14TopicInterfaceD2Ev
                0x080027a8       0x3c ./topics.o
                0x080027a8                RODOS::TopicInterface::~TopicInterface()
                0x080027a8                RODOS::TopicInterface::~TopicInterface()
 .text._ZN5RODOS14TopicInterfaceD0Ev
                0x080027e4       0x20 ./topics.o
                0x080027e4                RODOS::TopicInterface::~TopicInterface()
 .text._ZN5RODOS10SubscriberD2Ev
                0x08002804       0x3c ./topics.o
                0x08002804                RODOS::Subscriber::~Subscriber()
                0x08002804                RODOS::Subscriber::~Subscriber()
 .text._ZN5RODOS10SubscriberD0Ev
                0x08002840       0x20 ./topics.o
                0x08002840                RODOS::Subscriber::~Subscriber()
 .text._ZN5RODOS6PutterD2Ev
                0x08002860       0x28 ./topics.o
                0x08002860                RODOS::Putter::~Putter()
                0x08002860                RODOS::Putter::~Putter()
 .text._ZN5RODOS6PutterD0Ev
                0x08002888       0x20 ./topics.o
                0x08002888                RODOS::Putter::~Putter()
 .text._ZN5RODOS6Putter10putGenericEljPKvRKNS_10NetMsgInfoE
                0x080028a8       0x24 ./topics.o
                0x080028a8                RODOS::Putter::putGeneric(long, unsigned int, void const*, RODOS::NetMsgInfo const&)
 .text._ZN5RODOS5TopicI7IMUdataEC2ElPKc
                0x080028cc       0x30 ./topics.o
                0x080028cc                RODOS::Topic<IMUdata>::Topic(long, char const*)
                0x080028cc                RODOS::Topic<IMUdata>::Topic(long, char const*)
 .text._ZN5RODOS6PutterC2Ev
                0x080028fc       0x20 ./topics.o
                0x080028fc                RODOS::Putter::Putter()
                0x080028fc                RODOS::Putter::Putter()
 .text._ZN5RODOS10CommBufferI7IMUdataEC2Ev
                0x0800291c       0x68 ./topics.o
                0x0800291c                RODOS::CommBuffer<IMUdata>::CommBuffer()
                0x0800291c                RODOS::CommBuffer<IMUdata>::CommBuffer()
 .text._ZN5RODOS5TopicI6HkDataEC2ElPKc
                0x08002984       0x30 ./topics.o
                0x08002984                RODOS::Topic<HkData>::Topic(long, char const*)
                0x08002984                RODOS::Topic<HkData>::Topic(long, char const*)
 .text._ZN5RODOS10CommBufferI6HkDataEC2Ev
                0x080029b4       0x64 ./topics.o
                0x080029b4                RODOS::CommBuffer<HkData>::CommBuffer()
                0x080029b4                RODOS::CommBuffer<HkData>::CommBuffer()
 .text._ZN5RODOS5TopicI7CmdDataEC2ElPKc
                0x08002a18       0x30 ./topics.o
                0x08002a18                RODOS::Topic<CmdData>::Topic(long, char const*)
                0x08002a18                RODOS::Topic<CmdData>::Topic(long, char const*)
 .text._ZN5RODOS10CommBufferI7CmdDataEC2Ev
                0x08002a48       0x64 ./topics.o
                0x08002a48                RODOS::CommBuffer<CmdData>::CommBuffer()
                0x08002a48                RODOS::CommBuffer<CmdData>::CommBuffer()
 .text._ZN5RODOS5TopicI6StatusEC2ElPKc
                0x08002aac       0x30 ./topics.o
                0x08002aac                RODOS::Topic<Status>::Topic(long, char const*)
                0x08002aac                RODOS::Topic<Status>::Topic(long, char const*)
 .text._ZN5RODOS10CommBufferI6StatusEC2Ev
                0x08002adc       0x64 ./topics.o
                0x08002adc                RODOS::CommBuffer<Status>::CommBuffer()
                0x08002adc                RODOS::CommBuffer<Status>::CommBuffer()
 .text._ZN5RODOS5TopicI6TcDataEC2ElPKc
                0x08002b40       0x30 ./topics.o
                0x08002b40                RODOS::Topic<TcData>::Topic(long, char const*)
                0x08002b40                RODOS::Topic<TcData>::Topic(long, char const*)
 .text._ZN5RODOS10CommBufferI6TcDataEC2Ev
                0x08002b70       0x64 ./topics.o
                0x08002b70                RODOS::CommBuffer<TcData>::CommBuffer()
                0x08002b70                RODOS::CommBuffer<TcData>::CommBuffer()
 .text._ZN5RODOS5TopicI4ModeEC2ElPKc
                0x08002bd4       0x30 ./topics.o
                0x08002bd4                RODOS::Topic<Mode>::Topic(long, char const*)
                0x08002bd4                RODOS::Topic<Mode>::Topic(long, char const*)
 .text._ZN5RODOS10CommBufferI4ModeEC2Ev
                0x08002c04       0x5c ./topics.o
                0x08002c04                RODOS::CommBuffer<Mode>::CommBuffer()
                0x08002c04                RODOS::CommBuffer<Mode>::CommBuffer()
 .text._ZN5RODOS5TopicIbEC2ElPKc
                0x08002c60       0x30 ./topics.o
                0x08002c60                RODOS::Topic<bool>::Topic(long, char const*)
                0x08002c60                RODOS::Topic<bool>::Topic(long, char const*)
 .text._ZN5RODOS10CommBufferIbEC2Ev
                0x08002c90       0x5c ./topics.o
                0x08002c90                RODOS::CommBuffer<bool>::CommBuffer()
                0x08002c90                RODOS::CommBuffer<bool>::CommBuffer()
 .text._ZN5RODOS5TopicItEC2ElPKc
                0x08002cec       0x30 ./topics.o
                0x08002cec                RODOS::Topic<unsigned short>::Topic(long, char const*)
                0x08002cec                RODOS::Topic<unsigned short>::Topic(long, char const*)
 .text._ZN5RODOS10CommBufferItEC2Ev
                0x08002d1c       0x60 ./topics.o
                0x08002d1c                RODOS::CommBuffer<unsigned short>::CommBuffer()
                0x08002d1c                RODOS::CommBuffer<unsigned short>::CommBuffer()
 .text._ZN5RODOS10CommBufferItED2Ev
                0x08002d7c       0x30 ./topics.o
                0x08002d7c                RODOS::CommBuffer<unsigned short>::~CommBuffer()
                0x08002d7c                RODOS::CommBuffer<unsigned short>::~CommBuffer()
 .text._ZN5RODOS10CommBufferItED0Ev
                0x08002dac       0x20 ./topics.o
                0x08002dac                RODOS::CommBuffer<unsigned short>::~CommBuffer()
 .text._ZN5RODOS10CommBufferIbED2Ev
                0x08002dcc       0x30 ./topics.o
                0x08002dcc                RODOS::CommBuffer<bool>::~CommBuffer()
                0x08002dcc                RODOS::CommBuffer<bool>::~CommBuffer()
 .text._ZN5RODOS10CommBufferIbED0Ev
                0x08002dfc       0x20 ./topics.o
                0x08002dfc                RODOS::CommBuffer<bool>::~CommBuffer()
 .text._ZN5RODOS10CommBufferI4ModeED2Ev
                0x08002e1c       0x30 ./topics.o
                0x08002e1c                RODOS::CommBuffer<Mode>::~CommBuffer()
                0x08002e1c                RODOS::CommBuffer<Mode>::~CommBuffer()
 .text._ZN5RODOS10CommBufferI4ModeED0Ev
                0x08002e4c       0x20 ./topics.o
                0x08002e4c                RODOS::CommBuffer<Mode>::~CommBuffer()
 .text._ZN5RODOS10CommBufferI6TcDataED2Ev
                0x08002e6c       0x30 ./topics.o
                0x08002e6c                RODOS::CommBuffer<TcData>::~CommBuffer()
                0x08002e6c                RODOS::CommBuffer<TcData>::~CommBuffer()
 .text._ZN5RODOS10CommBufferI6TcDataED0Ev
                0x08002e9c       0x20 ./topics.o
                0x08002e9c                RODOS::CommBuffer<TcData>::~CommBuffer()
 .text._ZN5RODOS10CommBufferI6StatusED2Ev
                0x08002ebc       0x30 ./topics.o
                0x08002ebc                RODOS::CommBuffer<Status>::~CommBuffer()
                0x08002ebc                RODOS::CommBuffer<Status>::~CommBuffer()
 .text._ZN5RODOS10CommBufferI6StatusED0Ev
                0x08002eec       0x20 ./topics.o
                0x08002eec                RODOS::CommBuffer<Status>::~CommBuffer()
 .text._ZN5RODOS10CommBufferI7CmdDataED2Ev
                0x08002f0c       0x30 ./topics.o
                0x08002f0c                RODOS::CommBuffer<CmdData>::~CommBuffer()
                0x08002f0c                RODOS::CommBuffer<CmdData>::~CommBuffer()
 .text._ZN5RODOS10CommBufferI7CmdDataED0Ev
                0x08002f3c       0x20 ./topics.o
                0x08002f3c                RODOS::CommBuffer<CmdData>::~CommBuffer()
 .text._ZN5RODOS10CommBufferI6HkDataED2Ev
                0x08002f5c       0x30 ./topics.o
                0x08002f5c                RODOS::CommBuffer<HkData>::~CommBuffer()
                0x08002f5c                RODOS::CommBuffer<HkData>::~CommBuffer()
 .text._ZN5RODOS10CommBufferI6HkDataED0Ev
                0x08002f8c       0x20 ./topics.o
                0x08002f8c                RODOS::CommBuffer<HkData>::~CommBuffer()
 .text._ZN5RODOS10CommBufferI7IMUdataED2Ev
                0x08002fac       0x30 ./topics.o
                0x08002fac                RODOS::CommBuffer<IMUdata>::~CommBuffer()
                0x08002fac                RODOS::CommBuffer<IMUdata>::~CommBuffer()
 .text._ZN5RODOS10CommBufferI7IMUdataED0Ev
                0x08002fdc       0x20 ./topics.o
                0x08002fdc                RODOS::CommBuffer<IMUdata>::~CommBuffer()
 .text._Z41__static_initialization_and_destruction_0ii
                0x08002ffc      0x2f0 ./topics.o
 .text._ZN5RODOS10CommBufferItE10putGenericEljPKvRKNS_10NetMsgInfoE
                0x080032ec       0x34 ./topics.o
                0x080032ec                RODOS::CommBuffer<unsigned short>::putGeneric(long, unsigned int, void const*, RODOS::NetMsgInfo const&)
 .text._ZN5RODOS5TopicItED2Ev
                0x08003320       0x3c ./topics.o
                0x08003320                RODOS::Topic<unsigned short>::~Topic()
                0x08003320                RODOS::Topic<unsigned short>::~Topic()
 .text._ZN5RODOS5TopicItED0Ev
                0x0800335c       0x20 ./topics.o
                0x0800335c                RODOS::Topic<unsigned short>::~Topic()
 .text._ZN5RODOS10CommBufferIbE10putGenericEljPKvRKNS_10NetMsgInfoE
                0x0800337c       0x34 ./topics.o
                0x0800337c                RODOS::CommBuffer<bool>::putGeneric(long, unsigned int, void const*, RODOS::NetMsgInfo const&)
 .text._ZN5RODOS5TopicIbED2Ev
                0x080033b0       0x3c ./topics.o
                0x080033b0                RODOS::Topic<bool>::~Topic()
                0x080033b0                RODOS::Topic<bool>::~Topic()
 .text._ZN5RODOS5TopicIbED0Ev
                0x080033ec       0x20 ./topics.o
                0x080033ec                RODOS::Topic<bool>::~Topic()
 .text._ZN5RODOS10CommBufferI4ModeE10putGenericEljPKvRKNS_10NetMsgInfoE
                0x0800340c       0x34 ./topics.o
                0x0800340c                RODOS::CommBuffer<Mode>::putGeneric(long, unsigned int, void const*, RODOS::NetMsgInfo const&)
 .text._ZN5RODOS5TopicI4ModeED2Ev
                0x08003440       0x3c ./topics.o
                0x08003440                RODOS::Topic<Mode>::~Topic()
                0x08003440                RODOS::Topic<Mode>::~Topic()
 .text._ZN5RODOS5TopicI4ModeED0Ev
                0x0800347c       0x20 ./topics.o
                0x0800347c                RODOS::Topic<Mode>::~Topic()
 .text._ZN5RODOS10CommBufferI6TcDataE10putGenericEljPKvRKNS_10NetMsgInfoE
                0x0800349c       0x34 ./topics.o
                0x0800349c                RODOS::CommBuffer<TcData>::putGeneric(long, unsigned int, void const*, RODOS::NetMsgInfo const&)
 .text._ZN5RODOS5TopicI6TcDataED2Ev
                0x080034d0       0x3c ./topics.o
                0x080034d0                RODOS::Topic<TcData>::~Topic()
                0x080034d0                RODOS::Topic<TcData>::~Topic()
 .text._ZN5RODOS5TopicI6TcDataED0Ev
                0x0800350c       0x20 ./topics.o
                0x0800350c                RODOS::Topic<TcData>::~Topic()
 .text._ZN5RODOS10CommBufferI6StatusE10putGenericEljPKvRKNS_10NetMsgInfoE
                0x0800352c       0x34 ./topics.o
                0x0800352c                RODOS::CommBuffer<Status>::putGeneric(long, unsigned int, void const*, RODOS::NetMsgInfo const&)
 .text._ZN5RODOS5TopicI6StatusED2Ev
                0x08003560       0x3c ./topics.o
                0x08003560                RODOS::Topic<Status>::~Topic()
                0x08003560                RODOS::Topic<Status>::~Topic()
 .text._ZN5RODOS5TopicI6StatusED0Ev
                0x0800359c       0x20 ./topics.o
                0x0800359c                RODOS::Topic<Status>::~Topic()
 .text._ZN5RODOS10CommBufferI7CmdDataE10putGenericEljPKvRKNS_10NetMsgInfoE
                0x080035bc       0x34 ./topics.o
                0x080035bc                RODOS::CommBuffer<CmdData>::putGeneric(long, unsigned int, void const*, RODOS::NetMsgInfo const&)
 .text._ZN5RODOS5TopicI7CmdDataED2Ev
                0x080035f0       0x3c ./topics.o
                0x080035f0                RODOS::Topic<CmdData>::~Topic()
                0x080035f0                RODOS::Topic<CmdData>::~Topic()
 .text._ZN5RODOS5TopicI7CmdDataED0Ev
                0x0800362c       0x20 ./topics.o
                0x0800362c                RODOS::Topic<CmdData>::~Topic()
 .text._ZN5RODOS10CommBufferI6HkDataE10putGenericEljPKvRKNS_10NetMsgInfoE
                0x0800364c       0x34 ./topics.o
                0x0800364c                RODOS::CommBuffer<HkData>::putGeneric(long, unsigned int, void const*, RODOS::NetMsgInfo const&)
 .text._ZN5RODOS5TopicI6HkDataED2Ev
                0x08003680       0x3c ./topics.o
                0x08003680                RODOS::Topic<HkData>::~Topic()
                0x08003680                RODOS::Topic<HkData>::~Topic()
 .text._ZN5RODOS5TopicI6HkDataED0Ev
                0x080036bc       0x20 ./topics.o
                0x080036bc                RODOS::Topic<HkData>::~Topic()
 .text._ZN5RODOS10CommBufferI7IMUdataE10putGenericEljPKvRKNS_10NetMsgInfoE
                0x080036dc       0x34 ./topics.o
                0x080036dc                RODOS::CommBuffer<IMUdata>::putGeneric(long, unsigned int, void const*, RODOS::NetMsgInfo const&)
 .text._ZN5RODOS5TopicI7IMUdataED2Ev
                0x08003710       0x3c ./topics.o
                0x08003710                RODOS::Topic<IMUdata>::~Topic()
                0x08003710                RODOS::Topic<IMUdata>::~Topic()
 .text._ZN5RODOS5TopicI7IMUdataED0Ev
                0x0800374c       0x20 ./topics.o
                0x0800374c                RODOS::Topic<IMUdata>::~Topic()
 .text._ZN5RODOS10CommBufferItE3putERt
                0x0800376c       0x64 ./topics.o
                0x0800376c                RODOS::CommBuffer<unsigned short>::put(unsigned short&)
 .text._ZN5RODOS10CommBufferIbE3putERb
                0x080037d0       0x64 ./topics.o
                0x080037d0                RODOS::CommBuffer<bool>::put(bool&)
 .text._ZN5RODOS10CommBufferI4ModeE3putERS1_
                0x08003834       0x64 ./topics.o
                0x08003834                RODOS::CommBuffer<Mode>::put(Mode&)
 .text._ZN5RODOS10CommBufferI6TcDataE3putERS1_
                0x08003898       0x68 ./topics.o
                0x08003898                RODOS::CommBuffer<TcData>::put(TcData&)
 .text._ZN5RODOS10CommBufferI6StatusE3putERS1_
                0x08003900       0x6c ./topics.o
                0x08003900                RODOS::CommBuffer<Status>::put(Status&)
 .text._ZN5RODOS10CommBufferI7CmdDataE3putERS1_
                0x0800396c       0x68 ./topics.o
                0x0800396c                RODOS::CommBuffer<CmdData>::put(CmdData&)
 .text._ZN5RODOS10CommBufferI6HkDataE3putERS1_
                0x080039d4       0x78 ./topics.o
                0x080039d4                RODOS::CommBuffer<HkData>::put(HkData&)
 .text._ZN5RODOS10CommBufferI7IMUdataE3putERS1_
                0x08003a4c       0x9c ./topics.o
                0x08003a4c                RODOS::CommBuffer<IMUdata>::put(IMUdata&)
 .text._GLOBAL__sub_I_IMUTopic
                0x08003ae8       0x10 ./topics.o
 .text._ZN5RODOS7YprintfD2Ev
                0x08003af8       0x28 C:\Users\TobiZ\Eclipse Luna SR1 121\Workspace\rodos\Debug_STM32F4\librodos.a(debug.o)
                0x08003af8                RODOS::Yprintf::~Yprintf()
                0x08003af8                RODOS::Yprintf::~Yprintf()
 .text._ZN5RODOS7YprintfD0Ev
                0x08003b20       0x20 C:\Users\TobiZ\Eclipse Luna SR1 121\Workspace\rodos\Debug_STM32F4\librodos.a(debug.o)
                0x08003b20                RODOS::Yprintf::~Yprintf()
 .text._ZN5RODOS7Yprintf5yputcEc
                0x08003b40       0x1c C:\Users\TobiZ\Eclipse Luna SR1 121\Workspace\rodos\Debug_STM32F4\librodos.a(debug.o)
                0x08003b40                RODOS::Yprintf::yputc(char)
 .text._ZN5RODOS7YprintfC2Ev
                0x08003b5c       0x20 C:\Users\TobiZ\Eclipse Luna SR1 121\Workspace\rodos\Debug_STM32F4\librodos.a(debug.o)
                0x08003b5c                RODOS::Yprintf::Yprintf()
                0x08003b5c                RODOS::Yprintf::Yprintf()
 .text._ZN5RODOS6PRINTFEPKcz
                0x08003b7c       0x8c C:\Users\TobiZ\Eclipse Luna SR1 121\Workspace\rodos\Debug_STM32F4\librodos.a(debug.o)
                0x08003b7c                RODOS::PRINTF(char const*, ...)
 .text._ZN5RODOS5ERROREPKc
                0x08003c08       0x34 C:\Users\TobiZ\Eclipse Luna SR1 121\Workspace\rodos\Debug_STM32F4\librodos.a(debug.o)
                0x08003c08                RODOS::ERROR(char const*)
 .text._Z41__static_initialization_and_destruction_0ii
                0x08003c3c       0x2c C:\Users\TobiZ\Eclipse Luna SR1 121\Workspace\rodos\Debug_STM32F4\librodos.a(debug.o)
 .text._GLOBAL__sub_I__ZN5RODOS12errorCounterE
                0x08003c68       0x10 C:\Users\TobiZ\Eclipse Luna SR1 121\Workspace\rodos\Debug_STM32F4\librodos.a(debug.o)
 .text._ZN5RODOS18GenericIOInterface4initEz
                0x08003c78       0x14 C:\Users\TobiZ\Eclipse Luna SR1 121\Workspace\rodos\Debug_STM32F4\librodos.a(genericIO.o)
                0x08003c78                RODOS::GenericIOInterface::init(...)
 .text._ZN5RODOS18GenericIOInterface5resetEv
                0x08003c8c       0x14 C:\Users\TobiZ\Eclipse Luna SR1 121\Workspace\rodos\Debug_STM32F4\librodos.a(genericIO.o)
                0x08003c8c                RODOS::GenericIOInterface::reset()
 .text._ZN5RODOS18GenericIOInterface6configEz
                0x08003ca0       0x14 C:\Users\TobiZ\Eclipse Luna SR1 121\Workspace\rodos\Debug_STM32F4\librodos.a(genericIO.o)
                0x08003ca0                RODOS::GenericIOInterface::config(...)
 .text._ZN5RODOS18GenericIOInterface6statusEz
                0x08003cb4       0x14 C:\Users\TobiZ\Eclipse Luna SR1 121\Workspace\rodos\Debug_STM32F4\librodos.a(genericIO.o)
                0x08003cb4                RODOS::GenericIOInterface::status(...)
 .text._ZN5RODOS18GenericIOInterface14isReadFinishedEv
                0x08003cc8       0x18 C:\Users\TobiZ\Eclipse Luna SR1 121\Workspace\rodos\Debug_STM32F4\librodos.a(genericIO.o)
                0x08003cc8                RODOS::GenericIOInterface::isReadFinished()
 .text._ZN5RODOS18GenericIOInterface11isDataReadyEv
                0x08003ce0       0x18 C:\Users\TobiZ\Eclipse Luna SR1 121\Workspace\rodos\Debug_STM32F4\librodos.a(genericIO.o)
                0x08003ce0                RODOS::GenericIOInterface::isDataReady()
 .text._ZN5RODOS18GenericIOInterface5writeEz
                0x08003cf8       0x14 C:\Users\TobiZ\Eclipse Luna SR1 121\Workspace\rodos\Debug_STM32F4\librodos.a(genericIO.o)
                0x08003cf8                RODOS::GenericIOInterface::write(...)
 .text._ZN5RODOS18GenericIOInterface4readEz
                0x08003d0c       0x14 C:\Users\TobiZ\Eclipse Luna SR1 121\Workspace\rodos\Debug_STM32F4\librodos.a(genericIO.o)
                0x08003d0c                RODOS::GenericIOInterface::read(...)
 .text._ZN5RODOS18GenericIOInterface9writeReadEz
                0x08003d20       0x14 C:\Users\TobiZ\Eclipse Luna SR1 121\Workspace\rodos\Debug_STM32F4\librodos.a(genericIO.o)
                0x08003d20                RODOS::GenericIOInterface::writeRead(...)
 .text._ZN5RODOS18GenericIOInterfaceC2Ev
                0x08003d34       0x38 C:\Users\TobiZ\Eclipse Luna SR1 121\Workspace\rodos\Debug_STM32F4\librodos.a(genericIO.o)
                0x08003d34                RODOS::GenericIOInterface::GenericIOInterface()
                0x08003d34                RODOS::GenericIOInterface::GenericIOInterface()
 .text._ZN5RODOS18GenericIOInterface25suspendUntilWriteFinishedEx
                0x08003d6c       0x4c C:\Users\TobiZ\Eclipse Luna SR1 121\Workspace\rodos\Debug_STM32F4\librodos.a(genericIO.o)
                0x08003d6c                RODOS::GenericIOInterface::suspendUntilWriteFinished(long long)
 .text._ZN5RODOS18GenericIOInterface19upCallWriteFinishedEv
                0x08003db8       0x40 C:\Users\TobiZ\Eclipse Luna SR1 121\Workspace\rodos\Debug_STM32F4\librodos.a(genericIO.o)
                0x08003db8                RODOS::GenericIOInterface::upCallWriteFinished()
 .text._ZN5RODOS18GenericIOInterface18upCallReadFinishedEv
                0x08003df8       0x40 C:\Users\TobiZ\Eclipse Luna SR1 121\Workspace\rodos\Debug_STM32F4\librodos.a(genericIO.o)
                0x08003df8                RODOS::GenericIOInterface::upCallReadFinished()
 .text._ZN5RODOS18GenericIOInterface15upCallDataReadyEv
                0x08003e38       0x40 C:\Users\TobiZ\Eclipse Luna SR1 121\Workspace\rodos\Debug_STM32F4\librodos.a(genericIO.o)
                0x08003e38                RODOS::GenericIOInterface::upCallDataReady()
 .text._ZN5RODOS11ListElementC2ERPS0_PKcPv
                0x08003e78       0x40 C:\Users\TobiZ\Eclipse Luna SR1 121\Workspace\rodos\Debug_STM32F4\librodos.a(listelement.o)
                0x08003e78                RODOS::ListElement::ListElement(RODOS::ListElement*&, char const*, void*)
                0x08003e78                RODOS::ListElement::ListElement(RODOS::ListElement*&, char const*, void*)
 .text._ZN5RODOS11ListElement6appendERPS0_
                0x08003eb8       0x50 C:\Users\TobiZ\Eclipse Luna SR1 121\Workspace\rodos\Debug_STM32F4\librodos.a(listelement.o)
                0x08003eb8                RODOS::ListElement::append(RODOS::ListElement*&)
 .text._ZN5RODOS11ListElementD2Ev
                0x08003f08       0x1c C:\Users\TobiZ\Eclipse Luna SR1 121\Workspace\rodos\Debug_STM32F4\librodos.a(listelement.o)
                0x08003f08                RODOS::ListElement::~ListElement()
                0x08003f08                RODOS::ListElement::~ListElement()
 .text._ZNK5RODOS11ListElement7getNextEv
                0x08003f24       0x18 C:\Users\TobiZ\Eclipse Luna SR1 121\Workspace\rodos\Debug_STM32F4\librodos.a(main.o)
                0x08003f24                RODOS::ListElement::getNext() const
 .text._ZNK5RODOS11ListElement7getNameEv
                0x08003f3c       0x18 C:\Users\TobiZ\Eclipse Luna SR1 121\Workspace\rodos\Debug_STM32F4\librodos.a(main.o)
                0x08003f3c                RODOS::ListElement::getName() const
 .text._ZN5RODOS10initSystemEv
                0x08003f54      0x208 C:\Users\TobiZ\Eclipse Luna SR1 121\Workspace\rodos\Debug_STM32F4\librodos.a(main.o)
                0x08003f54                RODOS::initSystem()
 .text.main     0x0800415c       0xcc C:\Users\TobiZ\Eclipse Luna SR1 121\Workspace\rodos\Debug_STM32F4\librodos.a(main.o)
                0x0800415c                main
 .text._Z4MAINv
                0x08004228       0x10 C:\Users\TobiZ\Eclipse Luna SR1 121\Workspace\rodos\Debug_STM32F4\librodos.a(main_usermain.o)
                0x08004228                MAIN()
 .text.strlen   0x08004238       0x3c C:\Users\TobiZ\Eclipse Luna SR1 121\Workspace\rodos\Debug_STM32F4\librodos.a(string_pico.o)
                0x08004238                strlen
 .text.memcpy   0x08004274       0x54 C:\Users\TobiZ\Eclipse Luna SR1 121\Workspace\rodos\Debug_STM32F4\librodos.a(string_pico.o)
                0x08004274                memcpy
 .text._ZdlPv   0x080042c8       0x14 C:\Users\TobiZ\Eclipse Luna SR1 121\Workspace\rodos\Debug_STM32F4\librodos.a(string_pico.o)
                0x080042c8                operator delete(void*)
 .text._ZN5RODOS10SubscriberC2ERNS_14TopicInterfaceERNS_6PutterEPKcb
                0x080042dc       0x64 C:\Users\TobiZ\Eclipse Luna SR1 121\Workspace\rodos\Debug_STM32F4\librodos.a(subscriber.o)
                0x080042dc                RODOS::Subscriber::Subscriber(RODOS::TopicInterface&, RODOS::Putter&, char const*, bool)
                0x080042dc                RODOS::Subscriber::Subscriber(RODOS::TopicInterface&, RODOS::Putter&, char const*, bool)
 .text._ZN5RODOS10Subscriber3putEllPKvl
                0x08004340       0x20 C:\Users\TobiZ\Eclipse Luna SR1 121\Workspace\rodos\Debug_STM32F4\librodos.a(subscriber.o)
                0x08004340                RODOS::Subscriber::put(long, long, void const*, long)
 .text._ZN5RODOS10Subscriber3putEllPKvRKNS_10NetMsgInfoE
                0x08004360       0xac C:\Users\TobiZ\Eclipse Luna SR1 121\Workspace\rodos\Debug_STM32F4\librodos.a(subscriber.o)
                0x08004360                RODOS::Subscriber::put(long, long, void const*, RODOS::NetMsgInfo const&)
 .text._ZN5RODOS10Subscriber16putFromInterruptElPKvi
                0x0800440c       0x3c C:\Users\TobiZ\Eclipse Luna SR1 121\Workspace\rodos\Debug_STM32F4\librodos.a(subscriber.o)
                0x0800440c                RODOS::Subscriber::putFromInterrupt(long, void const*, int)
 .text._ZN5RODOS6Thread15setPeriodicBeatExx
                0x08004448       0x2c C:\Users\TobiZ\Eclipse Luna SR1 121\Workspace\rodos\Debug_STM32F4\librodos.a(thread.o)
                0x08004448                RODOS::Thread::setPeriodicBeat(long long, long long)
 .text._ZN5RODOS6Thread20suspendUntilNextBeatEv
                0x08004474       0x64 C:\Users\TobiZ\Eclipse Luna SR1 121\Workspace\rodos\Debug_STM32F4\librodos.a(thread.o)
                0x08004474                RODOS::Thread::suspendUntilNextBeat()
 .text._ZN5RODOS6Thread20setPrioCurrentRunnerEl
                0x080044d8       0x28 C:\Users\TobiZ\Eclipse Luna SR1 121\Workspace\rodos\Debug_STM32F4\librodos.a(thread.o)
                0x080044d8                RODOS::Thread::setPrioCurrentRunner(long)
 .text._ZN5RODOS9TimeEvent9propagateEx
                0x08004500       0xdc C:\Users\TobiZ\Eclipse Luna SR1 121\Workspace\rodos\Debug_STM32F4\librodos.a(timeevent.o)
                0x08004500                RODOS::TimeEvent::propagate(long long)
 .text._ZN5RODOS9TimeEvent15initAllElementsEv
                0x080045dc       0x60 C:\Users\TobiZ\Eclipse Luna SR1 121\Workspace\rodos\Debug_STM32F4\librodos.a(timeevent.o)
                0x080045dc                RODOS::TimeEvent::initAllElements()
 .text._ZN5RODOS9TimeModelC2Ev
                0x0800463c       0x48 C:\Users\TobiZ\Eclipse Luna SR1 121\Workspace\rodos\Debug_STM32F4\librodos.a(timemodel.o)
                0x0800463c                RODOS::TimeModel::TimeModel()
                0x0800463c                RODOS::TimeModel::TimeModel()
 .text._ZN5RODOS9TimeModel14getNanosecondsEv
                0x08004684       0x14 C:\Users\TobiZ\Eclipse Luna SR1 121\Workspace\rodos\Debug_STM32F4\librodos.a(timemodel.o)
                0x08004684                RODOS::TimeModel::getNanoseconds()
 .text._ZN5RODOS9TimeModel15computeNextBeatExxx
                0x08004698       0x88 C:\Users\TobiZ\Eclipse Luna SR1 121\Workspace\rodos\Debug_STM32F4\librodos.a(timemodel.o)
                0x08004698                RODOS::TimeModel::computeNextBeat(long long, long long, long long)
 .text._Z41__static_initialization_and_destruction_0ii
                0x08004720       0x2c C:\Users\TobiZ\Eclipse Luna SR1 121\Workspace\rodos\Debug_STM32F4\librodos.a(timemodel.o)
 .text._GLOBAL__sub_I__ZN5RODOS7sysTimeE
                0x0800474c       0x10 C:\Users\TobiZ\Eclipse Luna SR1 121\Workspace\rodos\Debug_STM32F4\librodos.a(timemodel.o)
 .text._ZN5RODOS14TopicInterfaceC2EllPKc
                0x0800475c       0xe0 C:\Users\TobiZ\Eclipse Luna SR1 121\Workspace\rodos\Debug_STM32F4\librodos.a(topic.o)
                0x0800475c                RODOS::TopicInterface::TopicInterface(long, long, char const*)
                0x0800475c                RODOS::TopicInterface::TopicInterface(long, long, char const*)
 .text._ZN5RODOS14TopicInterface7publishEPvbPNS_10NetMsgInfoE
                0x0800483c       0x30 C:\Users\TobiZ\Eclipse Luna SR1 121\Workspace\rodos\Debug_STM32F4\librodos.a(topic.o)
                0x0800483c                RODOS::TopicInterface::publish(void*, bool, RODOS::NetMsgInfo*)
 .text._ZN5RODOS14TopicInterface14publishMsgPartEPvjbPNS_10NetMsgInfoE
                0x0800486c      0x13c C:\Users\TobiZ\Eclipse Luna SR1 121\Workspace\rodos\Debug_STM32F4\librodos.a(topic.o)
                0x0800486c                RODOS::TopicInterface::publishMsgPart(void*, unsigned int, bool, RODOS::NetMsgInfo*)
 .text._ZN5RODOS5TopicINS_13GenericMsgRefEED2Ev
                0x080049a8       0x3c C:\Users\TobiZ\Eclipse Luna SR1 121\Workspace\rodos\Debug_STM32F4\librodos.a(topic.o)
                0x080049a8                RODOS::Topic<RODOS::GenericMsgRef>::~Topic()
                0x080049a8                RODOS::Topic<RODOS::GenericMsgRef>::~Topic()
 .text._ZN5RODOS5TopicINS_13GenericMsgRefEED0Ev
                0x080049e4       0x20 C:\Users\TobiZ\Eclipse Luna SR1 121\Workspace\rodos\Debug_STM32F4\librodos.a(topic.o)
                0x080049e4                RODOS::Topic<RODOS::GenericMsgRef>::~Topic()
 .text._ZN5RODOS5TopicINS_13GenericMsgRefEEC2ElPKc
                0x08004a04       0x30 C:\Users\TobiZ\Eclipse Luna SR1 121\Workspace\rodos\Debug_STM32F4\librodos.a(topic.o)
                0x08004a04                RODOS::Topic<RODOS::GenericMsgRef>::Topic(long, char const*)
                0x08004a04                RODOS::Topic<RODOS::GenericMsgRef>::Topic(long, char const*)
 .text._ZN5RODOS5TopicINS_14NetworkMessageEEC2ElPKc
                0x08004a34       0x30 C:\Users\TobiZ\Eclipse Luna SR1 121\Workspace\rodos\Debug_STM32F4\librodos.a(topic.o)
                0x08004a34                RODOS::Topic<RODOS::NetworkMessage>::Topic(long, char const*)
                0x08004a34                RODOS::Topic<RODOS::NetworkMessage>::Topic(long, char const*)
 .text._ZN5RODOS5TopicIPvEC2ElPKc
                0x08004a64       0x30 C:\Users\TobiZ\Eclipse Luna SR1 121\Workspace\rodos\Debug_STM32F4\librodos.a(topic.o)
                0x08004a64                RODOS::Topic<void*>::Topic(long, char const*)
                0x08004a64                RODOS::Topic<void*>::Topic(long, char const*)
 .text._Z41__static_initialization_and_destruction_0ii
                0x08004a94      0x104 C:\Users\TobiZ\Eclipse Luna SR1 121\Workspace\rodos\Debug_STM32F4\librodos.a(topic.o)
 .text._ZN5RODOS5TopicIPvED2Ev
                0x08004b98       0x3c C:\Users\TobiZ\Eclipse Luna SR1 121\Workspace\rodos\Debug_STM32F4\librodos.a(topic.o)
                0x08004b98                RODOS::Topic<void*>::~Topic()
                0x08004b98                RODOS::Topic<void*>::~Topic()
 .text._ZN5RODOS5TopicIPvED0Ev
                0x08004bd4       0x20 C:\Users\TobiZ\Eclipse Luna SR1 121\Workspace\rodos\Debug_STM32F4\librodos.a(topic.o)
                0x08004bd4                RODOS::Topic<void*>::~Topic()
 .text._ZN5RODOS5TopicINS_14NetworkMessageEED2Ev
                0x08004bf4       0x3c C:\Users\TobiZ\Eclipse Luna SR1 121\Workspace\rodos\Debug_STM32F4\librodos.a(topic.o)
                0x08004bf4                RODOS::Topic<RODOS::NetworkMessage>::~Topic()
                0x08004bf4                RODOS::Topic<RODOS::NetworkMessage>::~Topic()
 .text._ZN5RODOS5TopicINS_14NetworkMessageEED0Ev
                0x08004c30       0x20 C:\Users\TobiZ\Eclipse Luna SR1 121\Workspace\rodos\Debug_STM32F4\librodos.a(topic.o)
                0x08004c30                RODOS::Topic<RODOS::NetworkMessage>::~Topic()
 .text._GLOBAL__sub_I__ZN5RODOS14TopicInterfaceC2EllPKc
                0x08004c50       0x10 C:\Users\TobiZ\Eclipse Luna SR1 121\Workspace\rodos\Debug_STM32F4\librodos.a(topic.o)
 .text._ZN5RODOS7Yprintf8vaprintfEPKc
                0x08004c60      0x4e4 C:\Users\TobiZ\Eclipse Luna SR1 121\Workspace\rodos\Debug_STM32F4\librodos.a(yprintf.o)
                0x08004c60                RODOS::Yprintf::vaprintf(char const*)
 .text._ZN5RODOS7xprintfEPKcz
                0x08005144       0x40 C:\Users\TobiZ\Eclipse Luna SR1 121\Workspace\rodos\Debug_STM32F4\librodos.a(yprintf.o)
                0x08005144                RODOS::xprintf(char const*, ...)
 .text.call_constructors
                0x08005184       0x40 C:\Users\TobiZ\Eclipse Luna SR1 121\Workspace\rodos\Debug_STM32F4\librodos.a(call_constructors.o)
                0x08005184                call_constructors
 .text.__cxa_atexit
                0x080051c4       0x1c C:\Users\TobiZ\Eclipse Luna SR1 121\Workspace\rodos\Debug_STM32F4\librodos.a(call_constructors.o)
                0x080051c4                __cxa_atexit
 .text.__cxa_pure_virtual
                0x080051e0        0x8 C:\Users\TobiZ\Eclipse Luna SR1 121\Workspace\rodos\Debug_STM32F4\librodos.a(call_constructors.o)
                0x080051e0                __cxa_pure_virtual
 .text.Reset_Handler
                0x080051e8       0x6c C:\Users\TobiZ\Eclipse Luna SR1 121\Workspace\rodos\Debug_STM32F4\librodos.a(startup_stm32f4xx.o)
                0x080051e8                Reset_Handler
 .text.Default_Handler
                0x08005254        0x8 C:\Users\TobiZ\Eclipse Luna SR1 121\Workspace\rodos\Debug_STM32F4\librodos.a(startup_stm32f4xx.o)
                0x08005254                RTC_Alarm_IRQHandler
                0x08005254                HASH_RNG_IRQHandler
                0x08005254                TIM8_CC_IRQHandler
                0x08005254                DebugMon_Handler
                0x08005254                TIM1_CC_IRQHandler
                0x08005254                PVD_IRQHandler
                0x08005254                SDIO_IRQHandler
                0x08005254                TAMP_STAMP_IRQHandler
                0x08005254                CAN2_RX1_IRQHandler
                0x08005254                TIM8_TRG_COM_TIM14_IRQHandler
                0x08005254                TIM1_UP_TIM10_IRQHandler
                0x08005254                TIM8_UP_TIM13_IRQHandler
                0x08005254                I2C3_ER_IRQHandler
                0x08005254                I2C2_EV_IRQHandler
                0x08005254                DMA1_Stream2_IRQHandler
                0x08005254                CAN1_RX0_IRQHandler
                0x08005254                FPU_IRQHandler
                0x08005254                OTG_HS_WKUP_IRQHandler
                0x08005254                CAN2_SCE_IRQHandler
                0x08005254                DMA2_Stream2_IRQHandler
                0x08005254                SPI1_IRQHandler
                0x08005254                TIM6_DAC_IRQHandler
                0x08005254                TIM1_BRK_TIM9_IRQHandler
                0x08005254                DCMI_IRQHandler
                0x08005254                CAN2_RX0_IRQHandler
                0x08005254                DMA2_Stream3_IRQHandler
                0x08005254                CRYP_IRQHandler
                0x08005254                CAN1_RX1_IRQHandler
                0x08005254                DMA2_Stream0_IRQHandler
                0x08005254                TIM4_IRQHandler
                0x08005254                I2C1_EV_IRQHandler
                0x08005254                TIM3_IRQHandler
                0x08005254                RCC_IRQHandler
                0x08005254                TIM8_BRK_TIM12_IRQHandler
                0x08005254                Default_Handler
                0x08005254                ADC_IRQHandler
                0x08005254                DMA1_Stream7_IRQHandler
                0x08005254                TIM7_IRQHandler
                0x08005254                CAN2_TX_IRQHandler
                0x08005254                I2C3_EV_IRQHandler
                0x08005254                RTC_WKUP_IRQHandler
                0x08005254                ETH_WKUP_IRQHandler
                0x08005254                SPI2_IRQHandler
                0x08005254                OTG_HS_EP1_IN_IRQHandler
                0x08005254                DMA1_Stream0_IRQHandler
                0x08005254                CAN1_TX_IRQHandler
                0x08005254                FSMC_IRQHandler
                0x08005254                ETH_IRQHandler
                0x08005254                OTG_HS_EP1_OUT_IRQHandler
                0x08005254                WWDG_IRQHandler
                0x08005254                TIM2_IRQHandler
                0x08005254                OTG_FS_WKUP_IRQHandler
                0x08005254                OTG_HS_IRQHandler
                0x08005254                I2C2_ER_IRQHandler
                0x08005254                DMA2_Stream1_IRQHandler
                0x08005254                CAN1_SCE_IRQHandler
                0x08005254                FLASH_IRQHandler
                0x08005254                DMA2_Stream4_IRQHandler
                0x08005254                OTG_FS_IRQHandler
                0x08005254                SPI3_IRQHandler
                0x08005254                DMA1_Stream4_IRQHandler
                0x08005254                I2C1_ER_IRQHandler
                0x08005254                DMA2_Stream6_IRQHandler
 .text._ZnwjPv  0x0800525c       0x18 C:\Users\TobiZ\Eclipse Luna SR1 121\Workspace\rodos\Debug_STM32F4\librodos.a(hal_gpio.o)
                0x0800525c                operator new(unsigned int, void*)
 .text._ZN5RODOS8HAL_GPIO15isWriteFinishedEv
                0x08005274       0x18 C:\Users\TobiZ\Eclipse Luna SR1 121\Workspace\rodos\Debug_STM32F4\librodos.a(hal_gpio.o)
                0x08005274                RODOS::HAL_GPIO::isWriteFinished()
 .text._ZN5RODOS8HAL_GPIO14isReadFinishedEv
                0x0800528c       0x18 C:\Users\TobiZ\Eclipse Luna SR1 121\Workspace\rodos\Debug_STM32F4\librodos.a(hal_gpio.o)
                0x0800528c                RODOS::HAL_GPIO::isReadFinished()
 .text.NVIC_EnableIRQ
                0x080052a4       0x30 C:\Users\TobiZ\Eclipse Luna SR1 121\Workspace\rodos\Debug_STM32F4\librodos.a(hal_gpio.o)
 .text.NVIC_ClearPendingIRQ
                0x080052d4       0x34 C:\Users\TobiZ\Eclipse Luna SR1 121\Workspace\rodos\Debug_STM32F4\librodos.a(hal_gpio.o)
 .text._ZN5RODOS17initEXTInterruptsEv
                0x08005308       0x54 C:\Users\TobiZ\Eclipse Luna SR1 121\Workspace\rodos\Debug_STM32F4\librodos.a(hal_gpio.o)
                0x08005308                RODOS::initEXTInterrupts()
 .text._ZN5RODOS11HW_HAL_GPIOC2ENS_8GPIO_PINEhb
                0x0800535c       0x6c C:\Users\TobiZ\Eclipse Luna SR1 121\Workspace\rodos\Debug_STM32F4\librodos.a(hal_gpio.o)
                0x0800535c                RODOS::HW_HAL_GPIO::HW_HAL_GPIO(RODOS::GPIO_PIN, unsigned char, bool)
                0x0800535c                RODOS::HW_HAL_GPIO::HW_HAL_GPIO(RODOS::GPIO_PIN, unsigned char, bool)
 .text._ZN5RODOS11HW_HAL_GPIO10setPinMaskEv
                0x080053c8       0x74 C:\Users\TobiZ\Eclipse Luna SR1 121\Workspace\rodos\Debug_STM32F4\librodos.a(hal_gpio.o)
                0x080053c8                RODOS::HW_HAL_GPIO::setPinMask()
 .text._ZN5RODOS11HW_HAL_GPIO13EXTIRQHandlerEv
                0x0800543c       0x54 C:\Users\TobiZ\Eclipse Luna SR1 121\Workspace\rodos\Debug_STM32F4\librodos.a(hal_gpio.o)
                0x0800543c                RODOS::HW_HAL_GPIO::EXTIRQHandler()
 .text._ZN5RODOS11HW_HAL_GPIO17getGPIO_PinSourceEm
                0x08005490       0x38 C:\Users\TobiZ\Eclipse Luna SR1 121\Workspace\rodos\Debug_STM32F4\librodos.a(hal_gpio.o)
                0x08005490                RODOS::HW_HAL_GPIO::getGPIO_PinSource(unsigned long)
 .text._ZN5RODOS11HW_HAL_GPIO23getRCC_APB1Periph_GPIOxEP12GPIO_TypeDef
                0x080054c8       0xd4 C:\Users\TobiZ\Eclipse Luna SR1 121\Workspace\rodos\Debug_STM32F4\librodos.a(hal_gpio.o)
                0x080054c8                RODOS::HW_HAL_GPIO::getRCC_APB1Periph_GPIOx(GPIO_TypeDef*)
 .text._ZN5RODOS11HW_HAL_GPIO12getSTM32PortENS_8GPIO_PINE
                0x0800559c       0xa8 C:\Users\TobiZ\Eclipse Luna SR1 121\Workspace\rodos\Debug_STM32F4\librodos.a(hal_gpio.o)
                0x0800559c                RODOS::HW_HAL_GPIO::getSTM32Port(RODOS::GPIO_PIN)
 .text._ZN5RODOS11HW_HAL_GPIO11getSTM32PinENS_8GPIO_PINE
                0x08005644       0x24 C:\Users\TobiZ\Eclipse Luna SR1 121\Workspace\rodos\Debug_STM32F4\librodos.a(hal_gpio.o)
                0x08005644                RODOS::HW_HAL_GPIO::getSTM32Pin(RODOS::GPIO_PIN)
 .text._ZN5RODOS11HW_HAL_GPIO14configureAFPinENS_8GPIO_PINEh
                0x08005668       0xa0 C:\Users\TobiZ\Eclipse Luna SR1 121\Workspace\rodos\Debug_STM32F4\librodos.a(hal_gpio.o)
                0x08005668                RODOS::HW_HAL_GPIO::configureAFPin(RODOS::GPIO_PIN, unsigned char)
 .text._ZN5RODOS11HW_HAL_GPIO8resetPinENS_8GPIO_PINE
                0x08005708       0x60 C:\Users\TobiZ\Eclipse Luna SR1 121\Workspace\rodos\Debug_STM32F4\librodos.a(hal_gpio.o)
                0x08005708                RODOS::HW_HAL_GPIO::resetPin(RODOS::GPIO_PIN)
 .text._ZN5RODOS8HAL_GPIOC2ENS_8GPIO_PINE
                0x08005768       0x68 C:\Users\TobiZ\Eclipse Luna SR1 121\Workspace\rodos\Debug_STM32F4\librodos.a(hal_gpio.o)
                0x08005768                RODOS::HAL_GPIO::HAL_GPIO(RODOS::GPIO_PIN)
                0x08005768                RODOS::HAL_GPIO::HAL_GPIO(RODOS::GPIO_PIN)
 .text._ZN5RODOS8HAL_GPIO4initEbmm
                0x080057d0       0x90 C:\Users\TobiZ\Eclipse Luna SR1 121\Workspace\rodos\Debug_STM32F4\librodos.a(hal_gpio.o)
                0x080057d0                RODOS::HAL_GPIO::init(bool, unsigned long, unsigned long)
 .text._ZN5RODOS8HAL_GPIO6configENS_13GPIO_CFG_TYPEEm
                0x08005860      0x158 C:\Users\TobiZ\Eclipse Luna SR1 121\Workspace\rodos\Debug_STM32F4\librodos.a(hal_gpio.o)
                0x08005860                RODOS::HAL_GPIO::config(RODOS::GPIO_CFG_TYPE, unsigned long)
 .text._ZN5RODOS8HAL_GPIO5resetEv
                0x080059b8       0x24 C:\Users\TobiZ\Eclipse Luna SR1 121\Workspace\rodos\Debug_STM32F4\librodos.a(hal_gpio.o)
                0x080059b8                RODOS::HAL_GPIO::reset()
 .text._ZN5RODOS8HAL_GPIO7setPinsEm
                0x080059dc       0x98 C:\Users\TobiZ\Eclipse Luna SR1 121\Workspace\rodos\Debug_STM32F4\librodos.a(hal_gpio.o)
                0x080059dc                RODOS::HAL_GPIO::setPins(unsigned long)
 .text._ZN5RODOS8HAL_GPIO11isDataReadyEv
                0x08005a74       0x1c C:\Users\TobiZ\Eclipse Luna SR1 121\Workspace\rodos\Debug_STM32F4\librodos.a(hal_gpio.o)
                0x08005a74                RODOS::HAL_GPIO::isDataReady()
 .text._ZN5RODOS8HAL_GPIO15interruptEnableEb
                0x08005a90      0x178 C:\Users\TobiZ\Eclipse Luna SR1 121\Workspace\rodos\Debug_STM32F4\librodos.a(hal_gpio.o)
                0x08005a90                RODOS::HAL_GPIO::interruptEnable(bool)
 .text.EXTI0_IRQHandler
                0x08005c08       0x24 C:\Users\TobiZ\Eclipse Luna SR1 121\Workspace\rodos\Debug_STM32F4\librodos.a(hal_gpio.o)
                0x08005c08                EXTI0_IRQHandler
 .text.EXTI1_IRQHandler
                0x08005c2c       0x24 C:\Users\TobiZ\Eclipse Luna SR1 121\Workspace\rodos\Debug_STM32F4\librodos.a(hal_gpio.o)
                0x08005c2c                EXTI1_IRQHandler
 .text.EXTI2_IRQHandler
                0x08005c50       0x24 C:\Users\TobiZ\Eclipse Luna SR1 121\Workspace\rodos\Debug_STM32F4\librodos.a(hal_gpio.o)
                0x08005c50                EXTI2_IRQHandler
 .text.EXTI3_IRQHandler
                0x08005c74       0x24 C:\Users\TobiZ\Eclipse Luna SR1 121\Workspace\rodos\Debug_STM32F4\librodos.a(hal_gpio.o)
                0x08005c74                EXTI3_IRQHandler
 .text.EXTI4_IRQHandler
                0x08005c98       0x24 C:\Users\TobiZ\Eclipse Luna SR1 121\Workspace\rodos\Debug_STM32F4\librodos.a(hal_gpio.o)
                0x08005c98                EXTI4_IRQHandler
 .text.EXTI9_5_IRQHandler
                0x08005cbc       0x5c C:\Users\TobiZ\Eclipse Luna SR1 121\Workspace\rodos\Debug_STM32F4\librodos.a(hal_gpio.o)
                0x08005cbc                EXTI9_5_IRQHandler
 .text.EXTI15_10_IRQHandler
                0x08005d18       0x5c C:\Users\TobiZ\Eclipse Luna SR1 121\Workspace\rodos\Debug_STM32F4\librodos.a(hal_gpio.o)
                0x08005d18                EXTI15_10_IRQHandler
 .text._ZN5RODOS10HW_HAL_I2CC2ENS_7I2C_IDXE
                0x08005d74       0x20 C:\Users\TobiZ\Eclipse Luna SR1 121\Workspace\rodos\Debug_STM32F4\librodos.a(hal_i2c.o)
                0x08005d74                RODOS::HW_HAL_I2C::HW_HAL_I2C(RODOS::I2C_IDX)
                0x08005d74                RODOS::HW_HAL_I2C::HW_HAL_I2C(RODOS::I2C_IDX)
 .text._ZN5RODOS10HW_HAL_I2CC2Ev
                0x08005d94       0x18 C:\Users\TobiZ\Eclipse Luna SR1 121\Workspace\rodos\Debug_STM32F4\librodos.a(hal_i2c.o)
                0x08005d94                RODOS::HW_HAL_I2C::HW_HAL_I2C()
                0x08005d94                RODOS::HW_HAL_I2C::HW_HAL_I2C()
 .text._ZN5RODOS7HAL_I2CC2ENS_7I2C_IDXENS_8GPIO_PINES2_
                0x08005dac       0x8c C:\Users\TobiZ\Eclipse Luna SR1 121\Workspace\rodos\Debug_STM32F4\librodos.a(hal_i2c.o)
                0x08005dac                RODOS::HAL_I2C::HAL_I2C(RODOS::I2C_IDX, RODOS::GPIO_PIN, RODOS::GPIO_PIN)
                0x08005dac                RODOS::HAL_I2C::HAL_I2C(RODOS::I2C_IDX, RODOS::GPIO_PIN, RODOS::GPIO_PIN)
 .text._ZN5RODOS7HAL_I2C4initEm
                0x08005e38      0x118 C:\Users\TobiZ\Eclipse Luna SR1 121\Workspace\rodos\Debug_STM32F4\librodos.a(hal_i2c.o)
                0x08005e38                RODOS::HAL_I2C::init(unsigned long)
 .text._ZN5RODOS7HAL_I2C5resetEv
                0x08005f50      0x158 C:\Users\TobiZ\Eclipse Luna SR1 121\Workspace\rodos\Debug_STM32F4\librodos.a(hal_i2c.o)
                0x08005f50                RODOS::HAL_I2C::reset()
 .text._ZN5RODOS7HAL_I2C15isWriteFinishedEv
                0x080060a8       0x18 C:\Users\TobiZ\Eclipse Luna SR1 121\Workspace\rodos\Debug_STM32F4\librodos.a(hal_i2c.o)
                0x080060a8                RODOS::HAL_I2C::isWriteFinished()
 .text._ZN5RODOS7HAL_I2C14isReadFinishedEv
                0x080060c0       0x18 C:\Users\TobiZ\Eclipse Luna SR1 121\Workspace\rodos\Debug_STM32F4\librodos.a(hal_i2c.o)
                0x080060c0                RODOS::HAL_I2C::isReadFinished()
 .text._ZN5RODOS10HW_HAL_I2C11initMembersEPNS_7HAL_I2CENS_7I2C_IDXENS_8GPIO_PINES4_
                0x080060d8      0x10c C:\Users\TobiZ\Eclipse Luna SR1 121\Workspace\rodos\Debug_STM32F4\librodos.a(hal_i2c.o)
                0x080060d8                RODOS::HW_HAL_I2C::initMembers(RODOS::HAL_I2C*, RODOS::I2C_IDX, RODOS::GPIO_PIN, RODOS::GPIO_PIN)
 .text._Z41__static_initialization_and_destruction_0ii
                0x080061e4       0x3c C:\Users\TobiZ\Eclipse Luna SR1 121\Workspace\rodos\Debug_STM32F4\librodos.a(hal_i2c.o)
 .text._GLOBAL__sub_I__ZN5RODOS16I2C_contextArrayE
                0x08006220       0x10 C:\Users\TobiZ\Eclipse Luna SR1 121\Workspace\rodos\Debug_STM32F4\librodos.a(hal_i2c.o)
 .text._ZN5RODOS10HW_HAL_SPIC2Ev
                0x08006230       0x18 C:\Users\TobiZ\Eclipse Luna SR1 121\Workspace\rodos\Debug_STM32F4\librodos.a(hal_spi.o)
                0x08006230                RODOS::HW_HAL_SPI::HW_HAL_SPI()
                0x08006230                RODOS::HW_HAL_SPI::HW_HAL_SPI()
 .text._ZN5RODOS10HW_HAL_SPIC2ENS_7SPI_IDXENS_8GPIO_PINES2_S2_
                0x08006248       0x4c C:\Users\TobiZ\Eclipse Luna SR1 121\Workspace\rodos\Debug_STM32F4\librodos.a(hal_spi.o)
                0x08006248                RODOS::HW_HAL_SPI::HW_HAL_SPI(RODOS::SPI_IDX, RODOS::GPIO_PIN, RODOS::GPIO_PIN, RODOS::GPIO_PIN)
                0x08006248                RODOS::HW_HAL_SPI::HW_HAL_SPI(RODOS::SPI_IDX, RODOS::GPIO_PIN, RODOS::GPIO_PIN, RODOS::GPIO_PIN)
 .text._ZN5RODOS10HW_HAL_SPI11initMembersENS_7SPI_IDXENS_8GPIO_PINES2_S2_
                0x08006294      0x1b4 C:\Users\TobiZ\Eclipse Luna SR1 121\Workspace\rodos\Debug_STM32F4\librodos.a(hal_spi.o)
                0x08006294                RODOS::HW_HAL_SPI::initMembers(RODOS::SPI_IDX, RODOS::GPIO_PIN, RODOS::GPIO_PIN, RODOS::GPIO_PIN)
 .text._ZN5RODOS10HW_HAL_SPI11setBaudrateEm
                0x08006448      0x108 C:\Users\TobiZ\Eclipse Luna SR1 121\Workspace\rodos\Debug_STM32F4\librodos.a(hal_spi.o)
                0x08006448                RODOS::HW_HAL_SPI::setBaudrate(unsigned long)
 .text._ZN5RODOS7HAL_SPIC2ENS_7SPI_IDXENS_8GPIO_PINES2_S2_
                0x08006550       0x80 C:\Users\TobiZ\Eclipse Luna SR1 121\Workspace\rodos\Debug_STM32F4\librodos.a(hal_spi.o)
                0x08006550                RODOS::HAL_SPI::HAL_SPI(RODOS::SPI_IDX, RODOS::GPIO_PIN, RODOS::GPIO_PIN, RODOS::GPIO_PIN)
                0x08006550                RODOS::HAL_SPI::HAL_SPI(RODOS::SPI_IDX, RODOS::GPIO_PIN, RODOS::GPIO_PIN, RODOS::GPIO_PIN)
 .text._ZN5RODOS7HAL_SPI4initEmb
                0x080065d0      0x374 C:\Users\TobiZ\Eclipse Luna SR1 121\Workspace\rodos\Debug_STM32F4\librodos.a(hal_spi.o)
                0x080065d0                RODOS::HAL_SPI::init(unsigned long, bool)
 .text._ZN5RODOS7HAL_SPI5resetEv
                0x08006944      0x170 C:\Users\TobiZ\Eclipse Luna SR1 121\Workspace\rodos\Debug_STM32F4\librodos.a(hal_spi.o)
                0x08006944                RODOS::HAL_SPI::reset()
 .text._ZN5RODOS7HAL_SPI6configENS_18SPI_PARAMETER_TYPEEl
                0x08006ab4       0xf0 C:\Users\TobiZ\Eclipse Luna SR1 121\Workspace\rodos\Debug_STM32F4\librodos.a(hal_spi.o)
                0x08006ab4                RODOS::HAL_SPI::config(RODOS::SPI_PARAMETER_TYPE, long)
 .text._ZN5RODOS7HAL_SPI15isWriteFinishedEv
                0x08006ba4       0x18 C:\Users\TobiZ\Eclipse Luna SR1 121\Workspace\rodos\Debug_STM32F4\librodos.a(hal_spi.o)
                0x08006ba4                RODOS::HAL_SPI::isWriteFinished()
 .text._ZN5RODOS7HAL_SPI14isReadFinishedEv
                0x08006bbc       0x18 C:\Users\TobiZ\Eclipse Luna SR1 121\Workspace\rodos\Debug_STM32F4\librodos.a(hal_spi.o)
                0x08006bbc                RODOS::HAL_SPI::isReadFinished()
 .text._Z41__static_initialization_and_destruction_0ii
                0x08006bd4       0x3c C:\Users\TobiZ\Eclipse Luna SR1 121\Workspace\rodos\Debug_STM32F4\librodos.a(hal_spi.o)
 .text._GLOBAL__sub_I__ZN5RODOS10HW_HAL_SPI17DMA_InitStructureE
                0x08006c10       0x10 C:\Users\TobiZ\Eclipse Luna SR1 121\Workspace\rodos\Debug_STM32F4\librodos.a(hal_spi.o)
 .text.NVIC_EnableIRQ
                0x08006c20       0x30 C:\Users\TobiZ\Eclipse Luna SR1 121\Workspace\rodos\Debug_STM32F4\librodos.a(hal_uart.o)
 .text.NVIC_DisableIRQ
                0x08006c50       0x34 C:\Users\TobiZ\Eclipse Luna SR1 121\Workspace\rodos\Debug_STM32F4\librodos.a(hal_uart.o)
 .text.NVIC_ClearPendingIRQ
                0x08006c84       0x34 C:\Users\TobiZ\Eclipse Luna SR1 121\Workspace\rodos\Debug_STM32F4\librodos.a(hal_uart.o)
 .text._ZN5RODOS14ReceiveTriggerC2Ev
                0x08006cb8       0x30 C:\Users\TobiZ\Eclipse Luna SR1 121\Workspace\rodos\Debug_STM32F4\librodos.a(hal_uart.o)
                0x08006cb8                RODOS::ReceiveTrigger::ReceiveTrigger()
                0x08006cb8                RODOS::ReceiveTrigger::ReceiveTrigger()
 .text._ZN5RODOS11HW_HAL_UARTC2Ev
                0x08006ce8       0x28 C:\Users\TobiZ\Eclipse Luna SR1 121\Workspace\rodos\Debug_STM32F4\librodos.a(hal_uart.o)
                0x08006ce8                RODOS::HW_HAL_UART::HW_HAL_UART()
                0x08006ce8                RODOS::HW_HAL_UART::HW_HAL_UART()
 .text._ZN5RODOS14ReceiveTrigger3runEv
                0x08006d10       0xc0 C:\Users\TobiZ\Eclipse Luna SR1 121\Workspace\rodos\Debug_STM32F4\librodos.a(hal_uart.o)
                0x08006d10                RODOS::ReceiveTrigger::run()
 .text._ZN5RODOS8HAL_UARTC2ENS_8UART_IDXENS_8GPIO_PINES2_S2_S2_
                0x08006dd0       0x80 C:\Users\TobiZ\Eclipse Luna SR1 121\Workspace\rodos\Debug_STM32F4\librodos.a(hal_uart.o)
                0x08006dd0                RODOS::HAL_UART::HAL_UART(RODOS::UART_IDX, RODOS::GPIO_PIN, RODOS::GPIO_PIN, RODOS::GPIO_PIN, RODOS::GPIO_PIN)
                0x08006dd0                RODOS::HAL_UART::HAL_UART(RODOS::UART_IDX, RODOS::GPIO_PIN, RODOS::GPIO_PIN, RODOS::GPIO_PIN, RODOS::GPIO_PIN)
 .text.USART1_IRQHandler
                0x08006e50       0x18 C:\Users\TobiZ\Eclipse Luna SR1 121\Workspace\rodos\Debug_STM32F4\librodos.a(hal_uart.o)
                0x08006e50                USART1_IRQHandler
 .text.USART2_IRQHandler
                0x08006e68       0x18 C:\Users\TobiZ\Eclipse Luna SR1 121\Workspace\rodos\Debug_STM32F4\librodos.a(hal_uart.o)
                0x08006e68                USART2_IRQHandler
 .text.USART3_IRQHandler
                0x08006e80       0x18 C:\Users\TobiZ\Eclipse Luna SR1 121\Workspace\rodos\Debug_STM32F4\librodos.a(hal_uart.o)
                0x08006e80                USART3_IRQHandler
 .text.UART4_IRQHandler
                0x08006e98       0x18 C:\Users\TobiZ\Eclipse Luna SR1 121\Workspace\rodos\Debug_STM32F4\librodos.a(hal_uart.o)
                0x08006e98                UART4_IRQHandler
 .text.UART5_IRQHandler
                0x08006eb0       0x18 C:\Users\TobiZ\Eclipse Luna SR1 121\Workspace\rodos\Debug_STM32F4\librodos.a(hal_uart.o)
                0x08006eb0                UART5_IRQHandler
 .text.USART6_IRQHandler
                0x08006ec8       0x18 C:\Users\TobiZ\Eclipse Luna SR1 121\Workspace\rodos\Debug_STM32F4\librodos.a(hal_uart.o)
                0x08006ec8                USART6_IRQHandler
 .text.DMA2_Stream7_IRQHandler
                0x08006ee0       0x48 C:\Users\TobiZ\Eclipse Luna SR1 121\Workspace\rodos\Debug_STM32F4\librodos.a(hal_uart.o)
                0x08006ee0                DMA2_Stream7_IRQHandler
 .text.DMA1_Stream6_IRQHandler
                0x08006f28       0x48 C:\Users\TobiZ\Eclipse Luna SR1 121\Workspace\rodos\Debug_STM32F4\librodos.a(hal_uart.o)
                0x08006f28                DMA1_Stream6_IRQHandler
 .text.DMA1_Stream3_IRQHandler
                0x08006f70       0x48 C:\Users\TobiZ\Eclipse Luna SR1 121\Workspace\rodos\Debug_STM32F4\librodos.a(hal_uart.o)
                0x08006f70                DMA1_Stream3_IRQHandler
 .text.DMA2_Stream5_IRQHandler
                0x08006fb8       0x48 C:\Users\TobiZ\Eclipse Luna SR1 121\Workspace\rodos\Debug_STM32F4\librodos.a(hal_uart.o)
                0x08006fb8                DMA2_Stream5_IRQHandler
 .text.DMA1_Stream5_IRQHandler
                0x08007000       0x48 C:\Users\TobiZ\Eclipse Luna SR1 121\Workspace\rodos\Debug_STM32F4\librodos.a(hal_uart.o)
                0x08007000                DMA1_Stream5_IRQHandler
 .text.DMA1_Stream1_IRQHandler
                0x08007048       0x48 C:\Users\TobiZ\Eclipse Luna SR1 121\Workspace\rodos\Debug_STM32F4\librodos.a(hal_uart.o)
                0x08007048                DMA1_Stream1_IRQHandler
 .text._ZN5RODOS8HAL_UART4initEj
                0x08007090       0x3c C:\Users\TobiZ\Eclipse Luna SR1 121\Workspace\rodos\Debug_STM32F4\librodos.a(hal_uart.o)
                0x08007090                RODOS::HAL_UART::init(unsigned int)
 .text._ZN5RODOS8HAL_UART6configENS_19UART_PARAMETER_TYPEEi
                0x080070cc      0x2f0 C:\Users\TobiZ\Eclipse Luna SR1 121\Workspace\rodos\Debug_STM32F4\librodos.a(hal_uart.o)
                0x080070cc                RODOS::HAL_UART::config(RODOS::UART_PARAMETER_TYPE, int)
 .text._ZN5RODOS8HAL_UART5resetEv
                0x080073bc       0xc8 C:\Users\TobiZ\Eclipse Luna SR1 121\Workspace\rodos\Debug_STM32F4\librodos.a(hal_uart.o)
                0x080073bc                RODOS::HAL_UART::reset()
 .text._ZN5RODOS8HAL_UART4readEPci
                0x08007484       0xdc C:\Users\TobiZ\Eclipse Luna SR1 121\Workspace\rodos\Debug_STM32F4\librodos.a(hal_uart.o)
                0x08007484                RODOS::HAL_UART::read(char*, int)
 .text._ZN5RODOS8HAL_UART5writeEPKci
                0x08007560      0x108 C:\Users\TobiZ\Eclipse Luna SR1 121\Workspace\rodos\Debug_STM32F4\librodos.a(hal_uart.o)
                0x08007560                RODOS::HAL_UART::write(char const*, int)
 .text._ZN5RODOS8HAL_UART13getcharNoWaitEv
                0x08007668       0x88 C:\Users\TobiZ\Eclipse Luna SR1 121\Workspace\rodos\Debug_STM32F4\librodos.a(hal_uart.o)
                0x08007668                RODOS::HAL_UART::getcharNoWait()
 .text._ZN5RODOS8HAL_UART13putcharNoWaitEc
                0x080076f0       0xc0 C:\Users\TobiZ\Eclipse Luna SR1 121\Workspace\rodos\Debug_STM32F4\librodos.a(hal_uart.o)
                0x080076f0                RODOS::HAL_UART::putcharNoWait(char)
 .text._ZN5RODOS8HAL_UART6statusENS_16UART_STATUS_TYPEE
                0x080077b0       0x64 C:\Users\TobiZ\Eclipse Luna SR1 121\Workspace\rodos\Debug_STM32F4\librodos.a(hal_uart.o)
                0x080077b0                RODOS::HAL_UART::status(RODOS::UART_STATUS_TYPE)
 .text._ZN5RODOS8HAL_UART15isWriteFinishedEv
                0x08007814       0x58 C:\Users\TobiZ\Eclipse Luna SR1 121\Workspace\rodos\Debug_STM32F4\librodos.a(hal_uart.o)
                0x08007814                RODOS::HAL_UART::isWriteFinished()
 .text._ZN5RODOS8HAL_UART11isDataReadyEv
                0x0800786c       0x3c C:\Users\TobiZ\Eclipse Luna SR1 121\Workspace\rodos\Debug_STM32F4\librodos.a(hal_uart.o)
                0x0800786c                RODOS::HAL_UART::isDataReady()
 .text._ZN5RODOS11HW_HAL_UART11initMembersEPNS_8HAL_UARTENS_8UART_IDXENS_8GPIO_PINES4_S4_S4_
                0x080078a8       0x98 C:\Users\TobiZ\Eclipse Luna SR1 121\Workspace\rodos\Debug_STM32F4\librodos.a(hal_uart.o)
                0x080078a8                RODOS::HW_HAL_UART::initMembers(RODOS::HAL_UART*, RODOS::UART_IDX, RODOS::GPIO_PIN, RODOS::GPIO_PIN, RODOS::GPIO_PIN, RODOS::GPIO_PIN)
 .text._ZN5RODOS11HW_HAL_UART12DMAConfigureEv
                0x08007940      0x18c C:\Users\TobiZ\Eclipse Luna SR1 121\Workspace\rodos\Debug_STM32F4\librodos.a(hal_uart.o)
                0x08007940                RODOS::HW_HAL_UART::DMAConfigure()
 .text._ZN5RODOS11HW_HAL_UART16DMAStartTransferEPvi
                0x08007acc       0x54 C:\Users\TobiZ\Eclipse Luna SR1 121\Workspace\rodos\Debug_STM32F4\librodos.a(hal_uart.o)
                0x08007acc                RODOS::HW_HAL_UART::DMAStartTransfer(void*, int)
 .text._ZN5RODOS11HW_HAL_UART15DMAStartReceiveEPvi
                0x08007b20       0x6c C:\Users\TobiZ\Eclipse Luna SR1 121\Workspace\rodos\Debug_STM32F4\librodos.a(hal_uart.o)
                0x08007b20                RODOS::HW_HAL_UART::DMAStartReceive(void*, int)
 .text._ZN5RODOS11HW_HAL_UART26DMATransmitFinishedHandlerEv
                0x08007b8c       0x88 C:\Users\TobiZ\Eclipse Luna SR1 121\Workspace\rodos\Debug_STM32F4\librodos.a(hal_uart.o)
                0x08007b8c                RODOS::HW_HAL_UART::DMATransmitFinishedHandler()
 .text._ZN5RODOS11HW_HAL_UART25DMAReceiveFinishedHandlerEv
                0x08007c14       0x6c C:\Users\TobiZ\Eclipse Luna SR1 121\Workspace\rodos\Debug_STM32F4\librodos.a(hal_uart.o)
                0x08007c14                RODOS::HW_HAL_UART::DMAReceiveFinishedHandler()
 .text._ZN5RODOS11HW_HAL_UART16SendTxBufWithDMAEv
                0x08007c80       0x44 C:\Users\TobiZ\Eclipse Luna SR1 121\Workspace\rodos\Debug_STM32F4\librodos.a(hal_uart.o)
                0x08007c80                RODOS::HW_HAL_UART::SendTxBufWithDMA()
 .text._ZN5RODOS11HW_HAL_UART22RceiveIntoRxBufWithDMAEv
                0x08007cc4       0x68 C:\Users\TobiZ\Eclipse Luna SR1 121\Workspace\rodos\Debug_STM32F4\librodos.a(hal_uart.o)
                0x08007cc4                RODOS::HW_HAL_UART::RceiveIntoRxBufWithDMA()
 .text._ZN5RODOS14EnableDMAClockEv
                0x08007d2c       0x34 C:\Users\TobiZ\Eclipse Luna SR1 121\Workspace\rodos\Debug_STM32F4\librodos.a(hal_uart.o)
                0x08007d2c                RODOS::EnableDMAClock()
 .text._ZN5RODOS11HW_HAL_UART14UARTIRQHandlerEv
                0x08007d60      0x1a8 C:\Users\TobiZ\Eclipse Luna SR1 121\Workspace\rodos\Debug_STM32F4\librodos.a(hal_uart.o)
                0x08007d60                RODOS::HW_HAL_UART::UARTIRQHandler()
 .text._ZN5RODOS11HW_HAL_UART23getRCC_APBxPeriph_UARTxEv
                0x08007f08       0x74 C:\Users\TobiZ\Eclipse Luna SR1 121\Workspace\rodos\Debug_STM32F4\librodos.a(hal_uart.o)
                0x08007f08                RODOS::HW_HAL_UART::getRCC_APBxPeriph_UARTx()
 .text._ZN5RODOS11HW_HAL_UART16getGPIO_AF_UARTxEv
                0x08007f7c       0x68 C:\Users\TobiZ\Eclipse Luna SR1 121\Workspace\rodos\Debug_STM32F4\librodos.a(hal_uart.o)
                0x08007f7c                RODOS::HW_HAL_UART::getGPIO_AF_UARTx()
 .text._ZN5RODOS11HW_HAL_UART13getUARTx_IRQnEv
                0x08007fe4       0x58 C:\Users\TobiZ\Eclipse Luna SR1 121\Workspace\rodos\Debug_STM32F4\librodos.a(hal_uart.o)
                0x08007fe4                RODOS::HW_HAL_UART::getUARTx_IRQn()
 .text._ZN5RODOS11HW_HAL_UART8getUARTxEv
                0x0800803c       0x88 C:\Users\TobiZ\Eclipse Luna SR1 121\Workspace\rodos\Debug_STM32F4\librodos.a(hal_uart.o)
                0x0800803c                RODOS::HW_HAL_UART::getUARTx()
 .text._ZN5RODOS11HW_HAL_UART4initEj
                0x080080c4       0xf0 C:\Users\TobiZ\Eclipse Luna SR1 121\Workspace\rodos\Debug_STM32F4\librodos.a(hal_uart.o)
                0x080080c4                RODOS::HW_HAL_UART::init(unsigned int)
 .text._ZN5RODOS4FifoIhLi256EED2Ev
                0x080081b4       0x30 C:\Users\TobiZ\Eclipse Luna SR1 121\Workspace\rodos\Debug_STM32F4\librodos.a(hal_uart.o)
                0x080081b4                RODOS::Fifo<unsigned char, 256>::~Fifo()
                0x080081b4                RODOS::Fifo<unsigned char, 256>::~Fifo()
 .text._ZN5RODOS4FifoIhLi256EED0Ev
                0x080081e4       0x20 C:\Users\TobiZ\Eclipse Luna SR1 121\Workspace\rodos\Debug_STM32F4\librodos.a(hal_uart.o)
                0x080081e4                RODOS::Fifo<unsigned char, 256>::~Fifo()
 .text._ZN5RODOS9BlockFifoIhLi256EEC2Ev
                0x08008204       0x24 C:\Users\TobiZ\Eclipse Luna SR1 121\Workspace\rodos\Debug_STM32F4\librodos.a(hal_uart.o)
                0x08008204                RODOS::BlockFifo<unsigned char, 256>::BlockFifo()
                0x08008204                RODOS::BlockFifo<unsigned char, 256>::BlockFifo()
 .text._ZN5RODOS9BlockFifoIhLi256EE15getBufferToReadERi
                0x08008228       0x60 C:\Users\TobiZ\Eclipse Luna SR1 121\Workspace\rodos\Debug_STM32F4\librodos.a(hal_uart.o)
                0x08008228                RODOS::BlockFifo<unsigned char, 256>::getBufferToRead(int&)
 .text._ZN5RODOS9BlockFifoIhLi256EE13readConcludedEi
                0x08008288       0x28 C:\Users\TobiZ\Eclipse Luna SR1 121\Workspace\rodos\Debug_STM32F4\librodos.a(hal_uart.o)
                0x08008288                RODOS::BlockFifo<unsigned char, 256>::readConcluded(int)
 .text._ZN5RODOS9BlockFifoIhLi256EE16getBufferToWriteERi
                0x080082b0       0x80 C:\Users\TobiZ\Eclipse Luna SR1 121\Workspace\rodos\Debug_STM32F4\librodos.a(hal_uart.o)
                0x080082b0                RODOS::BlockFifo<unsigned char, 256>::getBufferToWrite(int&)
 .text._ZN5RODOS9BlockFifoIhLi256EE14writeConcludedEi
                0x08008330       0x28 C:\Users\TobiZ\Eclipse Luna SR1 121\Workspace\rodos\Debug_STM32F4\librodos.a(hal_uart.o)
                0x08008330                RODOS::BlockFifo<unsigned char, 256>::writeConcluded(int)
 .text._ZN5RODOS4FifoIhLi256EE3getERh
                0x08008358       0x58 C:\Users\TobiZ\Eclipse Luna SR1 121\Workspace\rodos\Debug_STM32F4\librodos.a(hal_uart.o)
                0x08008358                RODOS::Fifo<unsigned char, 256>::get(unsigned char&)
 .text._ZN5RODOS4FifoIhLi256EE3putERKh
                0x080083b0       0x58 C:\Users\TobiZ\Eclipse Luna SR1 121\Workspace\rodos\Debug_STM32F4\librodos.a(hal_uart.o)
                0x080083b0                RODOS::Fifo<unsigned char, 256>::put(unsigned char const&)
 .text._ZN5RODOS4FifoIhLi256EE15getElementCountEv
                0x08008408       0x40 C:\Users\TobiZ\Eclipse Luna SR1 121\Workspace\rodos\Debug_STM32F4\librodos.a(hal_uart.o)
                0x08008408                RODOS::Fifo<unsigned char, 256>::getElementCount()
 .text._ZN5RODOS4FifoIhLi256EE7isEmptyEv
                0x08008448       0x2c C:\Users\TobiZ\Eclipse Luna SR1 121\Workspace\rodos\Debug_STM32F4\librodos.a(hal_uart.o)
                0x08008448                RODOS::Fifo<unsigned char, 256>::isEmpty()
 .text._ZN5RODOS4FifoIhLi256EEC2Ev
                0x08008474       0x34 C:\Users\TobiZ\Eclipse Luna SR1 121\Workspace\rodos\Debug_STM32F4\librodos.a(hal_uart.o)
                0x08008474                RODOS::Fifo<unsigned char, 256>::Fifo()
                0x08008474                RODOS::Fifo<unsigned char, 256>::Fifo()
 .text._ZN5RODOS9BlockFifoIhLi256EE14advanceIndexExEii
                0x080084a8       0x34 C:\Users\TobiZ\Eclipse Luna SR1 121\Workspace\rodos\Debug_STM32F4\librodos.a(hal_uart.o)
                0x080084a8                RODOS::BlockFifo<unsigned char, 256>::advanceIndexEx(int, int)
 .text._ZN5RODOS4FifoIhLi256EE12advanceIndexEi
                0x080084dc       0x24 C:\Users\TobiZ\Eclipse Luna SR1 121\Workspace\rodos\Debug_STM32F4\librodos.a(hal_uart.o)
                0x080084dc                RODOS::Fifo<unsigned char, 256>::advanceIndex(int)
 .text._ZN5RODOS9BlockFifoIhLi256EED2Ev
                0x08008500       0x30 C:\Users\TobiZ\Eclipse Luna SR1 121\Workspace\rodos\Debug_STM32F4\librodos.a(hal_uart.o)
                0x08008500                RODOS::BlockFifo<unsigned char, 256>::~BlockFifo()
                0x08008500                RODOS::BlockFifo<unsigned char, 256>::~BlockFifo()
 .text._ZN5RODOS9BlockFifoIhLi256EED0Ev
                0x08008530       0x20 C:\Users\TobiZ\Eclipse Luna SR1 121\Workspace\rodos\Debug_STM32F4\librodos.a(hal_uart.o)
                0x08008530                RODOS::BlockFifo<unsigned char, 256>::~BlockFifo()
 .text._ZN5RODOS14ReceiveTriggerD2Ev
                0x08008550       0x30 C:\Users\TobiZ\Eclipse Luna SR1 121\Workspace\rodos\Debug_STM32F4\librodos.a(hal_uart.o)
                0x08008550                RODOS::ReceiveTrigger::~ReceiveTrigger()
                0x08008550                RODOS::ReceiveTrigger::~ReceiveTrigger()
 .text._ZN5RODOS14ReceiveTriggerD0Ev
                0x08008580       0x20 C:\Users\TobiZ\Eclipse Luna SR1 121\Workspace\rodos\Debug_STM32F4\librodos.a(hal_uart.o)
                0x08008580                RODOS::ReceiveTrigger::~ReceiveTrigger()
 .text._ZN5RODOS11HW_HAL_UARTD2Ev
                0x080085a0       0x28 C:\Users\TobiZ\Eclipse Luna SR1 121\Workspace\rodos\Debug_STM32F4\librodos.a(hal_uart.o)
                0x080085a0                RODOS::HW_HAL_UART::~HW_HAL_UART()
                0x080085a0                RODOS::HW_HAL_UART::~HW_HAL_UART()
 .text.__tcf_0  0x080085c8       0x2c C:\Users\TobiZ\Eclipse Luna SR1 121\Workspace\rodos\Debug_STM32F4\librodos.a(hal_uart.o)
 .text._Z41__static_initialization_and_destruction_0ii
                0x080085f4       0x68 C:\Users\TobiZ\Eclipse Luna SR1 121\Workspace\rodos\Debug_STM32F4\librodos.a(hal_uart.o)
 .text._ZN5RODOS4FifoIhLi256EE10putGenericEljPKvRKNS_10NetMsgInfoE
                0x0800865c       0x34 C:\Users\TobiZ\Eclipse Luna SR1 121\Workspace\rodos\Debug_STM32F4\librodos.a(hal_uart.o)
                0x0800865c                RODOS::Fifo<unsigned char, 256>::putGeneric(long, unsigned int, void const*, RODOS::NetMsgInfo const&)
 .text._GLOBAL__sub_I__ZN5RODOS17UART_contextArrayE
                0x08008690       0x10 C:\Users\TobiZ\Eclipse Luna SR1 121\Workspace\rodos\Debug_STM32F4\librodos.a(hal_uart.o)
 .text.DMA_Init
                0x080086a0       0xac C:\Users\TobiZ\Eclipse Luna SR1 121\Workspace\rodos\Debug_STM32F4\librodos.a(stm32f4xx_dma.o)
                0x080086a0                DMA_Init
 .text.DMA_StructInit
                0x0800874c       0x6c C:\Users\TobiZ\Eclipse Luna SR1 121\Workspace\rodos\Debug_STM32F4\librodos.a(stm32f4xx_dma.o)
                0x0800874c                DMA_StructInit
 .text.DMA_Cmd  0x080087b8       0x38 C:\Users\TobiZ\Eclipse Luna SR1 121\Workspace\rodos\Debug_STM32F4\librodos.a(stm32f4xx_dma.o)
                0x080087b8                DMA_Cmd
 .text.DMA_GetCurrDataCounter
                0x080087f0       0x1c C:\Users\TobiZ\Eclipse Luna SR1 121\Workspace\rodos\Debug_STM32F4\librodos.a(stm32f4xx_dma.o)
                0x080087f0                DMA_GetCurrDataCounter
 .text.DMA_GetCmdStatus
                0x0800880c       0x30 C:\Users\TobiZ\Eclipse Luna SR1 121\Workspace\rodos\Debug_STM32F4\librodos.a(stm32f4xx_dma.o)
                0x0800880c                DMA_GetCmdStatus
 .text.DMA_ITConfig
                0x0800883c       0x74 C:\Users\TobiZ\Eclipse Luna SR1 121\Workspace\rodos\Debug_STM32F4\librodos.a(stm32f4xx_dma.o)
                0x0800883c                DMA_ITConfig
 .text.DMA_GetITStatus
                0x080088b0       0xb0 C:\Users\TobiZ\Eclipse Luna SR1 121\Workspace\rodos\Debug_STM32F4\librodos.a(stm32f4xx_dma.o)
                0x080088b0                DMA_GetITStatus
 .text.DMA_ClearITPendingBit
                0x08008960       0x5c C:\Users\TobiZ\Eclipse Luna SR1 121\Workspace\rodos\Debug_STM32F4\librodos.a(stm32f4xx_dma.o)
                0x08008960                DMA_ClearITPendingBit
 .text.GPIO_Init
                0x080089bc      0x11c C:\Users\TobiZ\Eclipse Luna SR1 121\Workspace\rodos\Debug_STM32F4\librodos.a(stm32f4xx_gpio.o)
                0x080089bc                GPIO_Init
 .text.GPIO_StructInit
                0x08008ad8       0x34 C:\Users\TobiZ\Eclipse Luna SR1 121\Workspace\rodos\Debug_STM32F4\librodos.a(stm32f4xx_gpio.o)
                0x08008ad8                GPIO_StructInit
 .text.GPIO_ReadOutputData
                0x08008b0c       0x1c C:\Users\TobiZ\Eclipse Luna SR1 121\Workspace\rodos\Debug_STM32F4\librodos.a(stm32f4xx_gpio.o)
                0x08008b0c                GPIO_ReadOutputData
 .text.GPIO_SetBits
                0x08008b28       0x1c C:\Users\TobiZ\Eclipse Luna SR1 121\Workspace\rodos\Debug_STM32F4\librodos.a(stm32f4xx_gpio.o)
                0x08008b28                GPIO_SetBits
 .text.GPIO_ResetBits
                0x08008b44       0x1c C:\Users\TobiZ\Eclipse Luna SR1 121\Workspace\rodos\Debug_STM32F4\librodos.a(stm32f4xx_gpio.o)
                0x08008b44                GPIO_ResetBits
 .text.GPIO_Write
                0x08008b60       0x1c C:\Users\TobiZ\Eclipse Luna SR1 121\Workspace\rodos\Debug_STM32F4\librodos.a(stm32f4xx_gpio.o)
                0x08008b60                GPIO_Write
 .text.GPIO_PinAFConfig
                0x08008b7c       0x8c C:\Users\TobiZ\Eclipse Luna SR1 121\Workspace\rodos\Debug_STM32F4\librodos.a(stm32f4xx_gpio.o)
                0x08008b7c                GPIO_PinAFConfig
 .text.I2C_DeInit
                0x08008c08       0x74 C:\Users\TobiZ\Eclipse Luna SR1 121\Workspace\rodos\Debug_STM32F4\librodos.a(stm32f4xx_i2c.o)
                0x08008c08                I2C_DeInit
 .text.I2C_Init
                0x08008c7c      0x184 C:\Users\TobiZ\Eclipse Luna SR1 121\Workspace\rodos\Debug_STM32F4\librodos.a(stm32f4xx_i2c.o)
                0x08008c7c                I2C_Init
 .text.I2C_Cmd  0x08008e00       0x40 C:\Users\TobiZ\Eclipse Luna SR1 121\Workspace\rodos\Debug_STM32F4\librodos.a(stm32f4xx_i2c.o)
                0x08008e00                I2C_Cmd
 .text.RCC_LSICmd
                0x08008e40       0x20 C:\Users\TobiZ\Eclipse Luna SR1 121\Workspace\rodos\Debug_STM32F4\librodos.a(stm32f4xx_rcc.o)
                0x08008e40                RCC_LSICmd
 .text.RCC_GetClocksFreq
                0x08008e60      0x154 C:\Users\TobiZ\Eclipse Luna SR1 121\Workspace\rodos\Debug_STM32F4\librodos.a(stm32f4xx_rcc.o)
                0x08008e60                RCC_GetClocksFreq
 .text.RCC_AHB1PeriphClockCmd
                0x08008fb4       0x3c C:\Users\TobiZ\Eclipse Luna SR1 121\Workspace\rodos\Debug_STM32F4\librodos.a(stm32f4xx_rcc.o)
                0x08008fb4                RCC_AHB1PeriphClockCmd
 .text.RCC_APB1PeriphClockCmd
                0x08008ff0       0x3c C:\Users\TobiZ\Eclipse Luna SR1 121\Workspace\rodos\Debug_STM32F4\librodos.a(stm32f4xx_rcc.o)
                0x08008ff0                RCC_APB1PeriphClockCmd
 .text.RCC_APB2PeriphClockCmd
                0x0800902c       0x3c C:\Users\TobiZ\Eclipse Luna SR1 121\Workspace\rodos\Debug_STM32F4\librodos.a(stm32f4xx_rcc.o)
                0x0800902c                RCC_APB2PeriphClockCmd
 .text.RCC_AHB1PeriphResetCmd
                0x08009068       0x3c C:\Users\TobiZ\Eclipse Luna SR1 121\Workspace\rodos\Debug_STM32F4\librodos.a(stm32f4xx_rcc.o)
                0x08009068                RCC_AHB1PeriphResetCmd
 .text.RCC_APB1PeriphResetCmd
                0x080090a4       0x3c C:\Users\TobiZ\Eclipse Luna SR1 121\Workspace\rodos\Debug_STM32F4\librodos.a(stm32f4xx_rcc.o)
                0x080090a4                RCC_APB1PeriphResetCmd
 .text.RCC_APB2PeriphResetCmd
                0x080090e0       0x3c C:\Users\TobiZ\Eclipse Luna SR1 121\Workspace\rodos\Debug_STM32F4\librodos.a(stm32f4xx_rcc.o)
                0x080090e0                RCC_APB2PeriphResetCmd
 .text.RCC_GetFlagStatus
                0x0800911c       0x74 C:\Users\TobiZ\Eclipse Luna SR1 121\Workspace\rodos\Debug_STM32F4\librodos.a(stm32f4xx_rcc.o)
                0x0800911c                RCC_GetFlagStatus
 .text.SPI_Init
                0x08009190       0x88 C:\Users\TobiZ\Eclipse Luna SR1 121\Workspace\rodos\Debug_STM32F4\librodos.a(stm32f4xx_spi.o)
                0x08009190                SPI_Init
 .text.SPI_Cmd  0x08009218       0x40 C:\Users\TobiZ\Eclipse Luna SR1 121\Workspace\rodos\Debug_STM32F4\librodos.a(stm32f4xx_spi.o)
                0x08009218                SPI_Cmd
 .text.SYSCFG_EXTILineConfig