Archive member included because of file (symbol)

C:\Users\TobiZ\Eclipse Luna SR1 121\Workspace\rodos\Debug_STM32F4\librodos.a(00globalobjects.o)
                              ./actuatorhandler.o (RODOS::Initiator::initiatorList)
C:\Users\TobiZ\Eclipse Luna SR1 121\Workspace\rodos\Debug_STM32F4\librodos.a(bytesex.o)
                              ./sensorIMU.o (RODOS::swap16(short))
C:\Users\TobiZ\Eclipse Luna SR1 121\Workspace\rodos\Debug_STM32F4\librodos.a(debug.o)
                              ./storagecontroller.o (RODOS::PRINTF(char const*, ...))
C:\Users\TobiZ\Eclipse Luna SR1 121\Workspace\rodos\Debug_STM32F4\librodos.a(genericIO.o)
                              ./sdcomm.o (RODOS::GenericIOInterface::suspendUntilWriteFinished(long long))
C:\Users\TobiZ\Eclipse Luna SR1 121\Workspace\rodos\Debug_STM32F4\librodos.a(listelement.o)
                              ./actuatorhandler.o (RODOS::ListElement::ListElement(RODOS::ListElement*&, char const*, void*))
C:\Users\TobiZ\Eclipse Luna SR1 121\Workspace\rodos\Debug_STM32F4\librodos.a(main.o)
                              C:\Users\TobiZ\Eclipse Luna SR1 121\Workspace\rodos\Debug_STM32F4\librodos.a(bytesex.o) (RODOS::isHostBigEndian)
C:\Users\TobiZ\Eclipse Luna SR1 121\Workspace\rodos\Debug_STM32F4\librodos.a(main_usermain.o)
                              C:\Users\TobiZ\Eclipse Luna SR1 121\Workspace\rodos\Debug_STM32F4\librodos.a(main.o) (MAIN())
C:\Users\TobiZ\Eclipse Luna SR1 121\Workspace\rodos\Debug_STM32F4\librodos.a(printfverbosity.o)
                              C:\Users\TobiZ\Eclipse Luna SR1 121\Workspace\rodos\Debug_STM32F4\librodos.a(debug.o) (printfVerbosity)
C:\Users\TobiZ\Eclipse Luna SR1 121\Workspace\rodos\Debug_STM32F4\librodos.a(string_pico.o)
                              ./storagecontroller.o (strlen)
C:\Users\TobiZ\Eclipse Luna SR1 121\Workspace\rodos\Debug_STM32F4\librodos.a(subscriber.o)
                              ./topics.o (vtable for RODOS::Subscriber)
C:\Users\TobiZ\Eclipse Luna SR1 121\Workspace\rodos\Debug_STM32F4\librodos.a(thread.o)
                              ./healthwatchdog.o (RODOS::Thread::setPeriodicBeat(long long, long long))
C:\Users\TobiZ\Eclipse Luna SR1 121\Workspace\rodos\Debug_STM32F4\librodos.a(timeevent.o)
                              C:\Users\TobiZ\Eclipse Luna SR1 121\Workspace\rodos\Debug_STM32F4\librodos.a(main.o) (RODOS::TimeEvent::initAllElements())
C:\Users\TobiZ\Eclipse Luna SR1 121\Workspace\rodos\Debug_STM32F4\librodos.a(timemodel.o)
                              ./sensorIMU.o (RODOS::TimeModel::getNanoseconds())
C:\Users\TobiZ\Eclipse Luna SR1 121\Workspace\rodos\Debug_STM32F4\librodos.a(topic.o)
                              ./topics.o (RODOS::TopicInterface::TopicInterface(long, long, char const*))
C:\Users\TobiZ\Eclipse Luna SR1 121\Workspace\rodos\Debug_STM32F4\librodos.a(yprintf.o)
                              C:\Users\TobiZ\Eclipse Luna SR1 121\Workspace\rodos\Debug_STM32F4\librodos.a(debug.o) (RODOS::Yprintf::vaprintf(char const*))
C:\Users\TobiZ\Eclipse Luna SR1 121\Workspace\rodos\Debug_STM32F4\librodos.a(call_constructors.o)
                              ./actuatorhandler.o (__dso_handle)
C:\Users\TobiZ\Eclipse Luna SR1 121\Workspace\rodos\Debug_STM32F4\librodos.a(startup_stm32f4xx.o)
                              (Reset_Handler)
C:\Users\TobiZ\Eclipse Luna SR1 121\Workspace\rodos\Debug_STM32F4\librodos.a(hal_gpio.o)
                              ./actuatorhandler.o (RODOS::HAL_GPIO::HAL_GPIO(RODOS::GPIO_PIN))
C:\Users\TobiZ\Eclipse Luna SR1 121\Workspace\rodos\Debug_STM32F4\librodos.a(hal_i2c.o)
                              ./comminterfaces.o (RODOS::HAL_I2C::HAL_I2C(RODOS::I2C_IDX, RODOS::GPIO_PIN, RODOS::GPIO_PIN))
C:\Users\TobiZ\Eclipse Luna SR1 121\Workspace\rodos\Debug_STM32F4\librodos.a(hal_spi.o)
                              ./comminterfaces.o (RODOS::HAL_SPI::HAL_SPI(RODOS::SPI_IDX, RODOS::GPIO_PIN, RODOS::GPIO_PIN, RODOS::GPIO_PIN))
C:\Users\TobiZ\Eclipse Luna SR1 121\Workspace\rodos\Debug_STM32F4\librodos.a(hal_uart.o)
                              ./comminterfaces.o (RODOS::HAL_UART::HAL_UART(RODOS::UART_IDX, RODOS::GPIO_PIN, RODOS::GPIO_PIN, RODOS::GPIO_PIN, RODOS::GPIO_PIN))
C:\Users\TobiZ\Eclipse Luna SR1 121\Workspace\rodos\Debug_STM32F4\librodos.a(stm32f4xx_dma.o)
                              C:\Users\TobiZ\Eclipse Luna SR1 121\Workspace\rodos\Debug_STM32F4\librodos.a(hal_spi.o) (DMA_Init)
C:\Users\TobiZ\Eclipse Luna SR1 121\Workspace\rodos\Debug_STM32F4\librodos.a(stm32f4xx_gpio.o)
                              C:\Users\TobiZ\Eclipse Luna SR1 121\Workspace\rodos\Debug_STM32F4\librodos.a(hal_gpio.o) (GPIO_Init)
C:\Users\TobiZ\Eclipse Luna SR1 121\Workspace\rodos\Debug_STM32F4\librodos.a(stm32f4xx_i2c.o)
                              C:\Users\TobiZ\Eclipse Luna SR1 121\Workspace\rodos\Debug_STM32F4\librodos.a(hal_i2c.o) (I2C_DeInit)
C:\Users\TobiZ\Eclipse Luna SR1 121\Workspace\rodos\Debug_STM32F4\librodos.a(stm32f4xx_rcc.o)
[...]
Memory Configuration

Name             Origin             Length             Attributes
FLASH            0x08000000         0x00100000         xr
RAM              0x20000000         0x00020000         xrw
CCMRAM           0x10000000         0x00010000         xrw
MEMORY_B1        0x60000000         0x00000000         xr
*default*        0x00000000         0xffffffff

Linker script and memory map

LOAD ./fatfs/option/syscall.o
LOAD ./fatfs/option/unicode.o
LOAD ./fatfs/diskio.o
LOAD ./fatfs/ff.o
LOAD ./actuatorhandler.o
LOAD ./comminterfaces.o
LOAD ./healthwatchdog.o
LOAD ./murmur.o
LOAD ./sdcomm.o
LOAD ./sensorIMU.o
LOAD ./sensorhousekeeping.o
LOAD ./spihelper.o
LOAD ./storagecontroller.o
LOAD ./telecommand.o
LOAD ./telemetry.o
LOAD ./topics.o
LOAD C:\Users\TobiZ\Eclipse Luna SR1 121\Workspace\rodos\Debug_STM32F4\librodos.a
LOAD C:\Users\TobiZ\Eclipse Luna SR1 121\Workspace\support_libs\Debug_STM32F4\libsupport.a
LOAD c:/users/tobiz/eclipse luna sr1 121/gnu tools arm embedded/4.8 2014q3/bin/../lib/gcc/arm-none-eabi/4.8.4/../../../../arm-none-eabi/lib/armv7e-m/softfp\libm.a
                0x20020000                _estack = 0x20020000
                0x00001000                _Min_Heap_Size = 0x1000
                0x00000400                _Min_Stack_Size = 0x400

.isr_vector     0x08000000      0x18c
                0x08000000                . = ALIGN (0x4)
                0x08000000                _image_address = .
 *(.isr_vector)
 .isr_vector    0x08000000      0x18c C:\Users\TobiZ\Eclipse Luna SR1 121\Workspace\rodos\Debug_STM32F4\librodos.a(startup_stm32f4xx.o)
                0x08000000                g_pfnVectors
                0x0800018c                . = ALIGN (0x4)

.text           0x08000190     0xc7e8
                0x08000190                . = ALIGN (0x4)
 *(.text)
 .text          0x08000190      0x370 c:/users/tobiz/eclipse luna sr1 121/gnu tools arm embedded/4.8 2014q3/bin/../lib/gcc/arm-none-eabi/4.8.4/armv7e-m/softfp\libgcc.a(_arm_addsubdf3.o)
                0x08000190                __aeabi_drsub
                0x08000198                __aeabi_dsub
                0x08000198                __subdf3
                0x0800019c                __aeabi_dadd
                0x0800019c                __adddf3
                0x08000414                __floatunsidf
                0x08000414                __aeabi_ui2d
                0x08000434                __floatsidf
                0x08000434                __aeabi_i2d
                0x08000458                __aeabi_f2d
                0x08000458                __extendsfdf2
                0x08000494                __floatundidf
                0x08000494                __aeabi_ul2d
                0x080004a4                __floatdidf
                0x080004a4                __aeabi_l2d
 .text          0x08000500      0x424 c:/users/tobiz/eclipse luna sr1 121/gnu tools arm embedded/4.8 2014q3/bin/../lib/gcc/arm-none-eabi/4.8.4/armv7e-m/softfp\libgcc.a(_arm_muldivdf3.o)
                0x08000500                __aeabi_dmul
                0x08000500                __muldf3
                0x08000754                __divdf3
                0x08000754                __aeabi_ddiv
 .text          0x08000924      0x110 c:/users/tobiz/eclipse luna sr1 121/gnu tools arm embedded/4.8 2014q3/bin/../lib/gcc/arm-none-eabi/4.8.4/armv7e-m/softfp\libgcc.a(_arm_cmpdf2.o)
                0x08000924                __gtdf2
                0x08000924                __gedf2
                0x0800092c                __ltdf2
                0x0800092c                __ledf2
                0x08000934                __nedf2
                0x08000934                __eqdf2
                0x08000934                __cmpdf2
                0x080009b0                __aeabi_cdrcmple
                0x080009c0                __aeabi_cdcmpeq
                0x080009c0                __aeabi_cdcmple
                0x080009d0                __aeabi_dcmpeq
                0x080009e4                __aeabi_dcmplt
                0x080009f8                __aeabi_dcmple
                0x08000a0c                __aeabi_dcmpge
                0x08000a20                __aeabi_dcmpgt
 .text          0x08000a34       0x40 c:/users/tobiz/eclipse luna sr1 121/gnu tools arm embedded/4.8 2014q3/bin/../lib/gcc/arm-none-eabi/4.8.4/armv7e-m/softfp\libgcc.a(_arm_fixunsdfsi.o)
                0x08000a34                __aeabi_d2uiz
                0x08000a34                __fixunsdfsi
 .text          0x08000a74       0x38 c:/users/tobiz/eclipse luna sr1 121/gnu tools arm embedded/4.8 2014q3/bin/../lib/gcc/arm-none-eabi/4.8.4/armv7e-m/softfp\libgcc.a(_aeabi_ldivmod.o)
                0x08000a74                __aeabi_ldivmod
 .text          0x08000aac       0x2c c:/users/tobiz/eclipse luna sr1 121/gnu tools arm embedded/4.8 2014q3/bin/../lib/gcc/arm-none-eabi/4.8.4/armv7e-m/softfp\libgcc.a(_aeabi_uldivmod.o)
                0x08000aac                __aeabi_uldivmod
 .text          0x08000ad8       0x30 c:/users/tobiz/eclipse luna sr1 121/gnu tools arm embedded/4.8 2014q3/bin/../lib/gcc/arm-none-eabi/4.8.4/armv7e-m/softfp\libgcc.a(_fixdfdi.o)
                0x08000ad8                __fixdfdi
                0x08000ad8                __aeabi_d2lz
 .text          0x08000b08       0x44 c:/users/tobiz/eclipse luna sr1 121/gnu tools arm embedded/4.8 2014q3/bin/../lib/gcc/arm-none-eabi/4.8.4/armv7e-m/softfp\libgcc.a(_fixunsdfdi.o)
                0x08000b08                __fixunsdfdi
                0x08000b08                __aeabi_d2ulz
 .text          0x08000b4c       0x60 c:/users/tobiz/eclipse luna sr1 121/gnu tools arm embedded/4.8 2014q3/bin/../lib/gcc/arm-none-eabi/4.8.4/armv7e-m/softfp\libgcc.a(bpabi.o)
                0x08000b4c                __gnu_ldivmod_helper
                0x08000b7c                __gnu_uldivmod_helper
 .text          0x08000bac        0x4 c:/users/tobiz/eclipse luna sr1 121/gnu tools arm embedded/4.8 2014q3/bin/../lib/gcc/arm-none-eabi/4.8.4/armv7e-m/softfp\libgcc.a(_dvmd_tls.o)
                0x08000bac                __aeabi_idiv0
                0x08000bac                __aeabi_ldiv0
 .text          0x08000bb0      0x298 c:/users/tobiz/eclipse luna sr1 121/gnu tools arm embedded/4.8 2014q3/bin/../lib/gcc/arm-none-eabi/4.8.4/armv7e-m/softfp\libgcc.a(_divdi3.o)
                0x08000bb0                __divdi3
 .text          0x08000e48      0x284 c:/users/tobiz/eclipse luna sr1 121/gnu tools arm embedded/4.8 2014q3/bin/../lib/gcc/arm-none-eabi/4.8.4/armv7e-m/softfp\libgcc.a(_udivdi3.o)
                0x08000e48                __udivdi3
 *(.text*)
 .text._ZN5RODOS9Initiator4initEv
                0x080010cc       0x14 ./actuatorhandler.o
                0x080010cc                RODOS::Initiator::init()
 .text._ZN5RODOS9InitiatorC2EPKc
                0x080010e0       0x34 ./actuatorhandler.o
                0x080010e0                RODOS::Initiator::Initiator(char const*)
                0x080010e0                RODOS::Initiator::Initiator(char const*)
 .text._ZN5RODOS9InitiatorD2Ev
                0x08001114       0x34 ./actuatorhandler.o
                0x08001114                RODOS::Initiator::~Initiator()
                0x08001114                RODOS::Initiator::~Initiator()
 .text._ZN5RODOS9InitiatorD0Ev
                0x08001148       0x20 ./actuatorhandler.o
                0x08001148                RODOS::Initiator::~Initiator()
 .text._ZN15ActuatorHandlerC2Ev
                0x08001168       0x2c ./actuatorhandler.o
                0x08001168                ActuatorHandler::ActuatorHandler()
                0x08001168                ActuatorHandler::ActuatorHandler()
 .text._ZN15ActuatorHandler4initEv
                0x08001194       0x40 ./actuatorhandler.o
                0x08001194                ActuatorHandler::init()
 .text._ZN15ActuatorHandlerD2Ev
                0x080011d4       0x30 ./actuatorhandler.o
                0x080011d4                ActuatorHandler::~ActuatorHandler()
                0x080011d4                ActuatorHandler::~ActuatorHandler()
 .text._ZN15ActuatorHandlerD0Ev
                0x08001204       0x20 ./actuatorhandler.o
                0x08001204                ActuatorHandler::~ActuatorHandler()
 .text._Z41__static_initialization_and_destruction_0ii
                0x08001224       0x60 ./actuatorhandler.o
 .text._GLOBAL__sub_I_valve1
                0x08001284       0x10 ./actuatorhandler.o
 .text._ZN14CommInterfacesC2Ev
                0x08001294       0x2c ./comminterfaces.o
                0x08001294                CommInterfaces::CommInterfaces()
                0x08001294                CommInterfaces::CommInterfaces()
 .text._ZN14CommInterfaces4initEv
                0x080012c0       0x4c ./comminterfaces.o
                0x080012c0                CommInterfaces::init()
 .text._ZN14CommInterfacesD2Ev
                0x0800130c       0x30 ./comminterfaces.o
                0x0800130c                CommInterfaces::~CommInterfaces()
                0x0800130c                CommInterfaces::~CommInterfaces()
 .text._ZN14CommInterfacesD0Ev
                0x0800133c       0x20 ./comminterfaces.o
                0x0800133c                CommInterfaces::~CommInterfaces()
 .text._Z41__static_initialization_and_destruction_0ii
                0x0800135c       0x94 ./comminterfaces.o
 .text._GLOBAL__sub_I_spi_bus
                0x080013f0       0x10 ./comminterfaces.o
 .text._ZN5RODOS6Thread4initEv
                0x08001400       0x14 ./healthwatchdog.o
                0x08001400                RODOS::Thread::init()
 .text._ZN6Murmur6rotl32Ema
                0x08001414       0x28 ./murmur.o
                0x08001414                Murmur::rotl32(unsigned long, signed char)
 .text._ZN6Murmur6fmix32Em
                0x0800143c       0x50 ./murmur.o
                0x0800143c                Murmur::fmix32(unsigned long)
 .text._ZN6Murmur10mm_hash_32EPKhim
                0x0800148c      0x120 ./murmur.o
                0x0800148c                Murmur::mm_hash_32(unsigned char const*, int, unsigned long)
 .text._ZN6SDCommC2Ev
                0x080015ac       0x1c ./sdcomm.o
                0x080015ac                SDComm::SDComm()
                0x080015ac                SDComm::SDComm()
 .text._ZN6SDComm11sendCommandEhmh
                0x080015c8       0xa0 ./sdcomm.o
                0x080015c8                SDComm::sendCommand(unsigned char, unsigned long, unsigned char)
 .text._ZN6SDComm4initEv
                0x08001668       0x88 ./sdcomm.o
                0x08001668                SDComm::init()
 .text._Z41__static_initialization_and_destruction_0ii
                0x080016f0       0x2c ./sdcomm.o
 .text._GLOBAL__sub_I_sdcomm
                0x0800171c       0x10 ./sdcomm.o
 .text._ZN9SensorIMUC2Ev
                0x0800172c       0x30 ./sensorIMU.o
                0x0800172c                SensorIMU::SensorIMU()
                0x0800172c                SensorIMU::SensorIMU()
 .text._ZN9SensorIMU8resetIMUE6SPI_SS
                0x0800175c       0xec ./sensorIMU.o
                0x0800175c                SensorIMU::resetIMU(SPI_SS)
 .text._ZN9SensorIMU9configRegE6SPI_SShh
                0x08001848       0x84 ./sensorIMU.o
                0x08001848                SensorIMU::configReg(SPI_SS, unsigned char, unsigned char)
 .text._ZN9SensorIMU7initIMUE6SPI_SS
                0x080018cc      0x118 ./sensorIMU.o
                0x080018cc                SensorIMU::initIMU(SPI_SS)
 .text._ZN9SensorIMU6getIMUE6SPI_SSP13IMUReadStruct
                0x080019e4      0x124 ./sensorIMU.o
                0x080019e4                SensorIMU::getIMU(SPI_SS, IMUReadStruct*)
 .text._ZN9SensorIMU3runEv
                0x08001b08       0xd8 ./sensorIMU.o
                0x08001b08                SensorIMU::run()
 .text._ZN5RODOS5TopicI7IMUdataE7publishERS1_b
                0x08001be0       0x28 ./sensorIMU.o
                0x08001be0                RODOS::Topic<IMUdata>::publish(IMUdata&, bool)
 .text._ZN9SensorIMUD2Ev
                0x08001c08       0x30 ./sensorIMU.o
                0x08001c08                SensorIMU::~SensorIMU()
                0x08001c08                SensorIMU::~SensorIMU()
 .text._ZN9SensorIMUD0Ev
                0x08001c38       0x20 ./sensorIMU.o
                0x08001c38                SensorIMU::~SensorIMU()
 .text._Z41__static_initialization_and_destruction_0ii
                0x08001c58       0x3c ./sensorIMU.o
 .text._GLOBAL__sub_I_sensorIMU
                0x08001c94       0x10 ./sensorIMU.o
 .text._ZN18SensorHousekeepingC2Ev
                0x08001ca4       0x30 ./sensorhousekeeping.o
                0x08001ca4                SensorHousekeeping::SensorHousekeeping()
                0x08001ca4                SensorHousekeeping::SensorHousekeeping()
 *fill*         0x08001cd4        0x4 
 .text._ZN18SensorHousekeeping3runEv
                0x08001cd8      0x2d8 ./sensorhousekeeping.o
                0x08001cd8                SensorHousekeeping::run()
 .text._ZN5RODOS5TopicI6hkDataE7publishERS1_b
                0x08001fb0       0x28 ./sensorhousekeeping.o
                0x08001fb0                RODOS::Topic<hkData>::publish(hkData&, bool)
 .text._ZN18SensorHousekeepingD2Ev
                0x08001fd8       0x30 ./sensorhousekeeping.o
                0x08001fd8                SensorHousekeeping::~SensorHousekeeping()
                0x08001fd8                SensorHousekeeping::~SensorHousekeeping()
 .text._ZN18SensorHousekeepingD0Ev
                0x08002008       0x20 ./sensorhousekeeping.o
                0x08002008                SensorHousekeeping::~SensorHousekeeping()
 .text._Z41__static_initialization_and_destruction_0ii
                0x08002028       0x3c ./sensorhousekeeping.o
 .text._GLOBAL__sub_I_sensorHousekeeping
                0x08002064       0x10 ./sensorhousekeeping.o
 .text._ZN9SPIHelperC2Ev
                0x08002074       0x30 ./spihelper.o
                0x08002074                SPIHelper::SPIHelper()
                0x08002074                SPIHelper::SPIHelper()
 .text._ZN9SPIHelper4initEv
                0x080020a4       0x44 ./spihelper.o
                0x080020a4                SPIHelper::init()
 .text._ZN9SPIHelper11selectSlaveE6SPI_SS
                0x080020e8       0x94 ./spihelper.o
                0x080020e8                SPIHelper::selectSlave(SPI_SS)
 .text._ZN9SPIHelper13disableSlavesEv
                0x0800217c       0x38 ./spihelper.o
                0x0800217c                SPIHelper::disableSlaves()
 .text._ZN9SPIHelperD2Ev
                0x080021b4       0x30 ./spihelper.o
                0x080021b4                SPIHelper::~SPIHelper()
                0x080021b4                SPIHelper::~SPIHelper()
 .text._ZN9SPIHelperD0Ev
                0x080021e4       0x20 ./spihelper.o
                0x080021e4                SPIHelper::~SPIHelper()
 .text._Z41__static_initialization_and_destruction_0ii
                0x08002204       0x6c ./spihelper.o
 .text._GLOBAL__sub_I_spiHelper
                0x08002270       0x10 ./spihelper.o
 .text._ZN17StorageControllerC2Ev
                0x08002280       0x30 ./storagecontroller.o
                0x08002280                StorageController::StorageController()
                0x08002280                StorageController::StorageController()
 .text._ZN17StorageController3runEv
                0x080022b0       0x48 ./storagecontroller.o
                0x080022b0                StorageController::run()
 .text._ZN17StorageControllerD2Ev
                0x080022f8       0x30 ./storagecontroller.o
                0x080022f8                StorageController::~StorageController()
                0x080022f8                StorageController::~StorageController()
 .text._ZN17StorageControllerD0Ev
                0x08002328       0x20 ./storagecontroller.o
                0x08002328                StorageController::~StorageController()
 .text._Z41__static_initialization_and_destruction_0ii
                0x08002348       0x3c ./storagecontroller.o
 .text._GLOBAL__sub_I_storageController
                0x08002384       0x10 ./storagecontroller.o
 .text._ZN11TelecommandC2Ev
                0x08002394       0x30 ./telecommand.o
                0x08002394                Telecommand::Telecommand()
                0x08002394                Telecommand::Telecommand()
 .text._ZN11Telecommand13decodeCommandER9dpCommand
                0x080023c4       0x1c ./telecommand.o
                0x080023c4                Telecommand::decodeCommand(dpCommand&)
 .text._ZN11Telecommand3runEv
                0x080023e0       0xdc ./telecommand.o
                0x080023e0                Telecommand::run()
 .text._ZN11TelecommandD2Ev
                0x080024bc       0x30 ./telecommand.o
                0x080024bc                Telecommand::~Telecommand()
                0x080024bc                Telecommand::~Telecommand()
 .text._ZN11TelecommandD0Ev
                0x080024ec       0x20 ./telecommand.o
                0x080024ec                Telecommand::~Telecommand()
 .text._Z41__static_initialization_and_destruction_0ii
                0x0800250c       0x3c ./telecommand.o
 .text._GLOBAL__sub_I_telecommand
                0x08002548       0x10 ./telecommand.o
 .text._ZN9TelemetryC2Ev
                0x08002558       0x30 ./telemetry.o
                0x08002558                Telemetry::Telemetry()
                0x08002558                Telemetry::Telemetry()
 .text._ZN9Telemetry3runEv
                0x08002588       0xb8 ./telemetry.o
                0x08002588                Telemetry::run()
 .text._ZN9Telemetry9encodeIMUEPc
                0x08002640       0x88 ./telemetry.o
                0x08002640                Telemetry::encodeIMU(char*)
 .text._ZN9Telemetry14encodePresTempEPc
                0x080026c8       0x88 ./telemetry.o
                0x080026c8                Telemetry::encodePresTemp(char*)
 .text._ZN9Telemetry10encodeCalcEPc
                0x08002750       0xb4 ./telemetry.o
                0x08002750                Telemetry::encodeCalc(char*)
 .text._ZN9Telemetry16generateChecksumEPci
                0x08002804       0x24 ./telemetry.o
                0x08002804                Telemetry::generateChecksum(char*, int)
 .text._ZN5RODOS10CommBufferI7IMUdataE3getERS1_
                0x08002828       0x6c ./telemetry.o
                0x08002828                RODOS::CommBuffer<IMUdata>::get(IMUdata&)
 .text._ZN5RODOS10CommBufferI6hkDataE3getERS1_
                0x08002894       0x58 ./telemetry.o
                0x08002894                RODOS::CommBuffer<hkData>::get(hkData&)
 .text._ZN5RODOS10CommBufferI7cmdDataE3getERS1_
                0x080028ec       0x48 ./telemetry.o
                0x080028ec                RODOS::CommBuffer<cmdData>::get(cmdData&)
 .text._ZN9TelemetryD2Ev
                0x08002934       0x30 ./telemetry.o
                0x08002934                Telemetry::~Telemetry()
                0x08002934                Telemetry::~Telemetry()
 .text._ZN9TelemetryD0Ev
                0x08002964       0x20 ./telemetry.o
                0x08002964                Telemetry::~Telemetry()
 .text._Z41__static_initialization_and_destruction_0ii
                0x08002984       0x3c ./telemetry.o
 .text._GLOBAL__sub_I_telemetry
                0x080029c0       0x10 ./telemetry.o
 .text._ZN5RODOS14TopicInterfaceD2Ev
                0x080029d0       0x3c ./topics.o
                0x080029d0                RODOS::TopicInterface::~TopicInterface()
                0x080029d0                RODOS::TopicInterface::~TopicInterface()
 .text._ZN5RODOS14TopicInterfaceD0Ev
                0x08002a0c       0x20 ./topics.o
                0x08002a0c                RODOS::TopicInterface::~TopicInterface()
 .text._ZN5RODOS10SubscriberD2Ev
                0x08002a2c       0x3c ./topics.o
                0x08002a2c                RODOS::Subscriber::~Subscriber()
                0x08002a2c                RODOS::Subscriber::~Subscriber()
 .text._ZN5RODOS10SubscriberD0Ev
                0x08002a68       0x20 ./topics.o
                0x08002a68                RODOS::Subscriber::~Subscriber()
 .text._ZN5RODOS6PutterD2Ev
                0x08002a88       0x28 ./topics.o
                0x08002a88                RODOS::Putter::~Putter()
                0x08002a88                RODOS::Putter::~Putter()
 .text._ZN5RODOS6PutterD0Ev
                0x08002ab0       0x20 ./topics.o
                0x08002ab0                RODOS::Putter::~Putter()
 .text._ZN5RODOS6Putter10putGenericEljPKvRKNS_10NetMsgInfoE
                0x08002ad0       0x24 ./topics.o
                0x08002ad0                RODOS::Putter::putGeneric(long, unsigned int, void const*, RODOS::NetMsgInfo const&)
 .text._ZN5RODOS5TopicI7IMUdataEC2ElPKc
                0x08002af4       0x30 ./topics.o
                0x08002af4                RODOS::Topic<IMUdata>::Topic(long, char const*)
                0x08002af4                RODOS::Topic<IMUdata>::Topic(long, char const*)
 .text._ZN5RODOS6PutterC2Ev
                0x08002b24       0x20 ./topics.o
                0x08002b24                RODOS::Putter::Putter()
                0x08002b24                RODOS::Putter::Putter()
 .text._ZN5RODOS10CommBufferI7IMUdataEC2Ev
                0x08002b44       0x68 ./topics.o
                0x08002b44                RODOS::CommBuffer<IMUdata>::CommBuffer()
                0x08002b44                RODOS::CommBuffer<IMUdata>::CommBuffer()
 .text._ZN5RODOS5TopicI6hkDataEC2ElPKc
                0x08002bac       0x30 ./topics.o
                0x08002bac                RODOS::Topic<hkData>::Topic(long, char const*)
                0x08002bac                RODOS::Topic<hkData>::Topic(long, char const*)
 .text._ZN5RODOS10CommBufferI6hkDataEC2Ev
                0x08002bdc       0x64 ./topics.o
                0x08002bdc                RODOS::CommBuffer<hkData>::CommBuffer()
                0x08002bdc                RODOS::CommBuffer<hkData>::CommBuffer()
 .text._ZN5RODOS5TopicI7cmdDataEC2ElPKc
                0x08002c40       0x30 ./topics.o
                0x08002c40                RODOS::Topic<cmdData>::Topic(long, char const*)
                0x08002c40                RODOS::Topic<cmdData>::Topic(long, char const*)
 .text._ZN5RODOS10CommBufferI7cmdDataEC2Ev
                0x08002c70       0x64 ./topics.o
                0x08002c70                RODOS::CommBuffer<cmdData>::CommBuffer()
                0x08002c70                RODOS::CommBuffer<cmdData>::CommBuffer()
 .text._ZN5RODOS5TopicI6statusEC2ElPKc
                0x08002cd4       0x30 ./topics.o
                0x08002cd4                RODOS::Topic<status>::Topic(long, char const*)
                0x08002cd4                RODOS::Topic<status>::Topic(long, char const*)
 .text._ZN5RODOS10CommBufferI6statusEC2Ev
                0x08002d04       0x64 ./topics.o
                0x08002d04                RODOS::CommBuffer<status>::CommBuffer()
                0x08002d04                RODOS::CommBuffer<status>::CommBuffer()
 .text._ZN5RODOS5TopicI6tcDataEC2ElPKc
                0x08002d68       0x30 ./topics.o
                0x08002d68                RODOS::Topic<tcData>::Topic(long, char const*)
                0x08002d68                RODOS::Topic<tcData>::Topic(long, char const*)
 .text._ZN5RODOS10CommBufferI6tcDataEC2Ev
                0x08002d98       0x64 ./topics.o
                0x08002d98                RODOS::CommBuffer<tcData>::CommBuffer()
                0x08002d98                RODOS::CommBuffer<tcData>::CommBuffer()
 .text._ZN5RODOS10CommBufferI6tcDataED2Ev
                0x08002dfc       0x30 ./topics.o
                0x08002dfc                RODOS::CommBuffer<tcData>::~CommBuffer()
                0x08002dfc                RODOS::CommBuffer<tcData>::~CommBuffer()
 .text._ZN5RODOS10CommBufferI6tcDataED0Ev
                0x08002e2c       0x20 ./topics.o
                0x08002e2c                RODOS::CommBuffer<tcData>::~CommBuffer()
 .text._ZN5RODOS10CommBufferI6statusED2Ev
                0x08002e4c       0x30 ./topics.o
                0x08002e4c                RODOS::CommBuffer<status>::~CommBuffer()
                0x08002e4c                RODOS::CommBuffer<status>::~CommBuffer()
 .text._ZN5RODOS10CommBufferI6statusED0Ev
                0x08002e7c       0x20 ./topics.o
                0x08002e7c                RODOS::CommBuffer<status>::~CommBuffer()
 .text._ZN5RODOS10CommBufferI7cmdDataED2Ev
                0x08002e9c       0x30 ./topics.o
                0x08002e9c                RODOS::CommBuffer<cmdData>::~CommBuffer()
                0x08002e9c                RODOS::CommBuffer<cmdData>::~CommBuffer()
 .text._ZN5RODOS10CommBufferI7cmdDataED0Ev
                0x08002ecc       0x20 ./topics.o
                0x08002ecc                RODOS::CommBuffer<cmdData>::~CommBuffer()
 .text._ZN5RODOS10CommBufferI6hkDataED2Ev
                0x08002eec       0x30 ./topics.o
                0x08002eec                RODOS::CommBuffer<hkData>::~CommBuffer()
                0x08002eec                RODOS::CommBuffer<hkData>::~CommBuffer()
 .text._ZN5RODOS10CommBufferI6hkDataED0Ev
                0x08002f1c       0x20 ./topics.o
                0x08002f1c                RODOS::CommBuffer<hkData>::~CommBuffer()
 .text._ZN5RODOS10CommBufferI7IMUdataED2Ev
                0x08002f3c       0x30 ./topics.o
                0x08002f3c                RODOS::CommBuffer<IMUdata>::~CommBuffer()
                0x08002f3c                RODOS::CommBuffer<IMUdata>::~CommBuffer()
 .text._ZN5RODOS10CommBufferI7IMUdataED0Ev
                0x08002f6c       0x20 ./topics.o
                0x08002f6c                RODOS::CommBuffer<IMUdata>::~CommBuffer()
 .text._Z41__static_initialization_and_destruction_0ii
                0x08002f8c      0x1e8 ./topics.o
 .text._ZN5RODOS10CommBufferI6tcDataE10putGenericEljPKvRKNS_10NetMsgInfoE
                0x08003174       0x34 ./topics.o
                0x08003174                RODOS::CommBuffer<tcData>::putGeneric(long, unsigned int, void const*, RODOS::NetMsgInfo const&)
 .text._ZN5RODOS5TopicI6tcDataED2Ev
                0x080031a8       0x3c ./topics.o
                0x080031a8                RODOS::Topic<tcData>::~Topic()
                0x080031a8                RODOS::Topic<tcData>::~Topic()
 .text._ZN5RODOS5TopicI6tcDataED0Ev
                0x080031e4       0x20 ./topics.o
                0x080031e4                RODOS::Topic<tcData>::~Topic()
 .text._ZN5RODOS10CommBufferI6statusE10putGenericEljPKvRKNS_10NetMsgInfoE
                0x08003204       0x34 ./topics.o
                0x08003204                RODOS::CommBuffer<status>::putGeneric(long, unsigned int, void const*, RODOS::NetMsgInfo const&)
 .text._ZN5RODOS5TopicI6statusED2Ev
                0x08003238       0x3c ./topics.o
                0x08003238                RODOS::Topic<status>::~Topic()
                0x08003238                RODOS::Topic<status>::~Topic()
 .text._ZN5RODOS5TopicI6statusED0Ev
                0x08003274       0x20 ./topics.o
                0x08003274                RODOS::Topic<status>::~Topic()
 .text._ZN5RODOS10CommBufferI7cmdDataE10putGenericEljPKvRKNS_10NetMsgInfoE
                0x08003294       0x34 ./topics.o
                0x08003294                RODOS::CommBuffer<cmdData>::putGeneric(long, unsigned int, void const*, RODOS::NetMsgInfo const&)
 .text._ZN5RODOS5TopicI7cmdDataED2Ev
                0x080032c8       0x3c ./topics.o
                0x080032c8                RODOS::Topic<cmdData>::~Topic()
                0x080032c8                RODOS::Topic<cmdData>::~Topic()
 .text._ZN5RODOS5TopicI7cmdDataED0Ev
                0x08003304       0x20 ./topics.o
                0x08003304                RODOS::Topic<cmdData>::~Topic()
 .text._ZN5RODOS10CommBufferI6hkDataE10putGenericEljPKvRKNS_10NetMsgInfoE
                0x08003324       0x34 ./topics.o
                0x08003324                RODOS::CommBuffer<hkData>::putGeneric(long, unsigned int, void const*, RODOS::NetMsgInfo const&)
 .text._ZN5RODOS5TopicI6hkDataED2Ev
                0x08003358       0x3c ./topics.o
                0x08003358                RODOS::Topic<hkData>::~Topic()
                0x08003358                RODOS::Topic<hkData>::~Topic()
 .text._ZN5RODOS5TopicI6hkDataED0Ev
                0x08003394       0x20 ./topics.o
                0x08003394                RODOS::Topic<hkData>::~Topic()
 .text._ZN5RODOS10CommBufferI7IMUdataE10putGenericEljPKvRKNS_10NetMsgInfoE
                0x080033b4       0x34 ./topics.o
                0x080033b4                RODOS::CommBuffer<IMUdata>::putGeneric(long, unsigned int, void const*, RODOS::NetMsgInfo const&)
 .text._ZN5RODOS5TopicI7IMUdataED2Ev
                0x080033e8       0x3c ./topics.o
                0x080033e8                RODOS::Topic<IMUdata>::~Topic()
                0x080033e8                RODOS::Topic<IMUdata>::~Topic()
 .text._ZN5RODOS5TopicI7IMUdataED0Ev
                0x08003424       0x20 ./topics.o
                0x08003424                RODOS::Topic<IMUdata>::~Topic()
 .text._ZN5RODOS10CommBufferI6tcDataE3putERS1_
                0x08003444       0x68 ./topics.o
                0x08003444                RODOS::CommBuffer<tcData>::put(tcData&)
 .text._ZN5RODOS10CommBufferI6statusE3putERS1_
                0x080034ac       0x6c ./topics.o
                0x080034ac                RODOS::CommBuffer<status>::put(status&)
 .text._ZN5RODOS10CommBufferI7cmdDataE3putERS1_
                0x08003518       0x68 ./topics.o
                0x08003518                RODOS::CommBuffer<cmdData>::put(cmdData&)
 .text._ZN5RODOS10CommBufferI6hkDataE3putERS1_
                0x08003580       0x78 ./topics.o
                0x08003580                RODOS::CommBuffer<hkData>::put(hkData&)
 .text._ZN5RODOS10CommBufferI7IMUdataE3putERS1_
                0x080035f8       0x9c ./topics.o
                0x080035f8                RODOS::CommBuffer<IMUdata>::put(IMUdata&)
 .text._GLOBAL__sub_I_IMUTopic
                0x08003694       0x10 ./topics.o
 .text._ZN5RODOS6swap16Es
                0x080036a4       0x3c C:\Users\TobiZ\Eclipse Luna SR1 121\Workspace\rodos\Debug_STM32F4\librodos.a(bytesex.o)
                0x080036a4                RODOS::swap16(short)
 .text._ZN5RODOS7YprintfD2Ev
                0x080036e0       0x28 C:\Users\TobiZ\Eclipse Luna SR1 121\Workspace\rodos\Debug_STM32F4\librodos.a(debug.o)
                0x080036e0                RODOS::Yprintf::~Yprintf()
                0x080036e0                RODOS::Yprintf::~Yprintf()
 .text._ZN5RODOS7YprintfD0Ev
                0x08003708       0x20 C:\Users\TobiZ\Eclipse Luna SR1 121\Workspace\rodos\Debug_STM32F4\librodos.a(debug.o)
                0x08003708                RODOS::Yprintf::~Yprintf()
 .text._ZN5RODOS7Yprintf5yputcEc
                0x08003728       0x1c C:\Users\TobiZ\Eclipse Luna SR1 121\Workspace\rodos\Debug_STM32F4\librodos.a(debug.o)
                0x08003728                RODOS::Yprintf::yputc(char)
 .text._ZN5RODOS7YprintfC2Ev
                0x08003744       0x20 C:\Users\TobiZ\Eclipse Luna SR1 121\Workspace\rodos\Debug_STM32F4\librodos.a(debug.o)
                0x08003744                RODOS::Yprintf::Yprintf()
                0x08003744                RODOS::Yprintf::Yprintf()
 .text._ZN5RODOS6PRINTFEPKcz
                0x08003764       0x8c C:\Users\TobiZ\Eclipse Luna SR1 121\Workspace\rodos\Debug_STM32F4\librodos.a(debug.o)
                0x08003764                RODOS::PRINTF(char const*, ...)
 .text._ZN5RODOS5ERROREPKc
                0x080037f0       0x34 C:\Users\TobiZ\Eclipse Luna SR1 121\Workspace\rodos\Debug_STM32F4\librodos.a(debug.o)
                0x080037f0                RODOS::ERROR(char const*)
 .text._Z41__static_initialization_and_destruction_0ii
                0x08003824       0x2c C:\Users\TobiZ\Eclipse Luna SR1 121\Workspace\rodos\Debug_STM32F4\librodos.a(debug.o)
 .text._GLOBAL__sub_I__ZN5RODOS12errorCounterE
                0x08003850       0x10 C:\Users\TobiZ\Eclipse Luna SR1 121\Workspace\rodos\Debug_STM32F4\librodos.a(debug.o)
 .text._ZN5RODOS18GenericIOInterface4initEz
                0x08003860       0x14 C:\Users\TobiZ\Eclipse Luna SR1 121\Workspace\rodos\Debug_STM32F4\librodos.a(genericIO.o)
                0x08003860                RODOS::GenericIOInterface::init(...)
 .text._ZN5RODOS18GenericIOInterface5resetEv
                0x08003874       0x14 C:\Users\TobiZ\Eclipse Luna SR1 121\Workspace\rodos\Debug_STM32F4\librodos.a(genericIO.o)
                0x08003874                RODOS::GenericIOInterface::reset()
 .text._ZN5RODOS18GenericIOInterface6configEz
                0x08003888       0x14 C:\Users\TobiZ\Eclipse Luna SR1 121\Workspace\rodos\Debug_STM32F4\librodos.a(genericIO.o)
                0x08003888                RODOS::GenericIOInterface::config(...)
 .text._ZN5RODOS18GenericIOInterface6statusEz
                0x0800389c       0x14 C:\Users\TobiZ\Eclipse Luna SR1 121\Workspace\rodos\Debug_STM32F4\librodos.a(genericIO.o)
                0x0800389c                RODOS::GenericIOInterface::status(...)
 .text._ZN5RODOS18GenericIOInterface14isReadFinishedEv
                0x080038b0       0x18 C:\Users\TobiZ\Eclipse Luna SR1 121\Workspace\rodos\Debug_STM32F4\librodos.a(genericIO.o)
                0x080038b0                RODOS::GenericIOInterface::isReadFinished()
 .text._ZN5RODOS18GenericIOInterface11isDataReadyEv
                0x080038c8       0x18 C:\Users\TobiZ\Eclipse Luna SR1 121\Workspace\rodos\Debug_STM32F4\librodos.a(genericIO.o)
                0x080038c8                RODOS::GenericIOInterface::isDataReady()
 .text._ZN5RODOS18GenericIOInterface5writeEz
                0x080038e0       0x14 C:\Users\TobiZ\Eclipse Luna SR1 121\Workspace\rodos\Debug_STM32F4\librodos.a(genericIO.o)
                0x080038e0                RODOS::GenericIOInterface::write(...)
 .text._ZN5RODOS18GenericIOInterface4readEz
                0x080038f4       0x14 C:\Users\TobiZ\Eclipse Luna SR1 121\Workspace\rodos\Debug_STM32F4\librodos.a(genericIO.o)
                0x080038f4                RODOS::GenericIOInterface::read(...)
 .text._ZN5RODOS18GenericIOInterface9writeReadEz
                0x08003908       0x14 C:\Users\TobiZ\Eclipse Luna SR1 121\Workspace\rodos\Debug_STM32F4\librodos.a(genericIO.o)
                0x08003908                RODOS::GenericIOInterface::writeRead(...)
 .text._ZN5RODOS18GenericIOInterfaceC2Ev
                0x0800391c       0x38 C:\Users\TobiZ\Eclipse Luna SR1 121\Workspace\rodos\Debug_STM32F4\librodos.a(genericIO.o)
                0x0800391c                RODOS::GenericIOInterface::GenericIOInterface()
                0x0800391c                RODOS::GenericIOInterface::GenericIOInterface()
 .text._ZN5RODOS18GenericIOInterface25suspendUntilWriteFinishedEx
                0x08003954       0x4c C:\Users\TobiZ\Eclipse Luna SR1 121\Workspace\rodos\Debug_STM32F4\librodos.a(genericIO.o)
                0x08003954                RODOS::GenericIOInterface::suspendUntilWriteFinished(long long)
 .text._ZN5RODOS18GenericIOInterface21suspendUntilDataReadyEx
                0x080039a0       0x4c C:\Users\TobiZ\Eclipse Luna SR1 121\Workspace\rodos\Debug_STM32F4\librodos.a(genericIO.o)
                0x080039a0                RODOS::GenericIOInterface::suspendUntilDataReady(long long)
 .text._ZN5RODOS18GenericIOInterface19upCallWriteFinishedEv
                0x080039ec       0x40 C:\Users\TobiZ\Eclipse Luna SR1 121\Workspace\rodos\Debug_STM32F4\librodos.a(genericIO.o)
                0x080039ec                RODOS::GenericIOInterface::upCallWriteFinished()
 .text._ZN5RODOS18GenericIOInterface18upCallReadFinishedEv
                0x08003a2c       0x40 C:\Users\TobiZ\Eclipse Luna SR1 121\Workspace\rodos\Debug_STM32F4\librodos.a(genericIO.o)
                0x08003a2c                RODOS::GenericIOInterface::upCallReadFinished()
 .text._ZN5RODOS18GenericIOInterface15upCallDataReadyEv
                0x08003a6c       0x40 C:\Users\TobiZ\Eclipse Luna SR1 121\Workspace\rodos\Debug_STM32F4\librodos.a(genericIO.o)
                0x08003a6c                RODOS::GenericIOInterface::upCallDataReady()
 .text._ZN5RODOS11ListElementC2ERPS0_PKcPv
                0x08003aac       0x40 C:\Users\TobiZ\Eclipse Luna SR1 121\Workspace\rodos\Debug_STM32F4\librodos.a(listelement.o)
                0x08003aac                RODOS::ListElement::ListElement(RODOS::ListElement*&, char const*, void*)
                0x08003aac                RODOS::ListElement::ListElement(RODOS::ListElement*&, char const*, void*)
 .text._ZN5RODOS11ListElement6appendERPS0_
                0x08003aec       0x50 C:\Users\TobiZ\Eclipse Luna SR1 121\Workspace\rodos\Debug_STM32F4\librodos.a(listelement.o)
                0x08003aec                RODOS::ListElement::append(RODOS::ListElement*&)
 .text._ZN5RODOS11ListElementD2Ev
                0x08003b3c       0x1c C:\Users\TobiZ\Eclipse Luna SR1 121\Workspace\rodos\Debug_STM32F4\librodos.a(listelement.o)
                0x08003b3c                RODOS::ListElement::~ListElement()
                0x08003b3c                RODOS::ListElement::~ListElement()
 .text._ZNK5RODOS11ListElement7getNextEv
                0x08003b58       0x18 C:\Users\TobiZ\Eclipse Luna SR1 121\Workspace\rodos\Debug_STM32F4\librodos.a(main.o)
                0x08003b58                RODOS::ListElement::getNext() const
 .text._ZNK5RODOS11ListElement7getNameEv
                0x08003b70       0x18 C:\Users\TobiZ\Eclipse Luna SR1 121\Workspace\rodos\Debug_STM32F4\librodos.a(main.o)
                0x08003b70                RODOS::ListElement::getName() const
 .text._ZN5RODOS10initSystemEv
                0x08003b88      0x208 C:\Users\TobiZ\Eclipse Luna SR1 121\Workspace\rodos\Debug_STM32F4\librodos.a(main.o)
                0x08003b88                RODOS::initSystem()
 .text.main     0x08003d90       0xcc C:\Users\TobiZ\Eclipse Luna SR1 121\Workspace\rodos\Debug_STM32F4\librodos.a(main.o)
                0x08003d90                main
 .text._Z4MAINv
                0x08003e5c       0x10 C:\Users\TobiZ\Eclipse Luna SR1 121\Workspace\rodos\Debug_STM32F4\librodos.a(main_usermain.o)
                0x08003e5c                MAIN()
 .text.strlen   0x08003e6c       0x3c C:\Users\TobiZ\Eclipse Luna SR1 121\Workspace\rodos\Debug_STM32F4\librodos.a(string_pico.o)
                0x08003e6c                strlen
 .text.memcpy   0x08003ea8       0x54 C:\Users\TobiZ\Eclipse Luna SR1 121\Workspace\rodos\Debug_STM32F4\librodos.a(string_pico.o)
                0x08003ea8                memcpy
 .text._ZdlPv   0x08003efc       0x14 C:\Users\TobiZ\Eclipse Luna SR1 121\Workspace\rodos\Debug_STM32F4\librodos.a(string_pico.o)
                0x08003efc                operator delete(void*)
 .text._ZN5RODOS10SubscriberC2ERNS_14TopicInterfaceERNS_6PutterEPKcb
                0x08003f10       0x64 C:\Users\TobiZ\Eclipse Luna SR1 121\Workspace\rodos\Debug_STM32F4\librodos.a(subscriber.o)
                0x08003f10                RODOS::Subscriber::Subscriber(RODOS::TopicInterface&, RODOS::Putter&, char const*, bool)
                0x08003f10                RODOS::Subscriber::Subscriber(RODOS::TopicInterface&, RODOS::Putter&, char const*, bool)
 .text._ZN5RODOS10Subscriber3putEllPKvl
                0x08003f74       0x20 C:\Users\TobiZ\Eclipse Luna SR1 121\Workspace\rodos\Debug_STM32F4\librodos.a(subscriber.o)
                0x08003f74                RODOS::Subscriber::put(long, long, void const*, long)
 .text._ZN5RODOS10Subscriber3putEllPKvRKNS_10NetMsgInfoE
                0x08003f94       0xac C:\Users\TobiZ\Eclipse Luna SR1 121\Workspace\rodos\Debug_STM32F4\librodos.a(subscriber.o)
                0x08003f94                RODOS::Subscriber::put(long, long, void const*, RODOS::NetMsgInfo const&)
 .text._ZN5RODOS10Subscriber16putFromInterruptElPKvi
                0x08004040       0x3c C:\Users\TobiZ\Eclipse Luna SR1 121\Workspace\rodos\Debug_STM32F4\librodos.a(subscriber.o)
                0x08004040                RODOS::Subscriber::putFromInterrupt(long, void const*, int)
 .text._ZN5RODOS6Thread15setPeriodicBeatExx
                0x0800407c       0x2c C:\Users\TobiZ\Eclipse Luna SR1 121\Workspace\rodos\Debug_STM32F4\librodos.a(thread.o)
                0x0800407c                RODOS::Thread::setPeriodicBeat(long long, long long)
 .text._ZN5RODOS6Thread20suspendUntilNextBeatEv
                0x080040a8       0x64 C:\Users\TobiZ\Eclipse Luna SR1 121\Workspace\rodos\Debug_STM32F4\librodos.a(thread.o)
                0x080040a8                RODOS::Thread::suspendUntilNextBeat()
 .text._ZN5RODOS6Thread20setPrioCurrentRunnerEl
                0x0800410c       0x28 C:\Users\TobiZ\Eclipse Luna SR1 121\Workspace\rodos\Debug_STM32F4\librodos.a(thread.o)
                0x0800410c                RODOS::Thread::setPrioCurrentRunner(long)
 .text._ZN5RODOS9TimeEvent9propagateEx
                0x08004134       0xdc C:\Users\TobiZ\Eclipse Luna SR1 121\Workspace\rodos\Debug_STM32F4\librodos.a(timeevent.o)
                0x08004134                RODOS::TimeEvent::propagate(long long)
 .text._ZN5RODOS9TimeEvent15initAllElementsEv
                0x08004210       0x60 C:\Users\TobiZ\Eclipse Luna SR1 121\Workspace\rodos\Debug_STM32F4\librodos.a(timeevent.o)
                0x08004210                RODOS::TimeEvent::initAllElements()
 .text._ZN5RODOS9TimeModelC2Ev
                0x08004270       0x48 C:\Users\TobiZ\Eclipse Luna SR1 121\Workspace\rodos\Debug_STM32F4\librodos.a(timemodel.o)
                0x08004270                RODOS::TimeModel::TimeModel()
                0x08004270                RODOS::TimeModel::TimeModel()
 .text._ZN5RODOS9TimeModel14getNanosecondsEv
                0x080042b8       0x14 C:\Users\TobiZ\Eclipse Luna SR1 121\Workspace\rodos\Debug_STM32F4\librodos.a(timemodel.o)
                0x080042b8                RODOS::TimeModel::getNanoseconds()
 .text._ZN5RODOS9TimeModel15computeNextBeatExxx
                0x080042cc       0x88 C:\Users\TobiZ\Eclipse Luna SR1 121\Workspace\rodos\Debug_STM32F4\librodos.a(timemodel.o)
                0x080042cc                RODOS::TimeModel::computeNextBeat(long long, long long, long long)
 .text._Z41__static_initialization_and_destruction_0ii
                0x08004354       0x2c C:\Users\TobiZ\Eclipse Luna SR1 121\Workspace\rodos\Debug_STM32F4\librodos.a(timemodel.o)
 .text._GLOBAL__sub_I__ZN5RODOS7sysTimeE
                0x08004380       0x10 C:\Users\TobiZ\Eclipse Luna SR1 121\Workspace\rodos\Debug_STM32F4\librodos.a(timemodel.o)
 .text._ZN5RODOS14TopicInterfaceC2EllPKc
                0x08004390       0xe0 C:\Users\TobiZ\Eclipse Luna SR1 121\Workspace\rodos\Debug_STM32F4\librodos.a(topic.o)
                0x08004390                RODOS::TopicInterface::TopicInterface(long, long, char const*)
                0x08004390                RODOS::TopicInterface::TopicInterface(long, long, char const*)
 .text._ZN5RODOS14TopicInterface7publishEPvbPNS_10NetMsgInfoE
                0x08004470       0x30 C:\Users\TobiZ\Eclipse Luna SR1 121\Workspace\rodos\Debug_STM32F4\librodos.a(topic.o)
                0x08004470                RODOS::TopicInterface::publish(void*, bool, RODOS::NetMsgInfo*)
 .text._ZN5RODOS14TopicInterface14publishMsgPartEPvjbPNS_10NetMsgInfoE
                0x080044a0      0x13c C:\Users\TobiZ\Eclipse Luna SR1 121\Workspace\rodos\Debug_STM32F4\librodos.a(topic.o)
                0x080044a0                RODOS::TopicInterface::publishMsgPart(void*, unsigned int, bool, RODOS::NetMsgInfo*)
 .text._ZN5RODOS5TopicINS_13GenericMsgRefEED2Ev
                0x080045dc       0x3c C:\Users\TobiZ\Eclipse Luna SR1 121\Workspace\rodos\Debug_STM32F4\librodos.a(topic.o)
                0x080045dc                RODOS::Topic<RODOS::GenericMsgRef>::~Topic()
                0x080045dc                RODOS::Topic<RODOS::GenericMsgRef>::~Topic()
 .text._ZN5RODOS5TopicINS_13GenericMsgRefEED0Ev
                0x08004618       0x20 C:\Users\TobiZ\Eclipse Luna SR1 121\Workspace\rodos\Debug_STM32F4\librodos.a(topic.o)
                0x08004618                RODOS::Topic<RODOS::GenericMsgRef>::~Topic()
 .text._ZN5RODOS5TopicINS_13GenericMsgRefEEC2ElPKc
                0x08004638       0x30 C:\Users\TobiZ\Eclipse Luna SR1 121\Workspace\rodos\Debug_STM32F4\librodos.a(topic.o)
                0x08004638                RODOS::Topic<RODOS::GenericMsgRef>::Topic(long, char const*)
                0x08004638                RODOS::Topic<RODOS::GenericMsgRef>::Topic(long, char const*)
 .text._ZN5RODOS5TopicINS_14NetworkMessageEEC2ElPKc
                0x08004668       0x30 C:\Users\TobiZ\Eclipse Luna SR1 121\Workspace\rodos\Debug_STM32F4\librodos.a(topic.o)
                0x08004668                RODOS::Topic<RODOS::NetworkMessage>::Topic(long, char const*)
                0x08004668                RODOS::Topic<RODOS::NetworkMessage>::Topic(long, char const*)
 .text._ZN5RODOS5TopicIPvEC2ElPKc
                0x08004698       0x30 C:\Users\TobiZ\Eclipse Luna SR1 121\Workspace\rodos\Debug_STM32F4\librodos.a(topic.o)
                0x08004698                RODOS::Topic<void*>::Topic(long, char const*)
                0x08004698                RODOS::Topic<void*>::Topic(long, char const*)
 .text._Z41__static_initialization_and_destruction_0ii
                0x080046c8      0x104 C:\Users\TobiZ\Eclipse Luna SR1 121\Workspace\rodos\Debug_STM32F4\librodos.a(topic.o)
 .text._ZN5RODOS5TopicIPvED2Ev
                0x080047cc       0x3c C:\Users\TobiZ\Eclipse Luna SR1 121\Workspace\rodos\Debug_STM32F4\librodos.a(topic.o)
                0x080047cc                RODOS::Topic<void*>::~Topic()
                0x080047cc                RODOS::Topic<void*>::~Topic()
 .text._ZN5RODOS5TopicIPvED0Ev
                0x08004808       0x20 C:\Users\TobiZ\Eclipse Luna SR1 121\Workspace\rodos\Debug_STM32F4\librodos.a(topic.o)
                0x08004808                RODOS::Topic<void*>::~Topic()
 .text._ZN5RODOS5TopicINS_14NetworkMessageEED2Ev
                0x08004828       0x3c C:\Users\TobiZ\Eclipse Luna SR1 121\Workspace\rodos\Debug_STM32F4\librodos.a(topic.o)
                0x08004828                RODOS::Topic<RODOS::NetworkMessage>::~Topic()
                0x08004828                RODOS::Topic<RODOS::NetworkMessage>::~Topic()
 .text._ZN5RODOS5TopicINS_14NetworkMessageEED0Ev
                0x08004864       0x20 C:\Users\TobiZ\Eclipse Luna SR1 121\Workspace\rodos\Debug_STM32F4\librodos.a(topic.o)
                0x08004864                RODOS::Topic<RODOS::NetworkMessage>::~Topic()
 .text._GLOBAL__sub_I__ZN5RODOS14TopicInterfaceC2EllPKc
                0x08004884       0x10 C:\Users\TobiZ\Eclipse Luna SR1 121\Workspace\rodos\Debug_STM32F4\librodos.a(topic.o)
 .text._ZN5RODOS7Yprintf8vaprintfEPKc
                0x08004894      0x4e4 C:\Users\TobiZ\Eclipse Luna SR1 121\Workspace\rodos\Debug_STM32F4\librodos.a(yprintf.o)
                0x08004894                RODOS::Yprintf::vaprintf(char const*)
 .text._ZN5RODOS7xprintfEPKcz
                0x08004d78       0x40 C:\Users\TobiZ\Eclipse Luna SR1 121\Workspace\rodos\Debug_STM32F4\librodos.a(yprintf.o)
                0x08004d78                RODOS::xprintf(char const*, ...)
 .text.call_constructors
                0x08004db8       0x40 C:\Users\TobiZ\Eclipse Luna SR1 121\Workspace\rodos\Debug_STM32F4\librodos.a(call_constructors.o)
                0x08004db8                call_constructors
 .text.__cxa_atexit
                0x08004df8       0x1c C:\Users\TobiZ\Eclipse Luna SR1 121\Workspace\rodos\Debug_STM32F4\librodos.a(call_constructors.o)
                0x08004df8                __cxa_atexit
 .text.__cxa_pure_virtual
                0x08004e14        0x8 C:\Users\TobiZ\Eclipse Luna SR1 121\Workspace\rodos\Debug_STM32F4\librodos.a(call_constructors.o)
                0x08004e14                __cxa_pure_virtual
 .text.Reset_Handler
                0x08004e1c       0x6c C:\Users\TobiZ\Eclipse Luna SR1 121\Workspace\rodos\Debug_STM32F4\librodos.a(startup_stm32f4xx.o)
                0x08004e1c                Reset_Handler
 .text.Default_Handler
                0x08004e88        0x8 C:\Users\TobiZ\Eclipse Luna SR1 121\Workspace\rodos\Debug_STM32F4\librodos.a(startup_stm32f4xx.o)
                0x08004e88                RTC_Alarm_IRQHandler
                0x08004e88                HASH_RNG_IRQHandler
                0x08004e88                TIM8_CC_IRQHandler
                0x08004e88                DebugMon_Handler
                0x08004e88                TIM1_CC_IRQHandler
                0x08004e88                PVD_IRQHandler
                0x08004e88                SDIO_IRQHandler
                0x08004e88                TAMP_STAMP_IRQHandler
                0x08004e88                CAN2_RX1_IRQHandler
                0x08004e88                TIM8_TRG_COM_TIM14_IRQHandler
                0x08004e88                TIM1_UP_TIM10_IRQHandler
                0x08004e88                TIM8_UP_TIM13_IRQHandler
                0x08004e88                I2C3_ER_IRQHandler
                0x08004e88                I2C2_EV_IRQHandler
                0x08004e88                DMA1_Stream2_IRQHandler
                0x08004e88                CAN1_RX0_IRQHandler
                0x08004e88                FPU_IRQHandler
                0x08004e88                OTG_HS_WKUP_IRQHandler
                0x08004e88                CAN2_SCE_IRQHandler
                0x08004e88                DMA2_Stream2_IRQHandler
                0x08004e88                SPI1_IRQHandler
                0x08004e88                TIM6_DAC_IRQHandler
                0x08004e88                TIM1_BRK_TIM9_IRQHandler
                0x08004e88                DCMI_IRQHandler
                0x08004e88                CAN2_RX0_IRQHandler
                0x08004e88                DMA2_Stream3_IRQHandler
                0x08004e88                CRYP_IRQHandler
                0x08004e88                CAN1_RX1_IRQHandler
                0x08004e88                DMA2_Stream0_IRQHandler
                0x08004e88                TIM4_IRQHandler
                0x08004e88                I2C1_EV_IRQHandler
                0x08004e88                TIM3_IRQHandler
                0x08004e88                RCC_IRQHandler
                0x08004e88                TIM8_BRK_TIM12_IRQHandler
                0x08004e88                Default_Handler
                0x08004e88                ADC_IRQHandler
                0x08004e88                DMA1_Stream7_IRQHandler
                0x08004e88                TIM7_IRQHandler
                0x08004e88                CAN2_TX_IRQHandler
                0x08004e88                I2C3_EV_IRQHandler
                0x08004e88                RTC_WKUP_IRQHandler
                0x08004e88                ETH_WKUP_IRQHandler
                0x08004e88                SPI2_IRQHandler
                0x08004e88                OTG_HS_EP1_IN_IRQHandler
                0x08004e88                DMA1_Stream0_IRQHandler
                0x08004e88                CAN1_TX_IRQHandler
                0x08004e88                FSMC_IRQHandler
                0x08004e88                ETH_IRQHandler
                0x08004e88                OTG_HS_EP1_OUT_IRQHandler
                0x08004e88                WWDG_IRQHandler
                0x08004e88                TIM2_IRQHandler
                0x08004e88                OTG_FS_WKUP_IRQHandler
                0x08004e88                OTG_HS_IRQHandler
                0x08004e88                I2C2_ER_IRQHandler
                0x08004e88                DMA2_Stream1_IRQHandler
                0x08004e88                CAN1_SCE_IRQHandler
                0x08004e88                FLASH_IRQHandler
                0x08004e88                DMA2_Stream4_IRQHandler
                0x08004e88                OTG_FS_IRQHandler
                0x08004e88                SPI3_IRQHandler
                0x08004e88                DMA1_Stream4_IRQHandler
                0x08004e88                I2C1_ER_IRQHandler
                0x08004e88                DMA2_Stream6_IRQHandler
 .text._ZnwjPv  0x08004e90       0x18 C:\Users\TobiZ\Eclipse Luna SR1 121\Workspace\rodos\Debug_STM32F4\librodos.a(hal_gpio.o)
                0x08004e90                operator new(unsigned int, void*)
 .text._ZN5RODOS8HAL_GPIO15isWriteFinishedEv
                0x08004ea8       0x18 C:\Users\TobiZ\Eclipse Luna SR1 121\Workspace\rodos\Debug_STM32F4\librodos.a(hal_gpio.o)
                0x08004ea8                RODOS::HAL_GPIO::isWriteFinished()
 .text._ZN5RODOS8HAL_GPIO14isReadFinishedEv
                0x08004ec0       0x18 C:\Users\TobiZ\Eclipse Luna SR1 121\Workspace\rodos\Debug_STM32F4\librodos.a(hal_gpio.o)
                0x08004ec0                RODOS::HAL_GPIO::isReadFinished()
 .text.NVIC_EnableIRQ
                0x08004ed8       0x30 C:\Users\TobiZ\Eclipse Luna SR1 121\Workspace\rodos\Debug_STM32F4\librodos.a(hal_gpio.o)
 .text.NVIC_ClearPendingIRQ
                0x08004f08       0x34 C:\Users\TobiZ\Eclipse Luna SR1 121\Workspace\rodos\Debug_STM32F4\librodos.a(hal_gpio.o)
 .text._ZN5RODOS17initEXTInterruptsEv
                0x08004f3c       0x54 C:\Users\TobiZ\Eclipse Luna SR1 121\Workspace\rodos\Debug_STM32F4\librodos.a(hal_gpio.o)
                0x08004f3c                RODOS::initEXTInterrupts()
 .text._ZN5RODOS11HW_HAL_GPIOC2ENS_8GPIO_PINEhb
                0x08004f90       0x6c C:\Users\TobiZ\Eclipse Luna SR1 121\Workspace\rodos\Debug_STM32F4\librodos.a(hal_gpio.o)
                0x08004f90                RODOS::HW_HAL_GPIO::HW_HAL_GPIO(RODOS::GPIO_PIN, unsigned char, bool)
                0x08004f90                RODOS::HW_HAL_GPIO::HW_HAL_GPIO(RODOS::GPIO_PIN, unsigned char, bool)
 .text._ZN5RODOS11HW_HAL_GPIO10setPinMaskEv
                0x08004ffc       0x74 C:\Users\TobiZ\Eclipse Luna SR1 121\Workspace\rodos\Debug_STM32F4\librodos.a(hal_gpio.o)
                0x08004ffc                RODOS::HW_HAL_GPIO::setPinMask()
 .text._ZN5RODOS11HW_HAL_GPIO13EXTIRQHandlerEv
                0x08005070       0x54 C:\Users\TobiZ\Eclipse Luna SR1 121\Workspace\rodos\Debug_STM32F4\librodos.a(hal_gpio.o)
                0x08005070                RODOS::HW_HAL_GPIO::EXTIRQHandler()
 .text._ZN5RODOS11HW_HAL_GPIO17getGPIO_PinSourceEm
                0x080050c4       0x38 C:\Users\TobiZ\Eclipse Luna SR1 121\Workspace\rodos\Debug_STM32F4\librodos.a(hal_gpio.o)
                0x080050c4                RODOS::HW_HAL_GPIO::getGPIO_PinSource(unsigned long)
 .text._ZN5RODOS11HW_HAL_GPIO23getRCC_APB1Periph_GPIOxEP12GPIO_TypeDef
                0x080050fc       0xd4 C:\Users\TobiZ\Eclipse Luna SR1 121\Workspace\rodos\Debug_STM32F4\librodos.a(hal_gpio.o)
                0x080050fc                RODOS::HW_HAL_GPIO::getRCC_APB1Periph_GPIOx(GPIO_TypeDef*)
 .text._ZN5RODOS11HW_HAL_GPIO12getSTM32PortENS_8GPIO_PINE
                0x080051d0       0xa8 C:\Users\TobiZ\Eclipse Luna SR1 121\Workspace\rodos\Debug_STM32F4\librodos.a(hal_gpio.o)
                0x080051d0                RODOS::HW_HAL_GPIO::getSTM32Port(RODOS::GPIO_PIN)
 .text._ZN5RODOS11HW_HAL_GPIO11getSTM32PinENS_8GPIO_PINE
                0x08005278       0x24 C:\Users\TobiZ\Eclipse Luna SR1 121\Workspace\rodos\Debug_STM32F4\librodos.a(hal_gpio.o)
                0x08005278                RODOS::HW_HAL_GPIO::getSTM32Pin(RODOS::GPIO_PIN)
 .text._ZN5RODOS11HW_HAL_GPIO14configureAFPinENS_8GPIO_PINEh
                0x0800529c       0xa0 C:\Users\TobiZ\Eclipse Luna SR1 121\Workspace\rodos\Debug_STM32F4\librodos.a(hal_gpio.o)
                0x0800529c                RODOS::HW_HAL_GPIO::configureAFPin(RODOS::GPIO_PIN, unsigned char)
 .text._ZN5RODOS11HW_HAL_GPIO8resetPinENS_8GPIO_PINE
                0x0800533c       0x60 C:\Users\TobiZ\Eclipse Luna SR1 121\Workspace\rodos\Debug_STM32F4\librodos.a(hal_gpio.o)
                0x0800533c                RODOS::HW_HAL_GPIO::resetPin(RODOS::GPIO_PIN)
 .text._ZN5RODOS8HAL_GPIOC2ENS_8GPIO_PINE
                0x0800539c       0x68 C:\Users\TobiZ\Eclipse Luna SR1 121\Workspace\rodos\Debug_STM32F4\librodos.a(hal_gpio.o)
                0x0800539c                RODOS::HAL_GPIO::HAL_GPIO(RODOS::GPIO_PIN)
                0x0800539c                RODOS::HAL_GPIO::HAL_GPIO(RODOS::GPIO_PIN)
 .text._ZN5RODOS8HAL_GPIO4initEbmm
                0x08005404       0x90 C:\Users\TobiZ\Eclipse Luna SR1 121\Workspace\rodos\Debug_STM32F4\librodos.a(hal_gpio.o)
                0x08005404                RODOS::HAL_GPIO::init(bool, unsigned long, unsigned long)
 .text._ZN5RODOS8HAL_GPIO6configENS_13GPIO_CFG_TYPEEm
                0x08005494      0x158 C:\Users\TobiZ\Eclipse Luna SR1 121\Workspace\rodos\Debug_STM32F4\librodos.a(hal_gpio.o)
                0x08005494                RODOS::HAL_GPIO::config(RODOS::GPIO_CFG_TYPE, unsigned long)
 .text._ZN5RODOS8HAL_GPIO5resetEv
                0x080055ec       0x24 C:\Users\TobiZ\Eclipse Luna SR1 121\Workspace\rodos\Debug_STM32F4\librodos.a(hal_gpio.o)
                0x080055ec                RODOS::HAL_GPIO::reset()
 .text._ZN5RODOS8HAL_GPIO7setPinsEm
                0x08005610       0x98 C:\Users\TobiZ\Eclipse Luna SR1 121\Workspace\rodos\Debug_STM32F4\librodos.a(hal_gpio.o)
                0x08005610                RODOS::HAL_GPIO::setPins(unsigned long)
 .text._ZN5RODOS8HAL_GPIO11isDataReadyEv
                0x080056a8       0x1c C:\Users\TobiZ\Eclipse Luna SR1 121\Workspace\rodos\Debug_STM32F4\librodos.a(hal_gpio.o)
                0x080056a8                RODOS::HAL_GPIO::isDataReady()
 .text._ZN5RODOS8HAL_GPIO15interruptEnableEb
                0x080056c4      0x178 C:\Users\TobiZ\Eclipse Luna SR1 121\Workspace\rodos\Debug_STM32F4\librodos.a(hal_gpio.o)
                0x080056c4                RODOS::HAL_GPIO::interruptEnable(bool)
 .text.EXTI0_IRQHandler
                0x0800583c       0x24 C:\Users\TobiZ\Eclipse Luna SR1 121\Workspace\rodos\Debug_STM32F4\librodos.a(hal_gpio.o)
                0x0800583c                EXTI0_IRQHandler
 .text.EXTI1_IRQHandler
                0x08005860       0x24 C:\Users\TobiZ\Eclipse Luna SR1 121\Workspace\rodos\Debug_STM32F4\librodos.a(hal_gpio.o)
                0x08005860                EXTI1_IRQHandler
 .text.EXTI2_IRQHandler
                0x08005884       0x24 C:\Users\TobiZ\Eclipse Luna SR1 121\Workspace\rodos\Debug_STM32F4\librodos.a(hal_gpio.o)
                0x08005884                EXTI2_IRQHandler
 .text.EXTI3_IRQHandler
                0x080058a8       0x24 C:\Users\TobiZ\Eclipse Luna SR1 121\Workspace\rodos\Debug_STM32F4\librodos.a(hal_gpio.o)
                0x080058a8                EXTI3_IRQHandler
 .text.EXTI4_IRQHandler
                0x080058cc       0x24 C:\Users\TobiZ\Eclipse Luna SR1 121\Workspace\rodos\Debug_STM32F4\librodos.a(hal_gpio.o)
                0x080058cc                EXTI4_IRQHandler
 .text.EXTI9_5_IRQHandler
                0x080058f0       0x5c C:\Users\TobiZ\Eclipse Luna SR1 121\Workspace\rodos\Debug_STM32F4\librodos.a(hal_gpio.o)
                0x080058f0                EXTI9_5_IRQHandler
 .text.EXTI15_10_IRQHandler
                0x0800594c       0x5c C:\Users\TobiZ\Eclipse Luna SR1 121\Workspace\rodos\Debug_STM32F4\librodos.a(hal_gpio.o)
                0x0800594c                EXTI15_10_IRQHandler
 .text._ZN5RODOS10HW_HAL_I2CC2ENS_7I2C_IDXE
                0x080059a8       0x20 C:\Users\TobiZ\Eclipse Luna SR1 121\Workspace\rodos\Debug_STM32F4\librodos.a(hal_i2c.o)
                0x080059a8                RODOS::HW_HAL_I2C::HW_HAL_I2C(RODOS::I2C_IDX)
                0x080059a8                RODOS::HW_HAL_I2C::HW_HAL_I2C(RODOS::I2C_IDX)
 .text._ZN5RODOS10HW_HAL_I2CC2Ev
                0x080059c8       0x18 C:\Users\TobiZ\Eclipse Luna SR1 121\Workspace\rodos\Debug_STM32F4\librodos.a(hal_i2c.o)
                0x080059c8                RODOS::HW_HAL_I2C::HW_HAL_I2C()
                0x080059c8                RODOS::HW_HAL_I2C::HW_HAL_I2C()
 .text._ZN5RODOS7HAL_I2CC2ENS_7I2C_IDXENS_8GPIO_PINES2_
                0x080059e0       0x8c C:\Users\TobiZ\Eclipse Luna SR1 121\Workspace\rodos\Debug_STM32F4\librodos.a(hal_i2c.o)
                0x080059e0                RODOS::HAL_I2C::HAL_I2C(RODOS::I2C_IDX, RODOS::GPIO_PIN, RODOS::GPIO_PIN)
                0x080059e0                RODOS::HAL_I2C::HAL_I2C(RODOS::I2C_IDX, RODOS::GPIO_PIN, RODOS::GPIO_PIN)
 .text._ZN5RODOS7HAL_I2C4initEm
                0x08005a6c      0x118 C:\Users\TobiZ\Eclipse Luna SR1 121\Workspace\rodos\Debug_STM32F4\librodos.a(hal_i2c.o)
                0x08005a6c                RODOS::HAL_I2C::init(unsigned long)
 .text._ZN5RODOS7HAL_I2C5resetEv
                0x08005b84      0x158 C:\Users\TobiZ\Eclipse Luna SR1 121\Workspace\rodos\Debug_STM32F4\librodos.a(hal_i2c.o)
                0x08005b84                RODOS::HAL_I2C::reset()
 .text._ZN5RODOS7HAL_I2C15isWriteFinishedEv
                0x08005cdc       0x18 C:\Users\TobiZ\Eclipse Luna SR1 121\Workspace\rodos\Debug_STM32F4\librodos.a(hal_i2c.o)
                0x08005cdc                RODOS::HAL_I2C::isWriteFinished()
 .text._ZN5RODOS7HAL_I2C14isReadFinishedEv
                0x08005cf4       0x18 C:\Users\TobiZ\Eclipse Luna SR1 121\Workspace\rodos\Debug_STM32F4\librodos.a(hal_i2c.o)
                0x08005cf4                RODOS::HAL_I2C::isReadFinished()
 .text._ZN5RODOS10HW_HAL_I2C11initMembersEPNS_7HAL_I2CENS_7I2C_IDXENS_8GPIO_PINES4_
                0x08005d0c      0x10c C:\Users\TobiZ\Eclipse Luna SR1 121\Workspace\rodos\Debug_STM32F4\librodos.a(hal_i2c.o)
                0x08005d0c                RODOS::HW_HAL_I2C::initMembers(RODOS::HAL_I2C*, RODOS::I2C_IDX, RODOS::GPIO_PIN, RODOS::GPIO_PIN)
 .text._Z41__static_initialization_and_destruction_0ii
                0x08005e18       0x3c C:\Users\TobiZ\Eclipse Luna SR1 121\Workspace\rodos\Debug_STM32F4\librodos.a(hal_i2c.o)
 .text._GLOBAL__sub_I__ZN5RODOS16I2C_contextArrayE
                0x08005e54       0x10 C:\Users\TobiZ\Eclipse Luna SR1 121\Workspace\rodos\Debug_STM32F4\librodos.a(hal_i2c.o)
 .text._ZN5RODOS10HW_HAL_SPIC2Ev
                0x08005e64       0x18 C:\Users\TobiZ\Eclipse Luna SR1 121\Workspace\rodos\Debug_STM32F4\librodos.a(hal_spi.o)
                0x08005e64                RODOS::HW_HAL_SPI::HW_HAL_SPI()
                0x08005e64                RODOS::HW_HAL_SPI::HW_HAL_SPI()
 .text._ZN5RODOS10HW_HAL_SPIC2ENS_7SPI_IDXENS_8GPIO_PINES2_S2_
                0x08005e7c       0x4c C:\Users\TobiZ\Eclipse Luna SR1 121\Workspace\rodos\Debug_STM32F4\librodos.a(hal_spi.o)
                0x08005e7c                RODOS::HW_HAL_SPI::HW_HAL_SPI(RODOS::SPI_IDX, RODOS::GPIO_PIN, RODOS::GPIO_PIN, RODOS::GPIO_PIN)
                0x08005e7c                RODOS::HW_HAL_SPI::HW_HAL_SPI(RODOS::SPI_IDX, RODOS::GPIO_PIN, RODOS::GPIO_PIN, RODOS::GPIO_PIN)
 .text._ZN5RODOS10HW_HAL_SPI11initMembersENS_7SPI_IDXENS_8GPIO_PINES2_S2_
                0x08005ec8      0x1b4 C:\Users\TobiZ\Eclipse Luna SR1 121\Workspace\rodos\Debug_STM32F4\librodos.a(hal_spi.o)
                0x08005ec8                RODOS::HW_HAL_SPI::initMembers(RODOS::SPI_IDX, RODOS::GPIO_PIN, RODOS::GPIO_PIN, RODOS::GPIO_PIN)
 .text._ZN5RODOS10HW_HAL_SPI19waitOnTransferReadyEv
                0x0800607c       0xa0 C:\Users\TobiZ\Eclipse Luna SR1 121\Workspace\rodos\Debug_STM32F4\librodos.a(hal_spi.o)
                0x0800607c                RODOS::HW_HAL_SPI::waitOnTransferReady()
 .text._ZN5RODOS10HW_HAL_SPI11setBaudrateEm
                0x0800611c      0x108 C:\Users\TobiZ\Eclipse Luna SR1 121\Workspace\rodos\Debug_STM32F4\librodos.a(hal_spi.o)
                0x0800611c                RODOS::HW_HAL_SPI::setBaudrate(unsigned long)
 .text._ZN5RODOS7HAL_SPIC2ENS_7SPI_IDXENS_8GPIO_PINES2_S2_
                0x08006224       0x80 C:\Users\TobiZ\Eclipse Luna SR1 121\Workspace\rodos\Debug_STM32F4\librodos.a(hal_spi.o)
                0x08006224                RODOS::HAL_SPI::HAL_SPI(RODOS::SPI_IDX, RODOS::GPIO_PIN, RODOS::GPIO_PIN, RODOS::GPIO_PIN)
                0x08006224                RODOS::HAL_SPI::HAL_SPI(RODOS::SPI_IDX, RODOS::GPIO_PIN, RODOS::GPIO_PIN, RODOS::GPIO_PIN)
 .text._ZN5RODOS7HAL_SPI4initEmb
                0x080062a4      0x374 C:\Users\TobiZ\Eclipse Luna SR1 121\Workspace\rodos\Debug_STM32F4\librodos.a(hal_spi.o)
                0x080062a4                RODOS::HAL_SPI::init(unsigned long, bool)
 .text._ZN5RODOS7HAL_SPI5resetEv
                0x08006618      0x170 C:\Users\TobiZ\Eclipse Luna SR1 121\Workspace\rodos\Debug_STM32F4\librodos.a(hal_spi.o)
                0x08006618                RODOS::HAL_SPI::reset()
 .text._ZN5RODOS7HAL_SPI15isWriteFinishedEv
                0x08006788       0x18 C:\Users\TobiZ\Eclipse Luna SR1 121\Workspace\rodos\Debug_STM32F4\librodos.a(hal_spi.o)
                0x08006788                RODOS::HAL_SPI::isWriteFinished()
 .text._ZN5RODOS7HAL_SPI14isReadFinishedEv
                0x080067a0       0x18 C:\Users\TobiZ\Eclipse Luna SR1 121\Workspace\rodos\Debug_STM32F4\librodos.a(hal_spi.o)
                0x080067a0                RODOS::HAL_SPI::isReadFinished()
 .text._ZN5RODOS7HAL_SPI5writeEPKhm
                0x080067b8      0x12c C:\Users\TobiZ\Eclipse Luna SR1 121\Workspace\rodos\Debug_STM32F4\librodos.a(hal_spi.o)
                0x080067b8                RODOS::HAL_SPI::write(unsigned char const*, unsigned long)
 .text._ZN5RODOS7HAL_SPI4readEPhm
                0x080068e4      0x128 C:\Users\TobiZ\Eclipse Luna SR1 121\Workspace\rodos\Debug_STM32F4\librodos.a(hal_spi.o)
                0x080068e4                RODOS::HAL_SPI::read(unsigned char*, unsigned long)
 .text._ZN5RODOS7HAL_SPI9writeReadEPKhmPhm
                0x08006a0c      0x248 C:\Users\TobiZ\Eclipse Luna SR1 121\Workspace\rodos\Debug_STM32F4\librodos.a(hal_spi.o)
                0x08006a0c                RODOS::HAL_SPI::writeRead(unsigned char const*, unsigned long, unsigned char*, unsigned long)
 .text._Z41__static_initialization_and_destruction_0ii
                0x08006c54       0x3c C:\Users\TobiZ\Eclipse Luna SR1 121\Workspace\rodos\Debug_STM32F4\librodos.a(hal_spi.o)
 .text._GLOBAL__sub_I__ZN5RODOS10HW_HAL_SPI17DMA_InitStructureE
                0x08006c90       0x10 C:\Users\TobiZ\Eclipse Luna SR1 121\Workspace\rodos\Debug_STM32F4\librodos.a(hal_spi.o)
 .text.NVIC_EnableIRQ
                0x08006ca0       0x30 C:\Users\TobiZ\Eclipse Luna SR1 121\Workspace\rodos\Debug_STM32F4\librodos.a(hal_uart.o)
 .text.NVIC_DisableIRQ
                0x08006cd0       0x34 C:\Users\TobiZ\Eclipse Luna SR1 121\Workspace\rodos\Debug_STM32F4\librodos.a(hal_uart.o)
 .text.NVIC_ClearPendingIRQ
                0x08006d04       0x34 C:\Users\TobiZ\Eclipse Luna SR1 121\Workspace\rodos\Debug_STM32F4\librodos.a(hal_uart.o)
 .text._ZN5RODOS14ReceiveTriggerC2Ev
                0x08006d38       0x30 C:\Users\TobiZ\Eclipse Luna SR1 121\Workspace\rodos\Debug_STM32F4\librodos.a(hal_uart.o)
                0x08006d38                RODOS::ReceiveTrigger::ReceiveTrigger()
                0x08006d38                RODOS::ReceiveTrigger::ReceiveTrigger()
 .text._ZN5RODOS11HW_HAL_UARTC2Ev
                0x08006d68       0x28 C:\Users\TobiZ\Eclipse Luna SR1 121\Workspace\rodos\Debug_STM32F4\librodos.a(hal_uart.o)
                0x08006d68                RODOS::HW_HAL_UART::HW_HAL_UART()
                0x08006d68                RODOS::HW_HAL_UART::HW_HAL_UART()
 .text._ZN5RODOS14ReceiveTrigger3runEv
                0x08006d90       0xc0 C:\Users\TobiZ\Eclipse Luna SR1 121\Workspace\rodos\Debug_STM32F4\librodos.a(hal_uart.o)
                0x08006d90                RODOS::ReceiveTrigger::run()
 .text._ZN5RODOS8HAL_UARTC2ENS_8UART_IDXENS_8GPIO_PINES2_S2_S2_
                0x08006e50       0x80 C:\Users\TobiZ\Eclipse Luna SR1 121\Workspace\rodos\Debug_STM32F4\librodos.a(hal_uart.o)
                0x08006e50                RODOS::HAL_UART::HAL_UART(RODOS::UART_IDX, RODOS::GPIO_PIN, RODOS::GPIO_PIN, RODOS::GPIO_PIN, RODOS::GPIO_PIN)
                0x08006e50                RODOS::HAL_UART::HAL_UART(RODOS::UART_IDX, RODOS::GPIO_PIN, RODOS::GPIO_PIN, RODOS::GPIO_PIN, RODOS::GPIO_PIN)
 .text.USART1_IRQHandler
                0x08006ed0       0x18 C:\Users\TobiZ\Eclipse Luna SR1 121\Workspace\rodos\Debug_STM32F4\librodos.a(hal_uart.o)
                0x08006ed0                USART1_IRQHandler
 .text.USART2_IRQHandler
                0x08006ee8       0x18 C:\Users\TobiZ\Eclipse Luna SR1 121\Workspace\rodos\Debug_STM32F4\librodos.a(hal_uart.o)
                0x08006ee8                USART2_IRQHandler
 .text.USART3_IRQHandler
                0x08006f00       0x18 C:\Users\TobiZ\Eclipse Luna SR1 121\Workspace\rodos\Debug_STM32F4\librodos.a(hal_uart.o)
                0x08006f00                USART3_IRQHandler
 .text.UART4_IRQHandler
                0x08006f18       0x18 C:\Users\TobiZ\Eclipse Luna SR1 121\Workspace\rodos\Debug_STM32F4\librodos.a(hal_uart.o)
                0x08006f18                UART4_IRQHandler
 .text.UART5_IRQHandler
                0x08006f30       0x18 C:\Users\TobiZ\Eclipse Luna SR1 121\Workspace\rodos\Debug_STM32F4\librodos.a(hal_uart.o)
                0x08006f30                UART5_IRQHandler
 .text.USART6_IRQHandler
                0x08006f48       0x18 C:\Users\TobiZ\Eclipse Luna SR1 121\Workspace\rodos\Debug_STM32F4\librodos.a(hal_uart.o)
                0x08006f48                USART6_IRQHandler
 .text.DMA2_Stream7_IRQHandler
                0x08006f60       0x48 C:\Users\TobiZ\Eclipse Luna SR1 121\Workspace\rodos\Debug_STM32F4\librodos.a(hal_uart.o)
                0x08006f60                DMA2_Stream7_IRQHandler
 .text.DMA1_Stream6_IRQHandler
                0x08006fa8       0x48 C:\Users\TobiZ\Eclipse Luna SR1 121\Workspace\rodos\Debug_STM32F4\librodos.a(hal_uart.o)
                0x08006fa8                DMA1_Stream6_IRQHandler
 .text.DMA1_Stream3_IRQHandler
                0x08006ff0       0x48 C:\Users\TobiZ\Eclipse Luna SR1 121\Workspace\rodos\Debug_STM32F4\librodos.a(hal_uart.o)
                0x08006ff0                DMA1_Stream3_IRQHandler
 .text.DMA2_Stream5_IRQHandler
                0x08007038       0x48 C:\Users\TobiZ\Eclipse Luna SR1 121\Workspace\rodos\Debug_STM32F4\librodos.a(hal_uart.o)
                0x08007038                DMA2_Stream5_IRQHandler
 .text.DMA1_Stream5_IRQHandler
                0x08007080       0x48 C:\Users\TobiZ\Eclipse Luna SR1 121\Workspace\rodos\Debug_STM32F4\librodos.a(hal_uart.o)
                0x08007080                DMA1_Stream5_IRQHandler
 .text.DMA1_Stream1_IRQHandler
                0x080070c8       0x48 C:\Users\TobiZ\Eclipse Luna SR1 121\Workspace\rodos\Debug_STM32F4\librodos.a(hal_uart.o)
                0x080070c8                DMA1_Stream1_IRQHandler
 .text._ZN5RODOS8HAL_UART4initEj
                0x08007110       0x3c C:\Users\TobiZ\Eclipse Luna SR1 121\Workspace\rodos\Debug_STM32F4\librodos.a(hal_uart.o)
                0x08007110                RODOS::HAL_UART::init(unsigned int)
 .text._ZN5RODOS8HAL_UART6configENS_19UART_PARAMETER_TYPEEi
                0x0800714c      0x2f0 C:\Users\TobiZ\Eclipse Luna SR1 121\Workspace\rodos\Debug_STM32F4\librodos.a(hal_uart.o)
                0x0800714c                RODOS::HAL_UART::config(RODOS::UART_PARAMETER_TYPE, int)
 .text._ZN5RODOS8HAL_UART5resetEv
                0x0800743c       0xc8 C:\Users\TobiZ\Eclipse Luna SR1 121\Workspace\rodos\Debug_STM32F4\librodos.a(hal_uart.o)
                0x0800743c                RODOS::HAL_UART::reset()
 .text._ZN5RODOS8HAL_UART4readEPci
                0x08007504       0xdc C:\Users\TobiZ\Eclipse Luna SR1 121\Workspace\rodos\Debug_STM32F4\librodos.a(hal_uart.o)
                0x08007504                RODOS::HAL_UART::read(char*, int)
 .text._ZN5RODOS8HAL_UART5writeEPKci
                0x080075e0      0x108 C:\Users\TobiZ\Eclipse Luna SR1 121\Workspace\rodos\Debug_STM32F4\librodos.a(hal_uart.o)
                0x080075e0                RODOS::HAL_UART::write(char const*, int)
 .text._ZN5RODOS8HAL_UART13getcharNoWaitEv
                0x080076e8       0x88 C:\Users\TobiZ\Eclipse Luna SR1 121\Workspace\rodos\Debug_STM32F4\librodos.a(hal_uart.o)
                0x080076e8                RODOS::HAL_UART::getcharNoWait()
 .text._ZN5RODOS8HAL_UART13putcharNoWaitEc
                0x08007770       0xc0 C:\Users\TobiZ\Eclipse Luna SR1 121\Workspace\rodos\Debug_STM32F4\librodos.a(hal_uart.o)
                0x08007770                RODOS::HAL_UART::putcharNoWait(char)
 .text._ZN5RODOS8HAL_UART6statusENS_16UART_STATUS_TYPEE
                0x08007830       0x64 C:\Users\TobiZ\Eclipse Luna SR1 121\Workspace\rodos\Debug_STM32F4\librodos.a(hal_uart.o)
                0x08007830                RODOS::HAL_UART::status(RODOS::UART_STATUS_TYPE)
 .text._ZN5RODOS8HAL_UART15isWriteFinishedEv
                0x08007894       0x58 C:\Users\TobiZ\Eclipse Luna SR1 121\Workspace\rodos\Debug_STM32F4\librodos.a(hal_uart.o)
                0x08007894                RODOS::HAL_UART::isWriteFinished()
 .text._ZN5RODOS8HAL_UART11isDataReadyEv
                0x080078ec       0x3c C:\Users\TobiZ\Eclipse Luna SR1 121\Workspace\rodos\Debug_STM32F4\librodos.a(hal_uart.o)
                0x080078ec                RODOS::HAL_UART::isDataReady()
 .text._ZN5RODOS11HW_HAL_UART11initMembersEPNS_8HAL_UARTENS_8UART_IDXENS_8GPIO_PINES4_S4_S4_
                0x08007928       0x98 C:\Users\TobiZ\Eclipse Luna SR1 121\Workspace\rodos\Debug_STM32F4\librodos.a(hal_uart.o)
                0x08007928                RODOS::HW_HAL_UART::initMembers(RODOS::HAL_UART*, RODOS::UART_IDX, RODOS::GPIO_PIN, RODOS::GPIO_PIN, RODOS::GPIO_PIN, RODOS::GPIO_PIN)
 .text._ZN5RODOS11HW_HAL_UART12DMAConfigureEv
                0x080079c0      0x18c C:\Users\TobiZ\Eclipse Luna SR1 121\Workspace\rodos\Debug_STM32F4\librodos.a(hal_uart.o)
                0x080079c0                RODOS::HW_HAL_UART::DMAConfigure()
 .text._ZN5RODOS11HW_HAL_UART16DMAStartTransferEPvi
                0x08007b4c       0x54 C:\Users\TobiZ\Eclipse Luna SR1 121\Workspace\rodos\Debug_STM32F4\librodos.a(hal_uart.o)
                0x08007b4c                RODOS::HW_HAL_UART::DMAStartTransfer(void*, int)
 .text._ZN5RODOS11HW_HAL_UART15DMAStartReceiveEPvi
                0x08007ba0       0x6c C:\Users\TobiZ\Eclipse Luna SR1 121\Workspace\rodos\Debug_STM32F4\librodos.a(hal_uart.o)
                0x08007ba0                RODOS::HW_HAL_UART::DMAStartReceive(void*, int)
 .text._ZN5RODOS11HW_HAL_UART26DMATransmitFinishedHandlerEv
                0x08007c0c       0x88 C:\Users\TobiZ\Eclipse Luna SR1 121\Workspace\rodos\Debug_STM32F4\librodos.a(hal_uart.o)
                0x08007c0c                RODOS::HW_HAL_UART::DMATransmitFinishedHandler()
 .text._ZN5RODOS11HW_HAL_UART25DMAReceiveFinishedHandlerEv
                0x08007c94       0x6c C:\Users\TobiZ\Eclipse Luna SR1 121\Workspace\rodos\Debug_STM32F4\librodos.a(hal_uart.o)
                0x08007c94                RODOS::HW_HAL_UART::DMAReceiveFinishedHandler()
 .text._ZN5RODOS11HW_HAL_UART16SendTxBufWithDMAEv
                0x08007d00       0x44 C:\Users\TobiZ\Eclipse Luna SR1 121\Workspace\rodos\Debug_STM32F4\librodos.a(hal_uart.o)
                0x08007d00                RODOS::HW_HAL_UART::SendTxBufWithDMA()
 .text._ZN5RODOS11HW_HAL_UART22RceiveIntoRxBufWithDMAEv
                0x08007d44       0x68 C:\Users\TobiZ\Eclipse Luna SR1 121\Workspace\rodos\Debug_STM32F4\librodos.a(hal_uart.o)
                0x08007d44                RODOS::HW_HAL_UART::RceiveIntoRxBufWithDMA()
 .text._ZN5RODOS14EnableDMAClockEv
                0x08007dac       0x34 C:\Users\TobiZ\Eclipse Luna SR1 121\Workspace\rodos\Debug_STM32F4\librodos.a(hal_uart.o)
                0x08007dac                RODOS::EnableDMAClock()
 .text._ZN5RODOS11HW_HAL_UART14UARTIRQHandlerEv
                0x08007de0      0x1a8 C:\Users\TobiZ\Eclipse Luna SR1 121\Workspace\rodos\Debug_STM32F4\librodos.a(hal_uart.o)
                0x08007de0                RODOS::HW_HAL_UART::UARTIRQHandler()
 .text._ZN5RODOS11HW_HAL_UART23getRCC_APBxPeriph_UARTxEv
                0x08007f88       0x74 C:\Users\TobiZ\Eclipse Luna SR1 121\Workspace\rodos\Debug_STM32F4\librodos.a(hal_uart.o)
                0x08007f88                RODOS::HW_HAL_UART::getRCC_APBxPeriph_UARTx()
 .text._ZN5RODOS11HW_HAL_UART16getGPIO_AF_UARTxEv
                0x08007ffc       0x68 C:\Users\TobiZ\Eclipse Luna SR1 121\Workspace\rodos\Debug_STM32F4\librodos.a(hal_uart.o)
                0x08007ffc                RODOS::HW_HAL_UART::getGPIO_AF_UARTx()
 .text._ZN5RODOS11HW_HAL_UART13getUARTx_IRQnEv
                0x08008064       0x58 C:\Users\TobiZ\Eclipse Luna SR1 121\Workspace\rodos\Debug_STM32F4\librodos.a(hal_uart.o)
                0x08008064                RODOS::HW_HAL_UART::getUARTx_IRQn()
 .text._ZN5RODOS11HW_HAL_UART8getUARTxEv
                0x080080bc       0x88 C:\Users\TobiZ\Eclipse Luna SR1 121\Workspace\rodos\Debug_STM32F4\librodos.a(hal_uart.o)
                0x080080bc                RODOS::HW_HAL_UART::getUARTx()
 .text._ZN5RODOS11HW_HAL_UART4initEj
                0x08008144       0xf0 C:\Users\TobiZ\Eclipse Luna SR1 121\Workspace\rodos\Debug_STM32F4\librodos.a(hal_uart.o)
                0x08008144                RODOS::HW_HAL_UART::init(unsigned int)
 .text._ZN5RODOS4FifoIhLi256EED2Ev
                0x08008234       0x30 C:\Users\TobiZ\Eclipse Luna SR1 121\Workspace\rodos\Debug_STM32F4\librodos.a(hal_uart.o)
                0x08008234                RODOS::Fifo<unsigned char, 256>::~Fifo()
                0x08008234                RODOS::Fifo<unsigned char, 256>::~Fifo()
 .text._ZN5RODOS4FifoIhLi256EED0Ev
                0x08008264       0x20 C:\Users\TobiZ\Eclipse Luna SR1 121\Workspace\rodos\Debug_STM32F4\librodos.a(hal_uart.o)
                0x08008264                RODOS::Fifo<unsigned char, 256>::~Fifo()
 .text._ZN5RODOS9BlockFifoIhLi256EEC2Ev
                0x08008284       0x24 C:\Users\TobiZ\Eclipse Luna SR1 121\Workspace\rodos\Debug_STM32F4\librodos.a(hal_uart.o)
                0x08008284                RODOS::BlockFifo<unsigned char, 256>::BlockFifo()
                0x08008284                RODOS::BlockFifo<unsigned char, 256>::BlockFifo()
 .text._ZN5RODOS9BlockFifoIhLi256EE15getBufferToReadERi
                0x080082a8       0x60 C:\Users\TobiZ\Eclipse Luna SR1 121\Workspace\rodos\Debug_STM32F4\librodos.a(hal_uart.o)
                0x080082a8                RODOS::BlockFifo<unsigned char, 256>::getBufferToRead(int&)
 .text._ZN5RODOS9BlockFifoIhLi256EE13readConcludedEi
                0x08008308       0x28 C:\Users\TobiZ\Eclipse Luna SR1 121\Workspace\rodos\Debug_STM32F4\librodos.a(hal_uart.o)
                0x08008308                RODOS::BlockFifo<unsigned char, 256>::readConcluded(int)
 .text._ZN5RODOS9BlockFifoIhLi256EE16getBufferToWriteERi
                0x08008330       0x80 C:\Users\TobiZ\Eclipse Luna SR1 121\Workspace\rodos\Debug_STM32F4\librodos.a(hal_uart.o)
                0x08008330                RODOS::BlockFifo<unsigned char, 256>::getBufferToWrite(int&)
 .text._ZN5RODOS9BlockFifoIhLi256EE14writeConcludedEi
                0x080083b0       0x28 C:\Users\TobiZ\Eclipse Luna SR1 121\Workspace\rodos\Debug_STM32F4\librodos.a(hal_uart.o)
                0x080083b0                RODOS::BlockFifo<unsigned char, 256>::writeConcluded(int)
 .text._ZN5RODOS4FifoIhLi256EE3getERh
                0x080083d8       0x58 C:\Users\TobiZ\Eclipse Luna SR1 121\Workspace\rodos\Debug_STM32F4\librodos.a(hal_uart.o)
                0x080083d8                RODOS::Fifo<unsigned char, 256>::get(unsigned char&)
 .text._ZN5RODOS4FifoIhLi256EE3putERKh
                0x08008430       0x58 C:\Users\TobiZ\Eclipse Luna SR1 121\Workspace\rodos\Debug_STM32F4\librodos.a(hal_uart.o)
                0x08008430                RODOS::Fifo<unsigned char, 256>::put(unsigned char const&)
 .text._ZN5RODOS4FifoIhLi256EE15getElementCountEv
                0x08008488       0x40 C:\Users\TobiZ\Eclipse Luna SR1 121\Workspace\rodos\Debug_STM32F4\librodos.a(hal_uart.o)
                0x08008488                RODOS::Fifo<unsigned char, 256>::getElementCount()
 .text._ZN5RODOS4FifoIhLi256EE7isEmptyEv
                0x080084c8       0x2c C:\Users\TobiZ\Eclipse Luna SR1 121\Workspace\rodos\Debug_STM32F4\librodos.a(hal_uart.o)
                0x080084c8                RODOS::Fifo<unsigned char, 256>::isEmpty()
 .text._ZN5RODOS4FifoIhLi256EEC2Ev
                0x080084f4       0x34 C:\Users\TobiZ\Eclipse Luna SR1 121\Workspace\rodos\Debug_STM32F4\librodos.a(hal_uart.o)
                0x080084f4                RODOS::Fifo<unsigned char, 256>::Fifo()
                0x080084f4                RODOS::Fifo<unsigned char, 256>::Fifo()
 .text._ZN5RODOS9BlockFifoIhLi256EE14advanceIndexExEii
                0x08008528       0x34 C:\Users\TobiZ\Eclipse Luna SR1 121\Workspace\rodos\Debug_STM32F4\librodos.a(hal_uart.o)
                0x08008528                RODOS::BlockFifo<unsigned char, 256>::advanceIndexEx(int, int)
 .text._ZN5RODOS4FifoIhLi256EE12advanceIndexEi
                0x0800855c       0x24 C:\Users\TobiZ\Eclipse Luna SR1 121\Workspace\rodos\Debug_STM32F4\librodos.a(hal_uart.o)
                0x0800855c                RODOS::Fifo<unsigned char, 256>::advanceIndex(int)
 .text._ZN5RODOS9BlockFifoIhLi256EED2Ev
                0x08008580       0x30 C:\Users\TobiZ\Eclipse Luna SR1 121\Workspace\rodos\Debug_STM32F4\librodos.a(hal_uart.o)
                0x08008580                RODOS::BlockFifo<unsigned char, 256>::~BlockFifo()
                0x08008580                RODOS::BlockFifo<unsigned char, 256>::~BlockFifo()
 .text._ZN5RODOS9BlockFifoIhLi256EED0Ev
                0x080085b0       0x20 C:\Users\TobiZ\Eclipse Luna SR1 121\Workspace\rodos\Debug_STM32F4\librodos.a(hal_uart.o)
                0x080085b0                RODOS::BlockFifo<unsigned char, 256>::~BlockFifo()
 .text._ZN5RODOS14ReceiveTriggerD2Ev
                0x080085d0       0x30 C:\Users\TobiZ\Eclipse Luna SR1 121\Workspace\rodos\Debug_STM32F4\librodos.a(hal_uart.o)
                0x080085d0                RODOS::ReceiveTrigger::~ReceiveTrigger()
                0x080085d0                RODOS::ReceiveTrigger::~ReceiveTrigger()
 .text._ZN5RODOS14ReceiveTriggerD0Ev
                0x08008600       0x20 C:\Users\TobiZ\Eclipse Luna SR1 121\Workspace\rodos\Debug_STM32F4\librodos.a(hal_uart.o)
                0x08008600                RODOS::ReceiveTrigger::~ReceiveTrigger()
 .text._ZN5RODOS11HW_HAL_UARTD2Ev
                0x08008620       0x28 C:\Users\TobiZ\Eclipse Luna SR1 121\Workspace\rodos\Debug_STM32F4\librodos.a(hal_uart.o)
                0x08008620                RODOS::HW_HAL_UART::~HW_HAL_UART()
                0x08008620                RODOS::HW_HAL_UART::~HW_HAL_UART()
 .text.__tcf_0  0x08008648       0x2c C:\Users\TobiZ\Eclipse Luna SR1 121\Workspace\rodos\Debug_STM32F4\librodos.a(hal_uart.o)
 .text._Z41__static_initialization_and_destruction_0ii
                0x08008674       0x68 C:\Users\TobiZ\Eclipse Luna SR1 121\Workspace\rodos\Debug_STM32F4\librodos.a(hal_uart.o)
 .text._ZN5RODOS4FifoIhLi256EE10putGenericEljPKvRKNS_10NetMsgInfoE
                0x080086dc       0x34 C:\Users\TobiZ\Eclipse Luna SR1 121\Workspace\rodos\Debug_STM32F4\librodos.a(hal_uart.o)
                0x080086dc                RODOS::Fifo<unsigned char, 256>::putGeneric(long, unsigned int, void const*, RODOS::NetMsgInfo const&)
 .text._GLOBAL__sub_I__ZN5RODOS17UART_contextArrayE
                0x08008710       0x10 C:\Users\TobiZ\Eclipse Luna SR1 121\Workspace\rodos\Debug_STM32F4\librodos.a(hal_uart.o)
 .text.DMA_Init
                0x08008720       0xac C:\Users\TobiZ\Eclipse Luna SR1 121\Workspace\rodos\Debug_STM32F4\librodos.a(stm32f4xx_dma.o)
                0x08008720                DMA_Init
 .text.DMA_StructInit
                0x080087cc       0x6c C:\Users\TobiZ\Eclipse Luna SR1 121\Workspace\rodos\Debug_STM32F4\librodos.a(stm32f4xx_dma.o)
                0x080087cc                DMA_StructInit
 .text.DMA_Cmd  0x08008838       0x38 C:\Users\TobiZ\Eclipse Luna SR1 121\Workspace\rodos\Debug_STM32F4\librodos.a(stm32f4xx_dma.o)
                0x08008838                DMA_Cmd
 .text.DMA_GetCurrDataCounter
                0x08008870       0x1c C:\Users\TobiZ\Eclipse Luna SR1 121\Workspace\rodos\Debug_STM32F4\librodos.a(stm32f4xx_dma.o)
                0x08008870                DMA_GetCurrDataCounter
 .text.DMA_GetCmdStatus
                0x0800888c       0x30 C:\Users\TobiZ\Eclipse Luna SR1 121\Workspace\rodos\Debug_STM32F4\librodos.a(stm32f4xx_dma.o)
                0x0800888c                DMA_GetCmdStatus
 .text.DMA_GetFlagStatus
                0x080088bc       0x78 C:\Users\TobiZ\Eclipse Luna SR1 121\Workspace\rodos\Debug_STM32F4\librodos.a(stm32f4xx_dma.o)
                0x080088bc                DMA_GetFlagStatus
 .text.DMA_ClearFlag
                0x08008934       0x5c C:\Users\TobiZ\Eclipse Luna SR1 121\Workspace\rodos\Debug_STM32F4\librodos.a(stm32f4xx_dma.o)
                0x08008934                DMA_ClearFlag
 .text.DMA_ITConfig
                0x08008990       0x74 C:\Users\TobiZ\Eclipse Luna SR1 121\Workspace\rodos\Debug_STM32F4\librodos.a(stm32f4xx_dma.o)
                0x08008990                DMA_ITConfig
 .text.DMA_GetITStatus
                0x08008a04       0xb0 C:\Users\TobiZ\Eclipse Luna SR1 121\Workspace\rodos\Debug_STM32F4\librodos.a(stm32f4xx_dma.o)
                0x08008a04                DMA_GetITStatus
 .text.DMA_ClearITPendingBit
                0x08008ab4       0x5c C:\Users\TobiZ\Eclipse Luna SR1 121\Workspace\rodos\Debug_STM32F4\librodos.a(stm32f4xx_dma.o)
                0x08008ab4                DMA_ClearITPendingBit
 .text.GPIO_Init
                0x08008b10      0x11c C:\Users\TobiZ\Eclipse Luna SR1 121\Workspace\rodos\Debug_STM32F4\librodos.a(stm32f4xx_gpio.o)
                0x08008b10                GPIO_Init
 .text.GPIO_StructInit
                0x08008c2c       0x34 C:\Users\TobiZ\Eclipse Luna SR1 121\Workspace\rodos\Debug_STM32F4\librodos.a(stm32f4xx_gpio.o)
                0x08008c2c                GPIO_StructInit
 .text.GPIO_ReadOutputData
                0x08008c60       0x1c C:\Users\TobiZ\Eclipse Luna SR1 121\Workspace\rodos\Debug_STM32F4\librodos.a(stm32f4xx_gpio.o)
                0x08008c60                GPIO_ReadOutputData
 .text.GPIO_SetBits
                0x08008c7c       0x1c C:\Users\TobiZ\Eclipse Luna SR1 121\Workspace\rodos\Debug_STM32F4\librodos.a(stm32f4xx_gpio.o)
                0x08008c7c                GPIO_SetBits
 .text.GPIO_ResetBits
                0x08008c98       0x1c C:\Users\TobiZ\Eclipse Luna SR1 121\Workspace\rodos\Debug_STM32F4\librodos.a(stm32f4xx_gpio.o)
                0x08008c98                GPIO_ResetBits
 .text.GPIO_Write
                0x08008cb4       0x1c C:\Users\TobiZ\Eclipse Luna SR1 121\Workspace\rodos\Debug_STM32F4\librodos.a(stm32f4xx_gpio.o)
                0x08008cb4                GPIO_Write
 .text.GPIO_PinAFConfig
                0x08008cd0       0x8c C:\Users\TobiZ\Eclipse Luna SR1 121\Workspace\rodos\Debug_STM32F4\librodos.a(stm32f4xx_gpio.o)
                0x08008cd0                GPIO_PinAFConfig
 .text.I2C_DeInit
                0x08008d5c       0x74 C:\Users\TobiZ\Eclipse Luna SR1 121\Workspace\rodos\Debug_STM32F4\librodos.a(stm32f4xx_i2c.o)
                0x08008d5c                I2C_DeInit
 .text.I2C_Init
                0x08008dd0      0x184 C:\Users\TobiZ\Eclipse Luna SR1 121\Workspace\rodos\Debug_STM32F4\librodos.a(stm32f4xx_i2c.o)
                0x08008dd0                I2C_Init
 .text.I2C_Cmd  0x08008f54       0x40 C:\Users\TobiZ\Eclipse Luna SR1 121\Workspace\rodos\Debug_STM32F4\librodos.a(stm32f4xx_i2c.o)
                0x08008f54                I2C_Cmd
 .text.RCC_LSICmd
                0x08008f94       0x20 C:\Users\TobiZ\Eclipse Luna SR1 121\Workspace\rodos\Debug_STM32F4\librodos.a(stm32f4xx_rcc.o)
                0x08008f94                RCC_LSICmd
 .text.RCC_GetClocksFreq
                0x08008fb4      0x154 C:\Users\TobiZ\Eclipse Luna SR1 121\Workspace\rodos\Debug_STM32F4\librodos.a(stm32f4xx_rcc.o)
                0x08008fb4                RCC_GetClocksFreq
 .text.RCC_AHB1PeriphClockCmd
                0x08009108       0x3c C:\Users\TobiZ\Eclipse Luna SR1 121\Workspace\rodos\Debug_STM32F4\librodos.a(stm32f4xx_rcc.o)
                0x08009108                RCC_AHB1PeriphClockCmd
 .text.RCC_APB1PeriphClockCmd
                0x08009144       0x3c C:\Users\TobiZ\Eclipse Luna SR1 121\Workspace\rodos\Debug_STM32F4\librodos.a(stm32f4xx_rcc.o)
                0x08009144                RCC_APB1PeriphClockCmd
 .text.RCC_APB2PeriphClockCmd
                0x08009180       0x3c C:\Users\TobiZ\Eclipse Luna SR1 121\Workspace\rodos\Debug_STM32F4\librodos.a(stm32f4xx_rcc.o)
                0x08009180                RCC_APB2PeriphClockCmd
 .text.RCC_AHB1PeriphResetCmd
                0x080091bc       0x3c C:\Users\TobiZ\Eclipse Luna SR1 121\Workspace\rodos\Debug_STM32F4\librodos.a(stm32f4xx_rcc.o)
                0x080091bc                RCC_AHB1PeriphResetCmd
 .text.RCC_APB1PeriphResetCmd
                0x080091f8       0x3c C:\Users\TobiZ\Eclipse Luna SR1 121\Workspace\rodos\Debug_STM32F4\librodos.a(stm32f4xx_rcc.o)
                0x080091f8                RCC_APB1PeriphResetCmd
 .text.RCC_APB2PeriphResetCmd
                0x08009234       0x3c C:\Users\TobiZ\Eclipse Luna SR1 121\Workspace\rodos\Debug_STM32F4\librodos.a(stm32f4xx_rcc.o)
                0x08009234                RCC_APB2PeriphResetCmd
 .text.RCC_GetFlagStatus
                0x08009270       0x74 C:\Users\TobiZ\Eclipse Luna SR1 121\Workspace\rodos\Debug_STM32F4\librodos.a(stm32f4xx_rcc.o)
                0x08009270                RCC_GetFlagStatus
 .text.SPI_Init
                0x080092e4       0x88 C:\Users\TobiZ\Eclipse Luna SR1 121\Workspace\rodos\Debug_STM32F4\librodos.a(stm32f4xx_spi.o)
                0x080092e4                SPI_Init
 .text.SPI_Cmd  0x0800936c       0x40 C:\Users\TobiZ\Eclipse Luna SR1 121\Workspace\rodos\Debug_STM32F4\librodos.a(stm32f4xx_spi.o)
                0x0800936c                SPI_Cmd
 .text.SPI_I2S_DMACmd
                0x080093ac       0x48 C:\Users\TobiZ\Eclipse Luna SR1 121\Workspace\rodos\Debug_STM32F4\librodos.a(stm32f4xx_spi.o)
                0x080093ac                SPI_I2S_DMACmd
 .text.SYSCFG_EXTILineConfig
                0x080093f4       0x7c C:\Users\TobiZ\Eclipse Luna SR1 121\Workspace\rodos\Debug_STM32F4\librodos.a(stm32f4xx_syscfg.o)
                0x080093f4                SYSCFG_EXTILineConfig
 .text.USART_DeInit
                0x08009470      0x114 C:\Users\TobiZ\Eclipse Luna SR1 121\Workspace\rodos\Debug_STM32F4\librodos.a(stm32f4xx_usart.o)
                0x08009470                USART_DeInit
 .text.USART_Init
                0x08009584      0x174 C:\Users\TobiZ\Eclipse Luna SR1 121\Workspace\rodos\Debug_STM32F4\librodos.a(stm32f4xx_usart.o)
                0x08009584                USART_Init
 .text.USART_StructInit
                0x080096f8       0x38 C:\Users\TobiZ\Eclipse Luna SR1 121\Workspace\rodos\Debug_STM32F4\librodos.a(stm32f4xx_usart.o)
                0x080096f8                USART_StructInit
 .text.USART_Cmd
                0x08009730       0x40 C:\Users\TobiZ\Eclipse Luna SR1 121\Workspace\rodos\Debug_STM32F4\librodos.a(stm32f4xx_usart.o)
                0x08009730                USART_Cmd
 .text.USART_ReceiveData
                0x08009770       0x20 C:\Users\TobiZ\Eclipse Luna SR1 121\Workspace\rodos\Debug_STM32F4\librodos.a(stm32f4xx_usart.o)
                0x08009770                USART_ReceiveData
 .text.USART_DMACmd
                0x08009790       0x48 C:\Users\TobiZ\Eclipse Luna SR1 121\Workspace\rodos\Debug_STM32F4\librodos.a(stm32f4xx_usart.o)
                0x08009790                USART_DMACmd
 .text.USART_ITConfig
                0x080097d8       0x90 C:\Users\TobiZ\Eclipse Luna SR1 121\Workspace\rodos\Debug_STM32F4\librodos.a(stm32f4xx_usart.o)
                0x080097d8                USART_ITConfig
 .text.USART_GetFlagStatus
                0x08009868       0x38 C:\Users\TobiZ\Eclipse Luna SR1 121\Workspace\rodos\Debug_STM32F4\librodos.a(stm32f4xx_usart.o)
                0x08009868                USART_GetFlagStatus
 .text.USART_GetITStatus
                0x080098a0       0xb0 C:\Users\TobiZ\Eclipse Luna SR1 121\Workspace\rodos\Debug_STM32F4\librodos.a(stm32f4xx_usart.o)
                0x080098a0                USART_GetITStatus
 .text._ZN5RODOS18getIsHostBigEndianEv
                0x08009950       0x18 C:\Users\TobiZ\Eclipse Luna SR1 121\Workspace\rodos\Debug_STM32F4\librodos.a(hostinfos.o)
                0x08009950                RODOS::getIsHostBigEndian()
 .text._ZN5RODOS26getSpeedKiloLoopsPerSecondEv
                0x08009968       0x14 C:\Users\TobiZ\Eclipse Luna SR1 121\Workspace\rodos\Debug_STM32F4\librodos.a(hostinfos.o)
                0x08009968                RODOS::getSpeedKiloLoopsPerSecond()
 .text._ZN5RODOS20getYieldTimeOverheadEv
                0x0800997c       0x14 C:\Users\TobiZ\Eclipse Luna SR1 121\Workspace\rodos\Debug_STM32F4\librodos.a(hostinfos.o)
                0x0800997c                RODOS::getYieldTimeOverhead()
 .text._ZN5RODOS14getHostCpuArchEv
                0x08009990       0x14 C:\Users\TobiZ\Eclipse Luna SR1 121\Workspace\rodos\Debug_STM32F4\librodos.a(hostinfos.o)
                0x08009990                RODOS::getHostCpuArch()
 .text._ZN5RODOS14getHostBasisOSEv
                0x080099a4       0x14 C:\Users\TobiZ\Eclipse Luna SR1 121\Workspace\rodos\Debug_STM32F4\librodos.a(hostinfos.o)
                0x080099a4                RODOS::getHostBasisOS()
 .text.NVIC_SetPriority
                0x080099b8       0x54 C:\Users\TobiZ\Eclipse Luna SR1 121\Workspace\rodos\Debug_STM32F4\librodos.a(hw_specific.o)
 .text._ZN5RODOS6hwInitEv
                0x08009a0c       0x80 C:\Users\TobiZ\Eclipse Luna SR1 121\Workspace\rodos\Debug_STM32F4\librodos.a(hw_specific.o)
                0x08009a0c                RODOS::hwInit()
 .text._ZN5RODOS19hwDisableInterruptsEv
                0x08009a8c       0x10 C:\Users\TobiZ\Eclipse Luna SR1 121\Workspace\rodos\Debug_STM32F4\librodos.a(hw_specific.o)
                0x08009a8c                RODOS::hwDisableInterrupts()
 .text._ZN5RODOS18hwEnableInterruptsEv
                0x08009a9c       0x10 C:\Users\TobiZ\Eclipse Luna SR1 121\Workspace\rodos\Debug_STM32F4\librodos.a(hw_specific.o)
                0x08009a9c                RODOS::hwEnableInterrupts()
 .text._ZN5RODOS13hwInitContextEPlPv
                0x08009aac       0x64 C:\Users\TobiZ\Eclipse Luna SR1 121\Workspace\rodos\Debug_STM32F4\librodos.a(hw_specific.o)
                0x08009aac                RODOS::hwInitContext(long*, void*)
 .text._ZN5RODOS15startIdleThreadEv
                0x08009b10       0x14 C:\Users\TobiZ\Eclipse Luna SR1 121\Workspace\rodos\Debug_STM32F4\librodos.a(hw_specific.o)