Archive member included because of file (symbol)

I:\Eclipse Luna\New Rodos\Eclipse Luna SR1 121\Workspace\rodos\Debug_STM32F4\librodos.a(application.o)
                              ./Template.o (RODOS::Application::Application(char const*, long))
I:\Eclipse Luna\New Rodos\Eclipse Luna SR1 121\Workspace\rodos\Debug_STM32F4\librodos.a(debug.o)
                              ./Template.o (RODOS::PRINTF(char const*, ...))
I:\Eclipse Luna\New Rodos\Eclipse Luna SR1 121\Workspace\rodos\Debug_STM32F4\librodos.a(listelement.o)
                              I:\Eclipse Luna\New Rodos\Eclipse Luna SR1 121\Workspace\rodos\Debug_STM32F4\librodos.a(application.o) (RODOS::ListElement::ListElement(RODOS::ListElement*&, char const*, void*))
I:\Eclipse Luna\New Rodos\Eclipse Luna SR1 121\Workspace\rodos\Debug_STM32F4\librodos.a(printfverbosity.o)
                              I:\Eclipse Luna\New Rodos\Eclipse Luna SR1 121\Workspace\rodos\Debug_STM32F4\librodos.a(debug.o) (printfVerbosity)
I:\Eclipse Luna\New Rodos\Eclipse Luna SR1 121\Workspace\rodos\Debug_STM32F4\librodos.a(string_pico.o)
                              ./Template.o (operator delete(void*))
I:\Eclipse Luna\New Rodos\Eclipse Luna SR1 121\Workspace\rodos\Debug_STM32F4\librodos.a(subscriber.o)
                              ./Template.o (vtable for RODOS::Subscriber)
I:\Eclipse Luna\New Rodos\Eclipse Luna SR1 121\Workspace\rodos\Debug_STM32F4\librodos.a(timemodel.o)
                              ./Template.o (RODOS::TimeModel::getNanoseconds())
I:\Eclipse Luna\New Rodos\Eclipse Luna SR1 121\Workspace\rodos\Debug_STM32F4\librodos.a(topic.o)
                              ./Template.o (RODOS::TopicInterface::TopicInterface(long, long, char const*))
I:\Eclipse Luna\New Rodos\Eclipse Luna SR1 121\Workspace\rodos\Debug_STM32F4\librodos.a(yprintf.o)
                              I:\Eclipse Luna\New Rodos\Eclipse Luna SR1 121\Workspace\rodos\Debug_STM32F4\librodos.a(debug.o) (RODOS::Yprintf::vaprintf(char const*))
I:\Eclipse Luna\New Rodos\Eclipse Luna SR1 121\Workspace\rodos\Debug_STM32F4\librodos.a(call_constructors.o)
                              ./Template.o (__dso_handle)
I:\Eclipse Luna\New Rodos\Eclipse Luna SR1 121\Workspace\rodos\Debug_STM32F4\librodos.a(startup_stm32f4xx.o)
                              (Reset_Handler)
I:\Eclipse Luna\New Rodos\Eclipse Luna SR1 121\Workspace\rodos\Debug_STM32F4\librodos.a(hal_gpio.o)
                              ./Template.o (RODOS::HAL_GPIO::HAL_GPIO(RODOS::GPIO_PIN))
I:\Eclipse Luna\New Rodos\Eclipse Luna SR1 121\Workspace\rodos\Debug_STM32F4\librodos.a(stm32f4xx_gpio.o)
                              I:\Eclipse Luna\New Rodos\Eclipse Luna SR1 121\Workspace\rodos\Debug_STM32F4\librodos.a(hal_gpio.o) (GPIO_Init)
I:\Eclipse Luna\New Rodos\Eclipse Luna SR1 121\Workspace\rodos\Debug_STM32F4\librodos.a(stm32f4xx_rcc.o)
                              I:\Eclipse Luna\New Rodos\Eclipse Luna SR1 121\Workspace\rodos\Debug_STM32F4\librodos.a(hal_gpio.o) (RCC_AHB1PeriphClockCmd)
I:\Eclipse Luna\New Rodos\Eclipse Luna SR1 121\Workspace\rodos\Debug_STM32F4\librodos.a(stm32f4xx_syscfg.o)
                              I:\Eclipse Luna\New Rodos\Eclipse Luna SR1 121\Workspace\rodos\Debug_STM32F4\librodos.a(hal_gpio.o) (SYSCFG_EXTILineConfig)
I:\Eclipse Luna\New Rodos\Eclipse Luna SR1 121\Workspace\rodos\Debug_STM32F4\librodos.a(hw_specific.o)
                              I:\Eclipse Luna\New Rodos\Eclipse Luna SR1 121\Workspace\rodos\Debug_STM32F4\librodos.a(listelement.o) (RODOS::taskRunning)
I:\Eclipse Luna\New Rodos\Eclipse Luna SR1 121\Workspace\rodos\Debug_STM32F4\librodos.a(hw_timer.o)
                              I:\Eclipse Luna\New Rodos\Eclipse Luna SR1 121\Workspace\rodos\Debug_STM32F4\librodos.a(hw_specific.o) (RODOS::TIMx_init())
I:\Eclipse Luna\New Rodos\Eclipse Luna SR1 121\Workspace\rodos\Debug_STM32F4\librodos.a(stm32xxx_it.o)
                              I:\Eclipse Luna\New Rodos\Eclipse Luna SR1 121\Workspace\rodos\Debug_STM32F4\librodos.a(startup_stm32f4xx.o) (WWDG_IRQHandlerFunc)
I:\Eclipse Luna\New Rodos\Eclipse Luna SR1 121\Workspace\rodos\Debug_STM32F4\librodos.a(syscalls.o)
                              I:\Eclipse Luna\New Rodos\Eclipse Luna SR1 121\Workspace\rodos\Debug_STM32F4\librodos.a(debug.o) (putchar)
I:\Eclipse Luna\New Rodos\Eclipse Luna SR1 121\Workspace\rodos\Debug_STM32F4\librodos.a(system_stm32f4xx.o)
                              I:\Eclipse Luna\New Rodos\Eclipse Luna SR1 121\Workspace\rodos\Debug_STM32F4\librodos.a(hw_timer.o) (SystemCoreClock)
I:\Eclipse Luna\New Rodos\Eclipse Luna SR1 121\Workspace\rodos\Debug_STM32F4\librodos.a(scheduler.o)
                              I:\Eclipse Luna\New Rodos\Eclipse Luna SR1 121\Workspace\rodos\Debug_STM32F4\librodos.a(hw_timer.o) (RODOS::isSchedulingEnabled)
I:\Eclipse Luna\New Rodos\Eclipse Luna SR1 121\Workspace\rodos\Debug_STM32F4\librodos.a(semaphore.o)
[...]
Memory Configuration

Name             Origin             Length             Attributes
FLASH            0x08000000         0x00100000         xr
RAM              0x20000000         0x00020000         xrw
CCMRAM           0x10000000         0x00010000         xrw
MEMORY_B1        0x60000000         0x00000000         xr
*default*        0x00000000         0xffffffff

Linker script and memory map

LOAD ./Template.o
LOAD I:\Eclipse Luna\New Rodos\Eclipse Luna SR1 121\Workspace\rodos\Debug_STM32F4\librodos.a
LOAD I:\Eclipse Luna\New Rodos\Eclipse Luna SR1 121\Workspace\support_libs\Debug_STM32F4\libsupport.a
LOAD i:/eclipse luna/new rodos/eclipse luna sr1 121/gnu tools arm embedded/4.8 2014q3/bin/../lib/gcc/arm-none-eabi/4.8.4/../../../../arm-none-eabi/lib/armv7e-m/softfp\libm.a
                0x20020000                _estack = 0x20020000
                0x00001000                _Min_Heap_Size = 0x1000
                0x00000400                _Min_Stack_Size = 0x400

.isr_vector     0x08000000      0x18c
                0x08000000                . = ALIGN (0x4)
                0x08000000                _image_address = .
 *(.isr_vector)
 .isr_vector    0x08000000      0x18c I:\Eclipse Luna\New Rodos\Eclipse Luna SR1 121\Workspace\rodos\Debug_STM32F4\librodos.a(startup_stm32f4xx.o)
                0x08000000                g_pfnVectors
                0x0800018c                . = ALIGN (0x4)

.text           0x08000190     0x89c8
                0x08000190                . = ALIGN (0x4)
 *(.text)
 .text          0x08000190      0x370 i:/eclipse luna/new rodos/eclipse luna sr1 121/gnu tools arm embedded/4.8 2014q3/bin/../lib/gcc/arm-none-eabi/4.8.4/armv7e-m/softfp\libgcc.a(_arm_addsubdf3.o)
                0x08000190                __aeabi_drsub
                0x08000198                __aeabi_dsub
                0x08000198                __subdf3
                0x0800019c                __aeabi_dadd
                0x0800019c                __adddf3
                0x08000414                __floatunsidf
                0x08000414                __aeabi_ui2d
                0x08000434                __floatsidf
                0x08000434                __aeabi_i2d
                0x08000458                __aeabi_f2d
                0x08000458                __extendsfdf2
                0x08000494                __floatundidf
                0x08000494                __aeabi_ul2d
                0x080004a4                __floatdidf
                0x080004a4                __aeabi_l2d
 .text          0x08000500      0x424 i:/eclipse luna/new rodos/eclipse luna sr1 121/gnu tools arm embedded/4.8 2014q3/bin/../lib/gcc/arm-none-eabi/4.8.4/armv7e-m/softfp\libgcc.a(_arm_muldivdf3.o)
                0x08000500                __aeabi_dmul
                0x08000500                __muldf3
                0x08000754                __divdf3
                0x08000754                __aeabi_ddiv
 .text          0x08000924      0x110 i:/eclipse luna/new rodos/eclipse luna sr1 121/gnu tools arm embedded/4.8 2014q3/bin/../lib/gcc/arm-none-eabi/4.8.4/armv7e-m/softfp\libgcc.a(_arm_cmpdf2.o)
                0x08000924                __gtdf2
                0x08000924                __gedf2
                0x0800092c                __ltdf2
                0x0800092c                __ledf2
                0x08000934                __nedf2
                0x08000934                __eqdf2
                0x08000934                __cmpdf2
                0x080009b0                __aeabi_cdrcmple
                0x080009c0                __aeabi_cdcmpeq
                0x080009c0                __aeabi_cdcmple
                0x080009d0                __aeabi_dcmpeq
                0x080009e4                __aeabi_dcmplt
                0x080009f8                __aeabi_dcmple
                0x08000a0c                __aeabi_dcmpge
                0x08000a20                __aeabi_dcmpgt
 .text          0x08000a34       0x40 i:/eclipse luna/new rodos/eclipse luna sr1 121/gnu tools arm embedded/4.8 2014q3/bin/../lib/gcc/arm-none-eabi/4.8.4/armv7e-m/softfp\libgcc.a(_arm_fixunsdfsi.o)
                0x08000a34                __aeabi_d2uiz
                0x08000a34                __fixunsdfsi
 .text          0x08000a74       0x38 i:/eclipse luna/new rodos/eclipse luna sr1 121/gnu tools arm embedded/4.8 2014q3/bin/../lib/gcc/arm-none-eabi/4.8.4/armv7e-m/softfp\libgcc.a(_aeabi_ldivmod.o)
                0x08000a74                __aeabi_ldivmod
 .text          0x08000aac       0x2c i:/eclipse luna/new rodos/eclipse luna sr1 121/gnu tools arm embedded/4.8 2014q3/bin/../lib/gcc/arm-none-eabi/4.8.4/armv7e-m/softfp\libgcc.a(_aeabi_uldivmod.o)
                0x08000aac                __aeabi_uldivmod
 .text          0x08000ad8       0x30 i:/eclipse luna/new rodos/eclipse luna sr1 121/gnu tools arm embedded/4.8 2014q3/bin/../lib/gcc/arm-none-eabi/4.8.4/armv7e-m/softfp\libgcc.a(_fixdfdi.o)
                0x08000ad8                __fixdfdi
                0x08000ad8                __aeabi_d2lz
 .text          0x08000b08       0x44 i:/eclipse luna/new rodos/eclipse luna sr1 121/gnu tools arm embedded/4.8 2014q3/bin/../lib/gcc/arm-none-eabi/4.8.4/armv7e-m/softfp\libgcc.a(_fixunsdfdi.o)
                0x08000b08                __fixunsdfdi
                0x08000b08                __aeabi_d2ulz
 .text          0x08000b4c       0x60 i:/eclipse luna/new rodos/eclipse luna sr1 121/gnu tools arm embedded/4.8 2014q3/bin/../lib/gcc/arm-none-eabi/4.8.4/armv7e-m/softfp\libgcc.a(bpabi.o)
                0x08000b4c                __gnu_ldivmod_helper
                0x08000b7c                __gnu_uldivmod_helper
 .text          0x08000bac        0x4 i:/eclipse luna/new rodos/eclipse luna sr1 121/gnu tools arm embedded/4.8 2014q3/bin/../lib/gcc/arm-none-eabi/4.8.4/armv7e-m/softfp\libgcc.a(_dvmd_tls.o)
                0x08000bac                __aeabi_idiv0
                0x08000bac                __aeabi_ldiv0
 .text          0x08000bb0      0x298 i:/eclipse luna/new rodos/eclipse luna sr1 121/gnu tools arm embedded/4.8 2014q3/bin/../lib/gcc/arm-none-eabi/4.8.4/armv7e-m/softfp\libgcc.a(_divdi3.o)
                0x08000bb0                __divdi3
 .text          0x08000e48      0x284 i:/eclipse luna/new rodos/eclipse luna sr1 121/gnu tools arm embedded/4.8 2014q3/bin/../lib/gcc/arm-none-eabi/4.8.4/armv7e-m/softfp\libgcc.a(_udivdi3.o)
                0x08000e48                __udivdi3
 *(.text*)
 .text._ZN5RODOS14TopicInterfaceD2Ev
                0x080010cc       0x3c ./Template.o
                0x080010cc                RODOS::TopicInterface::~TopicInterface()
                0x080010cc                RODOS::TopicInterface::~TopicInterface()
 .text._ZN5RODOS14TopicInterfaceD0Ev
                0x08001108       0x20 ./Template.o
                0x08001108                RODOS::TopicInterface::~TopicInterface()
 .text._ZN5RODOS10SubscriberD2Ev
                0x08001128       0x3c ./Template.o
                0x08001128                RODOS::Subscriber::~Subscriber()
                0x08001128                RODOS::Subscriber::~Subscriber()
 .text._ZN5RODOS10SubscriberD0Ev
                0x08001164       0x20 ./Template.o
                0x08001164                RODOS::Subscriber::~Subscriber()
 .text._ZN5RODOS6PutterD2Ev
                0x08001184       0x28 ./Template.o
                0x08001184                RODOS::Putter::~Putter()
                0x08001184                RODOS::Putter::~Putter()
 .text._ZN5RODOS6PutterD0Ev
                0x080011ac       0x20 ./Template.o
                0x080011ac                RODOS::Putter::~Putter()
 .text._ZN5RODOS6Putter10putGenericEljPKvRKNS_10NetMsgInfoE
                0x080011cc       0x24 ./Template.o
                0x080011cc                RODOS::Putter::putGeneric(long, unsigned int, void const*, RODOS::NetMsgInfo const&)
 .text._ZN9TelemetryC2EPKc
                0x080011f0       0x30 ./Template.o
                0x080011f0                Telemetry::Telemetry(char const*)
                0x080011f0                Telemetry::Telemetry(char const*)
 .text._ZN9Telemetry4initEv
                0x08001220       0x20 ./Template.o
                0x08001220                Telemetry::init()
 .text._ZN9Telemetry3runEv
                0x08001240       0x80 ./Template.o
                0x08001240                Telemetry::run()
 .text._ZN5RODOS5TopicI10SensorDataEC2ElPKc
                0x080012c0       0x30 ./Template.o
                0x080012c0                RODOS::Topic<SensorData>::Topic(long, char const*)
                0x080012c0                RODOS::Topic<SensorData>::Topic(long, char const*)
 .text._ZN5RODOS6PutterC2Ev
                0x080012f0       0x20 ./Template.o
                0x080012f0                RODOS::Putter::Putter()
                0x080012f0                RODOS::Putter::Putter()
 .text._ZN5RODOS10CommBufferI10SensorDataEC2Ev
                0x08001310       0x5c ./Template.o
                0x08001310                RODOS::CommBuffer<SensorData>::CommBuffer()
                0x08001310                RODOS::CommBuffer<SensorData>::CommBuffer()
 .text._ZN9TelemetryD2Ev
                0x0800136c       0x30 ./Template.o
                0x0800136c                Telemetry::~Telemetry()
                0x0800136c                Telemetry::~Telemetry()
 .text._ZN9TelemetryD0Ev
                0x0800139c       0x20 ./Template.o
                0x0800139c                Telemetry::~Telemetry()
 .text._ZN5RODOS10CommBufferI10SensorDataED2Ev
                0x080013bc       0x30 ./Template.o
                0x080013bc                RODOS::CommBuffer<SensorData>::~CommBuffer()
                0x080013bc                RODOS::CommBuffer<SensorData>::~CommBuffer()
 .text._ZN5RODOS10CommBufferI10SensorDataED0Ev
                0x080013ec       0x20 ./Template.o
                0x080013ec                RODOS::CommBuffer<SensorData>::~CommBuffer()
 .text._Z41__static_initialization_and_destruction_0ii
                0x0800140c       0xd0 ./Template.o
 .text._ZN5RODOS10CommBufferI10SensorDataE10putGenericEljPKvRKNS_10NetMsgInfoE
                0x080014dc       0x34 ./Template.o
                0x080014dc                RODOS::CommBuffer<SensorData>::putGeneric(long, unsigned int, void const*, RODOS::NetMsgInfo const&)
 .text._ZN5RODOS5TopicI10SensorDataED2Ev
                0x08001510       0x3c ./Template.o
                0x08001510                RODOS::Topic<SensorData>::~Topic()
                0x08001510                RODOS::Topic<SensorData>::~Topic()
 .text._ZN5RODOS5TopicI10SensorDataED0Ev
                0x0800154c       0x20 ./Template.o
                0x0800154c                RODOS::Topic<SensorData>::~Topic()
 .text._ZN5RODOS10CommBufferI10SensorDataE3putERS1_
                0x0800156c       0x58 ./Template.o
                0x0800156c                RODOS::CommBuffer<SensorData>::put(SensorData&)
 .text._GLOBAL__sub_I_GreenLED
                0x080015c4       0x10 ./Template.o
 .text._ZNK5RODOS11ListElement7getNextEv
                0x080015d4       0x18 I:\Eclipse Luna\New Rodos\Eclipse Luna SR1 121\Workspace\rodos\Debug_STM32F4\librodos.a(application.o)
                0x080015d4                RODOS::ListElement::getNext() const
 .text._ZNK5RODOS11ListElement7getNameEv
                0x080015ec       0x18 I:\Eclipse Luna\New Rodos\Eclipse Luna SR1 121\Workspace\rodos\Debug_STM32F4\librodos.a(application.o)
                0x080015ec                RODOS::ListElement::getName() const
 .text._ZN5RODOS11Application4initEv
                0x08001604       0x14 I:\Eclipse Luna\New Rodos\Eclipse Luna SR1 121\Workspace\rodos\Debug_STM32F4\librodos.a(application.o)
                0x08001604                RODOS::Application::init()
 .text._ZN5RODOS11ApplicationC2EPKcl
                0x08001618       0x40 I:\Eclipse Luna\New Rodos\Eclipse Luna SR1 121\Workspace\rodos\Debug_STM32F4\librodos.a(application.o)
                0x08001618                RODOS::Application::Application(char const*, long)
                0x08001618                RODOS::Application::Application(char const*, long)
 .text._ZN5RODOS11ApplicationD2Ev
                0x08001658       0x3c I:\Eclipse Luna\New Rodos\Eclipse Luna SR1 121\Workspace\rodos\Debug_STM32F4\librodos.a(application.o)
                0x08001658                RODOS::Application::~Application()
                0x08001658                RODOS::Application::~Application()
 .text._ZN5RODOS11ApplicationD0Ev
                0x08001694       0x20 I:\Eclipse Luna\New Rodos\Eclipse Luna SR1 121\Workspace\rodos\Debug_STM32F4\librodos.a(application.o)
                0x08001694                RODOS::Application::~Application()
 .text._ZN5RODOS11Application8activateEv
                0x080016b4       0x18 I:\Eclipse Luna\New Rodos\Eclipse Luna SR1 121\Workspace\rodos\Debug_STM32F4\librodos.a(application.o)
                0x080016b4                RODOS::Application::activate()
 .text._ZN5RODOS11Application10deactivateEv
                0x080016cc       0x18 I:\Eclipse Luna\New Rodos\Eclipse Luna SR1 121\Workspace\rodos\Debug_STM32F4\librodos.a(application.o)
                0x080016cc                RODOS::Application::deactivate()
 .text._ZN5RODOS11Application7requestEPviS1_i
                0x080016e4       0x20 I:\Eclipse Luna\New Rodos\Eclipse Luna SR1 121\Workspace\rodos\Debug_STM32F4\librodos.a(application.o)
                0x080016e4                RODOS::Application::request(void*, int, void*, int)
 .text._ZN5RODOS11Application17printApplicationsEv
                0x08001704       0x64 I:\Eclipse Luna\New Rodos\Eclipse Luna SR1 121\Workspace\rodos\Debug_STM32F4\librodos.a(application.o)
                0x08001704                RODOS::Application::printApplications()
 .text._ZN5RODOS7YprintfD2Ev
                0x08001768       0x28 I:\Eclipse Luna\New Rodos\Eclipse Luna SR1 121\Workspace\rodos\Debug_STM32F4\librodos.a(debug.o)
                0x08001768                RODOS::Yprintf::~Yprintf()
                0x08001768                RODOS::Yprintf::~Yprintf()
 .text._ZN5RODOS7YprintfD0Ev
                0x08001790       0x20 I:\Eclipse Luna\New Rodos\Eclipse Luna SR1 121\Workspace\rodos\Debug_STM32F4\librodos.a(debug.o)
                0x08001790                RODOS::Yprintf::~Yprintf()
 .text._ZN5RODOS7Yprintf5yputcEc
                0x080017b0       0x1c I:\Eclipse Luna\New Rodos\Eclipse Luna SR1 121\Workspace\rodos\Debug_STM32F4\librodos.a(debug.o)
                0x080017b0                RODOS::Yprintf::yputc(char)
 .text._ZN5RODOS7YprintfC2Ev
                0x080017cc       0x20 I:\Eclipse Luna\New Rodos\Eclipse Luna SR1 121\Workspace\rodos\Debug_STM32F4\librodos.a(debug.o)
                0x080017cc                RODOS::Yprintf::Yprintf()
                0x080017cc                RODOS::Yprintf::Yprintf()
 .text._ZN5RODOS6PRINTFEPKcz
                0x080017ec       0x8c I:\Eclipse Luna\New Rodos\Eclipse Luna SR1 121\Workspace\rodos\Debug_STM32F4\librodos.a(debug.o)
                0x080017ec                RODOS::PRINTF(char const*, ...)
 .text._ZN5RODOS5ERROREPKc
                0x08001878       0x34 I:\Eclipse Luna\New Rodos\Eclipse Luna SR1 121\Workspace\rodos\Debug_STM32F4\librodos.a(debug.o)
                0x08001878                RODOS::ERROR(char const*)
 .text._Z41__static_initialization_and_destruction_0ii
                0x080018ac       0x2c I:\Eclipse Luna\New Rodos\Eclipse Luna SR1 121\Workspace\rodos\Debug_STM32F4\librodos.a(debug.o)
 .text._GLOBAL__sub_I__ZN5RODOS12errorCounterE
                0x080018d8       0x10 I:\Eclipse Luna\New Rodos\Eclipse Luna SR1 121\Workspace\rodos\Debug_STM32F4\librodos.a(debug.o)
 .text._ZN5RODOS11ListElementC2ERPS0_PKcPv
                0x080018e8       0x40 I:\Eclipse Luna\New Rodos\Eclipse Luna SR1 121\Workspace\rodos\Debug_STM32F4\librodos.a(listelement.o)
                0x080018e8                RODOS::ListElement::ListElement(RODOS::ListElement*&, char const*, void*)
                0x080018e8                RODOS::ListElement::ListElement(RODOS::ListElement*&, char const*, void*)
 .text._ZN5RODOS11ListElement6appendERPS0_
                0x08001928       0x50 I:\Eclipse Luna\New Rodos\Eclipse Luna SR1 121\Workspace\rodos\Debug_STM32F4\librodos.a(listelement.o)
                0x08001928                RODOS::ListElement::append(RODOS::ListElement*&)
 .text._ZN5RODOS11ListElementD2Ev
                0x08001978       0x1c I:\Eclipse Luna\New Rodos\Eclipse Luna SR1 121\Workspace\rodos\Debug_STM32F4\librodos.a(listelement.o)
                0x08001978                RODOS::ListElement::~ListElement()
                0x08001978                RODOS::ListElement::~ListElement()
 .text.strlen   0x08001994       0x3c I:\Eclipse Luna\New Rodos\Eclipse Luna SR1 121\Workspace\rodos\Debug_STM32F4\librodos.a(string_pico.o)
                0x08001994                strlen
 .text._ZdlPv   0x080019d0       0x14 I:\Eclipse Luna\New Rodos\Eclipse Luna SR1 121\Workspace\rodos\Debug_STM32F4\librodos.a(string_pico.o)
                0x080019d0                operator delete(void*)
 .text._ZN5RODOS10SubscriberC2ERNS_14TopicInterfaceERNS_6PutterEPKcb
                0x080019e4       0x64 I:\Eclipse Luna\New Rodos\Eclipse Luna SR1 121\Workspace\rodos\Debug_STM32F4\librodos.a(subscriber.o)
                0x080019e4                RODOS::Subscriber::Subscriber(RODOS::TopicInterface&, RODOS::Putter&, char const*, bool)
                0x080019e4                RODOS::Subscriber::Subscriber(RODOS::TopicInterface&, RODOS::Putter&, char const*, bool)
 .text._ZN5RODOS10Subscriber3putEllPKvl
                0x08001a48       0x20 I:\Eclipse Luna\New Rodos\Eclipse Luna SR1 121\Workspace\rodos\Debug_STM32F4\librodos.a(subscriber.o)
                0x08001a48                RODOS::Subscriber::put(long, long, void const*, long)
 .text._ZN5RODOS10Subscriber3putEllPKvRKNS_10NetMsgInfoE
                0x08001a68       0xac I:\Eclipse Luna\New Rodos\Eclipse Luna SR1 121\Workspace\rodos\Debug_STM32F4\librodos.a(subscriber.o)
                0x08001a68                RODOS::Subscriber::put(long, long, void const*, RODOS::NetMsgInfo const&)
 .text._ZN5RODOS10Subscriber16putFromInterruptElPKvi
                0x08001b14       0x3c I:\Eclipse Luna\New Rodos\Eclipse Luna SR1 121\Workspace\rodos\Debug_STM32F4\librodos.a(subscriber.o)
                0x08001b14                RODOS::Subscriber::putFromInterrupt(long, void const*, int)
 .text._ZN5RODOS9TimeModelC2Ev
                0x08001b50       0x48 I:\Eclipse Luna\New Rodos\Eclipse Luna SR1 121\Workspace\rodos\Debug_STM32F4\librodos.a(timemodel.o)
                0x08001b50                RODOS::TimeModel::TimeModel()
                0x08001b50                RODOS::TimeModel::TimeModel()
 .text._ZN5RODOS9TimeModel14getNanosecondsEv
                0x08001b98       0x14 I:\Eclipse Luna\New Rodos\Eclipse Luna SR1 121\Workspace\rodos\Debug_STM32F4\librodos.a(timemodel.o)
                0x08001b98                RODOS::TimeModel::getNanoseconds()
 .text._ZN5RODOS9TimeModel15computeNextBeatExxx
                0x08001bac       0x88 I:\Eclipse Luna\New Rodos\Eclipse Luna SR1 121\Workspace\rodos\Debug_STM32F4\librodos.a(timemodel.o)
                0x08001bac                RODOS::TimeModel::computeNextBeat(long long, long long, long long)
 .text._Z41__static_initialization_and_destruction_0ii
                0x08001c34       0x2c I:\Eclipse Luna\New Rodos\Eclipse Luna SR1 121\Workspace\rodos\Debug_STM32F4\librodos.a(timemodel.o)
 .text._GLOBAL__sub_I__ZN5RODOS7sysTimeE
                0x08001c60       0x10 I:\Eclipse Luna\New Rodos\Eclipse Luna SR1 121\Workspace\rodos\Debug_STM32F4\librodos.a(timemodel.o)
 .text._ZN5RODOS14TopicInterfaceC2EllPKc
                0x08001c70       0xe0 I:\Eclipse Luna\New Rodos\Eclipse Luna SR1 121\Workspace\rodos\Debug_STM32F4\librodos.a(topic.o)
                0x08001c70                RODOS::TopicInterface::TopicInterface(long, long, char const*)
                0x08001c70                RODOS::TopicInterface::TopicInterface(long, long, char const*)
 .text._ZN5RODOS5TopicINS_13GenericMsgRefEED2Ev
                0x08001d50       0x3c I:\Eclipse Luna\New Rodos\Eclipse Luna SR1 121\Workspace\rodos\Debug_STM32F4\librodos.a(topic.o)
                0x08001d50                RODOS::Topic<RODOS::GenericMsgRef>::~Topic()
                0x08001d50                RODOS::Topic<RODOS::GenericMsgRef>::~Topic()
 .text._ZN5RODOS5TopicINS_13GenericMsgRefEED0Ev
                0x08001d8c       0x20 I:\Eclipse Luna\New Rodos\Eclipse Luna SR1 121\Workspace\rodos\Debug_STM32F4\librodos.a(topic.o)
                0x08001d8c                RODOS::Topic<RODOS::GenericMsgRef>::~Topic()
 .text._ZN5RODOS5TopicINS_13GenericMsgRefEEC2ElPKc
                0x08001dac       0x30 I:\Eclipse Luna\New Rodos\Eclipse Luna SR1 121\Workspace\rodos\Debug_STM32F4\librodos.a(topic.o)
                0x08001dac                RODOS::Topic<RODOS::GenericMsgRef>::Topic(long, char const*)
                0x08001dac                RODOS::Topic<RODOS::GenericMsgRef>::Topic(long, char const*)
 .text._ZN5RODOS5TopicINS_14NetworkMessageEEC2ElPKc
                0x08001ddc       0x30 I:\Eclipse Luna\New Rodos\Eclipse Luna SR1 121\Workspace\rodos\Debug_STM32F4\librodos.a(topic.o)
                0x08001ddc                RODOS::Topic<RODOS::NetworkMessage>::Topic(long, char const*)
                0x08001ddc                RODOS::Topic<RODOS::NetworkMessage>::Topic(long, char const*)
 .text._ZN5RODOS5TopicIPvEC2ElPKc
                0x08001e0c       0x30 I:\Eclipse Luna\New Rodos\Eclipse Luna SR1 121\Workspace\rodos\Debug_STM32F4\librodos.a(topic.o)
                0x08001e0c                RODOS::Topic<void*>::Topic(long, char const*)
                0x08001e0c                RODOS::Topic<void*>::Topic(long, char const*)
 .text._Z41__static_initialization_and_destruction_0ii
                0x08001e3c      0x104 I:\Eclipse Luna\New Rodos\Eclipse Luna SR1 121\Workspace\rodos\Debug_STM32F4\librodos.a(topic.o)
 .text._ZN5RODOS5TopicIPvED2Ev
                0x08001f40       0x3c I:\Eclipse Luna\New Rodos\Eclipse Luna SR1 121\Workspace\rodos\Debug_STM32F4\librodos.a(topic.o)
                0x08001f40                RODOS::Topic<void*>::~Topic()
                0x08001f40                RODOS::Topic<void*>::~Topic()
 .text._ZN5RODOS5TopicIPvED0Ev
                0x08001f7c       0x20 I:\Eclipse Luna\New Rodos\Eclipse Luna SR1 121\Workspace\rodos\Debug_STM32F4\librodos.a(topic.o)
                0x08001f7c                RODOS::Topic<void*>::~Topic()
 .text._ZN5RODOS5TopicINS_14NetworkMessageEED2Ev
                0x08001f9c       0x3c I:\Eclipse Luna\New Rodos\Eclipse Luna SR1 121\Workspace\rodos\Debug_STM32F4\librodos.a(topic.o)
                0x08001f9c                RODOS::Topic<RODOS::NetworkMessage>::~Topic()
                0x08001f9c                RODOS::Topic<RODOS::NetworkMessage>::~Topic()
 .text._ZN5RODOS5TopicINS_14NetworkMessageEED0Ev
                0x08001fd8       0x20 I:\Eclipse Luna\New Rodos\Eclipse Luna SR1 121\Workspace\rodos\Debug_STM32F4\librodos.a(topic.o)
                0x08001fd8                RODOS::Topic<RODOS::NetworkMessage>::~Topic()
 .text._GLOBAL__sub_I__ZN5RODOS14TopicInterfaceC2EllPKc
                0x08001ff8       0x10 I:\Eclipse Luna\New Rodos\Eclipse Luna SR1 121\Workspace\rodos\Debug_STM32F4\librodos.a(topic.o)
 .text._ZN5RODOS7Yprintf8vaprintfEPKc
                0x08002008      0x4e4 I:\Eclipse Luna\New Rodos\Eclipse Luna SR1 121\Workspace\rodos\Debug_STM32F4\librodos.a(yprintf.o)
                0x08002008                RODOS::Yprintf::vaprintf(char const*)
 .text._ZN5RODOS7xprintfEPKcz
                0x080024ec       0x40 I:\Eclipse Luna\New Rodos\Eclipse Luna SR1 121\Workspace\rodos\Debug_STM32F4\librodos.a(yprintf.o)
                0x080024ec                RODOS::xprintf(char const*, ...)
 .text.call_constructors
                0x0800252c       0x40 I:\Eclipse Luna\New Rodos\Eclipse Luna SR1 121\Workspace\rodos\Debug_STM32F4\librodos.a(call_constructors.o)
                0x0800252c                call_constructors
 .text.__cxa_atexit
                0x0800256c       0x1c I:\Eclipse Luna\New Rodos\Eclipse Luna SR1 121\Workspace\rodos\Debug_STM32F4\librodos.a(call_constructors.o)
                0x0800256c                __cxa_atexit
 .text.__cxa_pure_virtual
                0x08002588        0x8 I:\Eclipse Luna\New Rodos\Eclipse Luna SR1 121\Workspace\rodos\Debug_STM32F4\librodos.a(call_constructors.o)
                0x08002588                __cxa_pure_virtual
 .text.Reset_Handler
                0x08002590       0x6c I:\Eclipse Luna\New Rodos\Eclipse Luna SR1 121\Workspace\rodos\Debug_STM32F4\librodos.a(startup_stm32f4xx.o)
                0x08002590                Reset_Handler
 .text.Default_Handler
                0x080025fc        0x8 I:\Eclipse Luna\New Rodos\Eclipse Luna SR1 121\Workspace\rodos\Debug_STM32F4\librodos.a(startup_stm32f4xx.o)
                0x080025fc                RTC_Alarm_IRQHandler
                0x080025fc                HASH_RNG_IRQHandler
                0x080025fc                TIM8_CC_IRQHandler
                0x080025fc                DebugMon_Handler
                0x080025fc                TIM1_CC_IRQHandler
                0x080025fc                PVD_IRQHandler
                0x080025fc                SDIO_IRQHandler
                0x080025fc                TAMP_STAMP_IRQHandler
                0x080025fc                CAN2_RX1_IRQHandler
                0x080025fc                TIM8_TRG_COM_TIM14_IRQHandler
                0x080025fc                TIM1_UP_TIM10_IRQHandler
                0x080025fc                TIM8_UP_TIM13_IRQHandler
                0x080025fc                I2C3_ER_IRQHandler
                0x080025fc                I2C2_EV_IRQHandler
                0x080025fc                DMA1_Stream2_IRQHandler
                0x080025fc                CAN1_RX0_IRQHandler
                0x080025fc                FPU_IRQHandler
                0x080025fc                OTG_HS_WKUP_IRQHandler
                0x080025fc                CAN2_SCE_IRQHandler
                0x080025fc                DMA2_Stream2_IRQHandler
                0x080025fc                SPI1_IRQHandler
                0x080025fc                TIM6_DAC_IRQHandler
                0x080025fc                TIM1_BRK_TIM9_IRQHandler
                0x080025fc                DCMI_IRQHandler
                0x080025fc                CAN2_RX0_IRQHandler
                0x080025fc                DMA2_Stream3_IRQHandler
                0x080025fc                CRYP_IRQHandler
                0x080025fc                CAN1_RX1_IRQHandler
                0x080025fc                DMA2_Stream0_IRQHandler
                0x080025fc                TIM4_IRQHandler
                0x080025fc                I2C1_EV_IRQHandler
                0x080025fc                TIM3_IRQHandler
                0x080025fc                RCC_IRQHandler
                0x080025fc                TIM8_BRK_TIM12_IRQHandler
                0x080025fc                Default_Handler
                0x080025fc                ADC_IRQHandler
                0x080025fc                DMA1_Stream7_IRQHandler
                0x080025fc                TIM7_IRQHandler
                0x080025fc                CAN2_TX_IRQHandler
                0x080025fc                I2C3_EV_IRQHandler
                0x080025fc                RTC_WKUP_IRQHandler
                0x080025fc                ETH_WKUP_IRQHandler
                0x080025fc                SPI2_IRQHandler
                0x080025fc                OTG_HS_EP1_IN_IRQHandler
                0x080025fc                DMA1_Stream0_IRQHandler
                0x080025fc                CAN1_TX_IRQHandler
                0x080025fc                FSMC_IRQHandler
                0x080025fc                ETH_IRQHandler
                0x080025fc                OTG_HS_EP1_OUT_IRQHandler
                0x080025fc                WWDG_IRQHandler
                0x080025fc                TIM2_IRQHandler
                0x080025fc                OTG_FS_WKUP_IRQHandler
                0x080025fc                OTG_HS_IRQHandler
                0x080025fc                I2C2_ER_IRQHandler
                0x080025fc                DMA2_Stream1_IRQHandler
                0x080025fc                CAN1_SCE_IRQHandler
                0x080025fc                FLASH_IRQHandler
                0x080025fc                DMA2_Stream4_IRQHandler
                0x080025fc                OTG_FS_IRQHandler
                0x080025fc                SPI3_IRQHandler
                0x080025fc                DMA1_Stream4_IRQHandler
                0x080025fc                I2C1_ER_IRQHandler
                0x080025fc                DMA2_Stream6_IRQHandler
 .text._ZnwjPv  0x08002604       0x18 I:\Eclipse Luna\New Rodos\Eclipse Luna SR1 121\Workspace\rodos\Debug_STM32F4\librodos.a(hal_gpio.o)
                0x08002604                operator new(unsigned int, void*)
 .text._ZN5RODOS18GenericIOInterface4initEz
                0x0800261c       0x14 I:\Eclipse Luna\New Rodos\Eclipse Luna SR1 121\Workspace\rodos\Debug_STM32F4\librodos.a(hal_gpio.o)
                0x0800261c                RODOS::GenericIOInterface::init(...)
 .text._ZN5RODOS18GenericIOInterface6configEz
                0x08002630       0x14 I:\Eclipse Luna\New Rodos\Eclipse Luna SR1 121\Workspace\rodos\Debug_STM32F4\librodos.a(hal_gpio.o)
                0x08002630                RODOS::GenericIOInterface::config(...)
 .text._ZN5RODOS18GenericIOInterface6statusEz
                0x08002644       0x14 I:\Eclipse Luna\New Rodos\Eclipse Luna SR1 121\Workspace\rodos\Debug_STM32F4\librodos.a(hal_gpio.o)
                0x08002644                RODOS::GenericIOInterface::status(...)
 .text._ZN5RODOS18GenericIOInterface5writeEz
                0x08002658       0x14 I:\Eclipse Luna\New Rodos\Eclipse Luna SR1 121\Workspace\rodos\Debug_STM32F4\librodos.a(hal_gpio.o)
                0x08002658                RODOS::GenericIOInterface::write(...)
 .text._ZN5RODOS18GenericIOInterface4readEz
                0x0800266c       0x14 I:\Eclipse Luna\New Rodos\Eclipse Luna SR1 121\Workspace\rodos\Debug_STM32F4\librodos.a(hal_gpio.o)
                0x0800266c                RODOS::GenericIOInterface::read(...)
 .text._ZN5RODOS18GenericIOInterface9writeReadEz
                0x08002680       0x14 I:\Eclipse Luna\New Rodos\Eclipse Luna SR1 121\Workspace\rodos\Debug_STM32F4\librodos.a(hal_gpio.o)
                0x08002680                RODOS::GenericIOInterface::writeRead(...)
 .text._ZN5RODOS8HAL_GPIO15isWriteFinishedEv
                0x08002694       0x18 I:\Eclipse Luna\New Rodos\Eclipse Luna SR1 121\Workspace\rodos\Debug_STM32F4\librodos.a(hal_gpio.o)
                0x08002694                RODOS::HAL_GPIO::isWriteFinished()
 .text._ZN5RODOS8HAL_GPIO14isReadFinishedEv
                0x080026ac       0x18 I:\Eclipse Luna\New Rodos\Eclipse Luna SR1 121\Workspace\rodos\Debug_STM32F4\librodos.a(hal_gpio.o)
                0x080026ac                RODOS::HAL_GPIO::isReadFinished()
 .text.NVIC_EnableIRQ
                0x080026c4       0x30 I:\Eclipse Luna\New Rodos\Eclipse Luna SR1 121\Workspace\rodos\Debug_STM32F4\librodos.a(hal_gpio.o)
 .text.NVIC_ClearPendingIRQ
                0x080026f4       0x34 I:\Eclipse Luna\New Rodos\Eclipse Luna SR1 121\Workspace\rodos\Debug_STM32F4\librodos.a(hal_gpio.o)
 .text._ZN5RODOS17initEXTInterruptsEv
                0x08002728       0x54 I:\Eclipse Luna\New Rodos\Eclipse Luna SR1 121\Workspace\rodos\Debug_STM32F4\librodos.a(hal_gpio.o)
                0x08002728                RODOS::initEXTInterrupts()
 .text._ZN5RODOS11HW_HAL_GPIOC2ENS_8GPIO_PINEhb
                0x0800277c       0x6c I:\Eclipse Luna\New Rodos\Eclipse Luna SR1 121\Workspace\rodos\Debug_STM32F4\librodos.a(hal_gpio.o)
                0x0800277c                RODOS::HW_HAL_GPIO::HW_HAL_GPIO(RODOS::GPIO_PIN, unsigned char, bool)
                0x0800277c                RODOS::HW_HAL_GPIO::HW_HAL_GPIO(RODOS::GPIO_PIN, unsigned char, bool)
 .text._ZN5RODOS11HW_HAL_GPIO10setPinMaskEv
                0x080027e8       0x74 I:\Eclipse Luna\New Rodos\Eclipse Luna SR1 121\Workspace\rodos\Debug_STM32F4\librodos.a(hal_gpio.o)
                0x080027e8                RODOS::HW_HAL_GPIO::setPinMask()
 .text._ZN5RODOS11HW_HAL_GPIO13EXTIRQHandlerEv
                0x0800285c       0x54 I:\Eclipse Luna\New Rodos\Eclipse Luna SR1 121\Workspace\rodos\Debug_STM32F4\librodos.a(hal_gpio.o)
                0x0800285c                RODOS::HW_HAL_GPIO::EXTIRQHandler()
 .text._ZN5RODOS11HW_HAL_GPIO17getGPIO_PinSourceEm
                0x080028b0       0x38 I:\Eclipse Luna\New Rodos\Eclipse Luna SR1 121\Workspace\rodos\Debug_STM32F4\librodos.a(hal_gpio.o)
                0x080028b0                RODOS::HW_HAL_GPIO::getGPIO_PinSource(unsigned long)
 .text._ZN5RODOS11HW_HAL_GPIO23getRCC_APB1Periph_GPIOxEP12GPIO_TypeDef
                0x080028e8       0xd4 I:\Eclipse Luna\New Rodos\Eclipse Luna SR1 121\Workspace\rodos\Debug_STM32F4\librodos.a(hal_gpio.o)
                0x080028e8                RODOS::HW_HAL_GPIO::getRCC_APB1Periph_GPIOx(GPIO_TypeDef*)
 .text._ZN5RODOS11HW_HAL_GPIO12getSTM32PortENS_8GPIO_PINE
                0x080029bc       0xa8 I:\Eclipse Luna\New Rodos\Eclipse Luna SR1 121\Workspace\rodos\Debug_STM32F4\librodos.a(hal_gpio.o)
                0x080029bc                RODOS::HW_HAL_GPIO::getSTM32Port(RODOS::GPIO_PIN)
 .text._ZN5RODOS11HW_HAL_GPIO11getSTM32PinENS_8GPIO_PINE
                0x08002a64       0x24 I:\Eclipse Luna\New Rodos\Eclipse Luna SR1 121\Workspace\rodos\Debug_STM32F4\librodos.a(hal_gpio.o)
                0x08002a64                RODOS::HW_HAL_GPIO::getSTM32Pin(RODOS::GPIO_PIN)
 .text._ZN5RODOS11HW_HAL_GPIO14configureAFPinENS_8GPIO_PINEh
                0x08002a88       0xa0 I:\Eclipse Luna\New Rodos\Eclipse Luna SR1 121\Workspace\rodos\Debug_STM32F4\librodos.a(hal_gpio.o)
                0x08002a88                RODOS::HW_HAL_GPIO::configureAFPin(RODOS::GPIO_PIN, unsigned char)
 .text._ZN5RODOS11HW_HAL_GPIO8resetPinENS_8GPIO_PINE
                0x08002b28       0x60 I:\Eclipse Luna\New Rodos\Eclipse Luna SR1 121\Workspace\rodos\Debug_STM32F4\librodos.a(hal_gpio.o)
                0x08002b28                RODOS::HW_HAL_GPIO::resetPin(RODOS::GPIO_PIN)
 .text._ZN5RODOS8HAL_GPIOC2ENS_8GPIO_PINE
                0x08002b88       0x68 I:\Eclipse Luna\New Rodos\Eclipse Luna SR1 121\Workspace\rodos\Debug_STM32F4\librodos.a(hal_gpio.o)
                0x08002b88                RODOS::HAL_GPIO::HAL_GPIO(RODOS::GPIO_PIN)
                0x08002b88                RODOS::HAL_GPIO::HAL_GPIO(RODOS::GPIO_PIN)
 .text._ZN5RODOS8HAL_GPIO4initEbmm
                0x08002bf0       0x90 I:\Eclipse Luna\New Rodos\Eclipse Luna SR1 121\Workspace\rodos\Debug_STM32F4\librodos.a(hal_gpio.o)
                0x08002bf0                RODOS::HAL_GPIO::init(bool, unsigned long, unsigned long)
 .text._ZN5RODOS8HAL_GPIO6configENS_13GPIO_CFG_TYPEEm
                0x08002c80      0x158 I:\Eclipse Luna\New Rodos\Eclipse Luna SR1 121\Workspace\rodos\Debug_STM32F4\librodos.a(hal_gpio.o)
                0x08002c80                RODOS::HAL_GPIO::config(RODOS::GPIO_CFG_TYPE, unsigned long)
 .text._ZN5RODOS8HAL_GPIO5resetEv
                0x08002dd8       0x24 I:\Eclipse Luna\New Rodos\Eclipse Luna SR1 121\Workspace\rodos\Debug_STM32F4\librodos.a(hal_gpio.o)
                0x08002dd8                RODOS::HAL_GPIO::reset()
 .text._ZN5RODOS8HAL_GPIO7setPinsEm
                0x08002dfc       0x98 I:\Eclipse Luna\New Rodos\Eclipse Luna SR1 121\Workspace\rodos\Debug_STM32F4\librodos.a(hal_gpio.o)
                0x08002dfc                RODOS::HAL_GPIO::setPins(unsigned long)
 .text._ZN5RODOS8HAL_GPIO8readPinsEv
                0x08002e94       0x74 I:\Eclipse Luna\New Rodos\Eclipse Luna SR1 121\Workspace\rodos\Debug_STM32F4\librodos.a(hal_gpio.o)
                0x08002e94                RODOS::HAL_GPIO::readPins()
 .text._ZN5RODOS8HAL_GPIO11isDataReadyEv
                0x08002f08       0x1c I:\Eclipse Luna\New Rodos\Eclipse Luna SR1 121\Workspace\rodos\Debug_STM32F4\librodos.a(hal_gpio.o)
                0x08002f08                RODOS::HAL_GPIO::isDataReady()
 .text._ZN5RODOS8HAL_GPIO15interruptEnableEb
                0x08002f24      0x178 I:\Eclipse Luna\New Rodos\Eclipse Luna SR1 121\Workspace\rodos\Debug_STM32F4\librodos.a(hal_gpio.o)
                0x08002f24                RODOS::HAL_GPIO::interruptEnable(bool)
 .text.EXTI0_IRQHandler
                0x0800309c       0x24 I:\Eclipse Luna\New Rodos\Eclipse Luna SR1 121\Workspace\rodos\Debug_STM32F4\librodos.a(hal_gpio.o)
                0x0800309c                EXTI0_IRQHandler
 .text.EXTI1_IRQHandler
                0x080030c0       0x24 I:\Eclipse Luna\New Rodos\Eclipse Luna SR1 121\Workspace\rodos\Debug_STM32F4\librodos.a(hal_gpio.o)
                0x080030c0                EXTI1_IRQHandler
 .text.EXTI2_IRQHandler
                0x080030e4       0x24 I:\Eclipse Luna\New Rodos\Eclipse Luna SR1 121\Workspace\rodos\Debug_STM32F4\librodos.a(hal_gpio.o)
                0x080030e4                EXTI2_IRQHandler
 .text.EXTI3_IRQHandler
                0x08003108       0x24 I:\Eclipse Luna\New Rodos\Eclipse Luna SR1 121\Workspace\rodos\Debug_STM32F4\librodos.a(hal_gpio.o)
                0x08003108                EXTI3_IRQHandler
 .text.EXTI4_IRQHandler
                0x0800312c       0x24 I:\Eclipse Luna\New Rodos\Eclipse Luna SR1 121\Workspace\rodos\Debug_STM32F4\librodos.a(hal_gpio.o)
                0x0800312c                EXTI4_IRQHandler
 .text.EXTI9_5_IRQHandler
                0x08003150       0x5c I:\Eclipse Luna\New Rodos\Eclipse Luna SR1 121\Workspace\rodos\Debug_STM32F4\librodos.a(hal_gpio.o)
                0x08003150                EXTI9_5_IRQHandler
 .text.EXTI15_10_IRQHandler
                0x080031ac       0x5c I:\Eclipse Luna\New Rodos\Eclipse Luna SR1 121\Workspace\rodos\Debug_STM32F4\librodos.a(hal_gpio.o)
                0x080031ac                EXTI15_10_IRQHandler
 .text.GPIO_Init
                0x08003208      0x11c I:\Eclipse Luna\New Rodos\Eclipse Luna SR1 121\Workspace\rodos\Debug_STM32F4\librodos.a(stm32f4xx_gpio.o)
                0x08003208                GPIO_Init
 .text.GPIO_StructInit
                0x08003324       0x34 I:\Eclipse Luna\New Rodos\Eclipse Luna SR1 121\Workspace\rodos\Debug_STM32F4\librodos.a(stm32f4xx_gpio.o)
                0x08003324                GPIO_StructInit
 .text.GPIO_ReadInputData
                0x08003358       0x1c I:\Eclipse Luna\New Rodos\Eclipse Luna SR1 121\Workspace\rodos\Debug_STM32F4\librodos.a(stm32f4xx_gpio.o)
                0x08003358                GPIO_ReadInputData
 .text.GPIO_ReadOutputData
                0x08003374       0x1c I:\Eclipse Luna\New Rodos\Eclipse Luna SR1 121\Workspace\rodos\Debug_STM32F4\librodos.a(stm32f4xx_gpio.o)
                0x08003374                GPIO_ReadOutputData
 .text.GPIO_Write
                0x08003390       0x1c I:\Eclipse Luna\New Rodos\Eclipse Luna SR1 121\Workspace\rodos\Debug_STM32F4\librodos.a(stm32f4xx_gpio.o)
                0x08003390                GPIO_Write
 .text.GPIO_PinAFConfig
                0x080033ac       0x8c I:\Eclipse Luna\New Rodos\Eclipse Luna SR1 121\Workspace\rodos\Debug_STM32F4\librodos.a(stm32f4xx_gpio.o)
                0x080033ac                GPIO_PinAFConfig
 .text.RCC_LSICmd
                0x08003438       0x20 I:\Eclipse Luna\New Rodos\Eclipse Luna SR1 121\Workspace\rodos\Debug_STM32F4\librodos.a(stm32f4xx_rcc.o)
                0x08003438                RCC_LSICmd
 .text.RCC_GetClocksFreq
                0x08003458      0x154 I:\Eclipse Luna\New Rodos\Eclipse Luna SR1 121\Workspace\rodos\Debug_STM32F4\librodos.a(stm32f4xx_rcc.o)
                0x08003458                RCC_GetClocksFreq
 .text.RCC_AHB1PeriphClockCmd
                0x080035ac       0x3c I:\Eclipse Luna\New Rodos\Eclipse Luna SR1 121\Workspace\rodos\Debug_STM32F4\librodos.a(stm32f4xx_rcc.o)
                0x080035ac                RCC_AHB1PeriphClockCmd
 .text.RCC_APB1PeriphClockCmd
                0x080035e8       0x3c I:\Eclipse Luna\New Rodos\Eclipse Luna SR1 121\Workspace\rodos\Debug_STM32F4\librodos.a(stm32f4xx_rcc.o)
                0x080035e8                RCC_APB1PeriphClockCmd
 .text.RCC_APB2PeriphClockCmd
                0x08003624       0x3c I:\Eclipse Luna\New Rodos\Eclipse Luna SR1 121\Workspace\rodos\Debug_STM32F4\librodos.a(stm32f4xx_rcc.o)
                0x08003624                RCC_APB2PeriphClockCmd
 .text.RCC_AHB1PeriphResetCmd
                0x08003660       0x3c I:\Eclipse Luna\New Rodos\Eclipse Luna SR1 121\Workspace\rodos\Debug_STM32F4\librodos.a(stm32f4xx_rcc.o)
                0x08003660                RCC_AHB1PeriphResetCmd
 .text.RCC_APB1PeriphResetCmd
                0x0800369c       0x3c I:\Eclipse Luna\New Rodos\Eclipse Luna SR1 121\Workspace\rodos\Debug_STM32F4\librodos.a(stm32f4xx_rcc.o)
                0x0800369c                RCC_APB1PeriphResetCmd
 .text.RCC_APB2PeriphResetCmd
                0x080036d8       0x3c I:\Eclipse Luna\New Rodos\Eclipse Luna SR1 121\Workspace\rodos\Debug_STM32F4\librodos.a(stm32f4xx_rcc.o)
                0x080036d8                RCC_APB2PeriphResetCmd
 .text.RCC_GetFlagStatus
                0x08003714       0x74 I:\Eclipse Luna\New Rodos\Eclipse Luna SR1 121\Workspace\rodos\Debug_STM32F4\librodos.a(stm32f4xx_rcc.o)
                0x08003714                RCC_GetFlagStatus
 .text.SYSCFG_EXTILineConfig
                0x08003788       0x7c I:\Eclipse Luna\New Rodos\Eclipse Luna SR1 121\Workspace\rodos\Debug_STM32F4\librodos.a(stm32f4xx_syscfg.o)
                0x08003788                SYSCFG_EXTILineConfig
 .text.NVIC_SetPriority
                0x08003804       0x54 I:\Eclipse Luna\New Rodos\Eclipse Luna SR1 121\Workspace\rodos\Debug_STM32F4\librodos.a(hw_specific.o)
 .text._ZN5RODOS6hwInitEv
                0x08003858       0x80 I:\Eclipse Luna\New Rodos\Eclipse Luna SR1 121\Workspace\rodos\Debug_STM32F4\librodos.a(hw_specific.o)
                0x08003858                RODOS::hwInit()
 .text._ZN5RODOS19hwDisableInterruptsEv
                0x080038d8       0x10 I:\Eclipse Luna\New Rodos\Eclipse Luna SR1 121\Workspace\rodos\Debug_STM32F4\librodos.a(hw_specific.o)
                0x080038d8                RODOS::hwDisableInterrupts()
 .text._ZN5RODOS18hwEnableInterruptsEv
                0x080038e8       0x10 I:\Eclipse Luna\New Rodos\Eclipse Luna SR1 121\Workspace\rodos\Debug_STM32F4\librodos.a(hw_specific.o)
                0x080038e8                RODOS::hwEnableInterrupts()
 .text._ZN5RODOS13hwInitContextEPlPv
                0x080038f8       0x64 I:\Eclipse Luna\New Rodos\Eclipse Luna SR1 121\Workspace\rodos\Debug_STM32F4\librodos.a(hw_specific.o)
                0x080038f8                RODOS::hwInitContext(long*, void*)
 .text._ZN5RODOS15startIdleThreadEv
                0x0800395c       0x14 I:\Eclipse Luna\New Rodos\Eclipse Luna SR1 121\Workspace\rodos\Debug_STM32F4\librodos.a(hw_specific.o)
                0x0800395c                RODOS::startIdleThread()
 .text.SVC_Handler
                0x08003970       0x14 I:\Eclipse Luna\New Rodos\Eclipse Luna SR1 121\Workspace\rodos\Debug_STM32F4\librodos.a(hw_specific.o)
                0x08003970                SVC_Handler
 .text.PendSV_Handler
                0x08003984       0x38 I:\Eclipse Luna\New Rodos\Eclipse Luna SR1 121\Workspace\rodos\Debug_STM32F4\librodos.a(hw_specific.o)
                0x08003984                PendSV_Handler
 .text.__asmSwitchToContext
                0x080039bc       0x1c I:\Eclipse Luna\New Rodos\Eclipse Luna SR1 121\Workspace\rodos\Debug_STM32F4\librodos.a(hw_specific.o)
                0x080039bc                __asmSwitchToContext
 .text.__asmSaveContextAndCallScheduler
                0x080039d8       0x1c I:\Eclipse Luna\New Rodos\Eclipse Luna SR1 121\Workspace\rodos\Debug_STM32F4\librodos.a(hw_specific.o)
                0x080039d8                __asmSaveContextAndCallScheduler
 .text.TIM5_ISR4LSI
                0x080039f4       0x7c I:\Eclipse Luna\New Rodos\Eclipse Luna SR1 121\Workspace\rodos\Debug_STM32F4\librodos.a(hw_specific.o)
                0x080039f4                TIM5_ISR4LSI
 .text.TIM5_ISR_USER
                0x08003a70        0xc I:\Eclipse Luna\New Rodos\Eclipse Luna SR1 121\Workspace\rodos\Debug_STM32F4\librodos.a(hw_specific.o)
                0x08003a70                TIM5_ISR_USER
 .text.TIM5_IRQHandler
                0x08003a7c       0x1c I:\Eclipse Luna\New Rodos\Eclipse Luna SR1 121\Workspace\rodos\Debug_STM32F4\librodos.a(hw_specific.o)
                0x08003a7c                TIM5_IRQHandler
 .text._ZN5RODOSL15GetLSIFrequencyEv
                0x08003a98      0x124 I:\Eclipse Luna\New Rodos\Eclipse Luna SR1 121\Workspace\rodos\Debug_STM32F4\librodos.a(hw_specific.o)
 .text._Z41__static_initialization_and_destruction_0ii
                0x08003bbc       0x3c I:\Eclipse Luna\New Rodos\Eclipse Luna SR1 121\Workspace\rodos\Debug_STM32F4\librodos.a(hw_specific.o)
 .text._GLOBAL__sub_I_contextT
                0x08003bf8       0x10 I:\Eclipse Luna\New Rodos\Eclipse Luna SR1 121\Workspace\rodos\Debug_STM32F4\librodos.a(hw_specific.o)
 .text.NVIC_EnableIRQ
                0x08003c08       0x30 I:\Eclipse Luna\New Rodos\Eclipse Luna SR1 121\Workspace\rodos\Debug_STM32F4\librodos.a(hw_timer.o)
 .text.NVIC_ClearPendingIRQ
                0x08003c38       0x34 I:\Eclipse Luna\New Rodos\Eclipse Luna SR1 121\Workspace\rodos\Debug_STM32F4\librodos.a(hw_timer.o)
 .text.NVIC_SetPriority
                0x08003c6c       0x54 I:\Eclipse Luna\New Rodos\Eclipse Luna SR1 121\Workspace\rodos\Debug_STM32F4\librodos.a(hw_timer.o)
 .text.SysTick_Handler
                0x08003cc0       0x64 I:\Eclipse Luna\New Rodos\Eclipse Luna SR1 121\Workspace\rodos\Debug_STM32F4\librodos.a(hw_timer.o)
                0x08003cc0                SysTick_Handler
 .text.SysTick_Config_New
                0x08003d24       0x40 I:\Eclipse Luna\New Rodos\Eclipse Luna SR1 121\Workspace\rodos\Debug_STM32F4\librodos.a(hw_timer.o)
 .text.SysTick_Enable
                0x08003d64       0x1c I:\Eclipse Luna\New Rodos\Eclipse Luna SR1 121\Workspace\rodos\Debug_STM32F4\librodos.a(hw_timer.o)
 .text.SysTick_Disable
                0x08003d80       0x1c I:\Eclipse Luna\New Rodos\Eclipse Luna SR1 121\Workspace\rodos\Debug_STM32F4\librodos.a(hw_timer.o)
 .text._ZN5RODOS5Timer4initEv
                0x08003d9c       0x50 I:\Eclipse Luna\New Rodos\Eclipse Luna SR1 121\Workspace\rodos\Debug_STM32F4\librodos.a(hw_timer.o)
                0x08003d9c                RODOS::Timer::init()
 .text._ZN5RODOS5Timer5startEv
                0x08003dec       0x54 I:\Eclipse Luna\New Rodos\Eclipse Luna SR1 121\Workspace\rodos\Debug_STM32F4\librodos.a(hw_timer.o)
                0x08003dec                RODOS::Timer::start()
 .text._ZN5RODOS5Timer4stopEv
                0x08003e40        0xc I:\Eclipse Luna\New Rodos\Eclipse Luna SR1 121\Workspace\rodos\Debug_STM32F4\librodos.a(hw_timer.o)
                0x08003e40                RODOS::Timer::stop()
 .text._ZN5RODOS5Timer11setIntervalEx
                0x08003e4c       0x24 I:\Eclipse Luna\New Rodos\Eclipse Luna SR1 121\Workspace\rodos\Debug_STM32F4\librodos.a(hw_timer.o)
                0x08003e4c                RODOS::Timer::setInterval(long long)
 .text.TIM1_TRG_COM_TIM11_IRQHandler
                0x08003e70       0x38 I:\Eclipse Luna\New Rodos\Eclipse Luna SR1 121\Workspace\rodos\Debug_STM32F4\librodos.a(hw_timer.o)
                0x08003e70                TIM1_TRG_COM_TIM11_IRQHandler
 .text._ZN5RODOS9TIMx_initEv
                0x08003ea8       0xb0 I:\Eclipse Luna\New Rodos\Eclipse Luna SR1 121\Workspace\rodos\Debug_STM32F4\librodos.a(hw_timer.o)
                0x08003ea8                RODOS::TIMx_init()
 .text._ZN5RODOS16hwGetNanosecondsEv
                0x08003f58       0xc8 I:\Eclipse Luna\New Rodos\Eclipse Luna SR1 121\Workspace\rodos\Debug_STM32F4\librodos.a(hw_timer.o)
                0x08003f58                RODOS::hwGetNanoseconds()
 .text._ZN5RODOS10hwInitTimeEv
                0x08004020       0x20 I:\Eclipse Luna\New Rodos\Eclipse Luna SR1 121\Workspace\rodos\Debug_STM32F4\librodos.a(hw_timer.o)
                0x08004020                RODOS::hwInitTime()
 .text.NMI_Handler
                0x08004040        0x8 I:\Eclipse Luna\New Rodos\Eclipse Luna SR1 121\Workspace\rodos\Debug_STM32F4\librodos.a(stm32xxx_it.o)
                0x08004040                NMI_Handler
 .text.HardFault_Handler
                0x08004048       0x24 I:\Eclipse Luna\New Rodos\Eclipse Luna SR1 121\Workspace\rodos\Debug_STM32F4\librodos.a(stm32xxx_it.o)
                0x08004048                HardFault_Handler
 .text.MemManage_Handler
                0x0800406c        0x8 I:\Eclipse Luna\New Rodos\Eclipse Luna SR1 121\Workspace\rodos\Debug_STM32F4\librodos.a(stm32xxx_it.o)
                0x0800406c                MemManage_Handler
 .text.BusFault_Handler
                0x08004074        0x8 I:\Eclipse Luna\New Rodos\Eclipse Luna SR1 121\Workspace\rodos\Debug_STM32F4\librodos.a(stm32xxx_it.o)
                0x08004074                BusFault_Handler
 .text.UsageFault_Handler
                0x0800407c        0x8 I:\Eclipse Luna\New Rodos\Eclipse Luna SR1 121\Workspace\rodos\Debug_STM32F4\librodos.a(stm32xxx_it.o)
                0x0800407c                UsageFault_Handler
 .text.WWDG_IRQHandlerFunc
                0x08004084        0x8 I:\Eclipse Luna\New Rodos\Eclipse Luna SR1 121\Workspace\rodos\Debug_STM32F4\librodos.a(stm32xxx_it.o)
                0x08004084                WWDG_IRQHandlerFunc
 .text.putchar  0x0800408c       0x78 I:\Eclipse Luna\New Rodos\Eclipse Luna SR1 121\Workspace\rodos\Debug_STM32F4\librodos.a(syscalls.o)
                0x0800408c                putchar
 .text._ZN5RODOS18sp_partition_yieldEv
                0x08004104        0xc I:\Eclipse Luna\New Rodos\Eclipse Luna SR1 121\Workspace\rodos\Debug_STM32F4\librodos.a(syscalls.o)
                0x08004104                RODOS::sp_partition_yield()
 .text._ZN5RODOS6FFLUSHEv
                0x08004110        0xc I:\Eclipse Luna\New Rodos\Eclipse Luna SR1 121\Workspace\rodos\Debug_STM32F4\librodos.a(syscalls.o)
                0x08004110                RODOS::FFLUSH()
 .text.SystemInit
                0x0800411c       0x78 I:\Eclipse Luna\New Rodos\Eclipse Luna SR1 121\Workspace\rodos\Debug_STM32F4\librodos.a(system_stm32f4xx.o)
                0x0800411c                SystemInit
 .text.SystemCoreClockUpdate
                0x08004194       0xf8 I:\Eclipse Luna\New Rodos\Eclipse Luna SR1 121\Workspace\rodos\Debug_STM32F4\librodos.a(system_stm32f4xx.o)
                0x08004194                SystemCoreClockUpdate
 .text.SetSysClock
                0x0800428c      0x1c8 I:\Eclipse Luna\New Rodos\Eclipse Luna SR1 121\Workspace\rodos\Debug_STM32F4\librodos.a(system_stm32f4xx.o)
 .text.schedulerWrapper
                0x08004454       0x20 I:\Eclipse Luna\New Rodos\Eclipse Luna SR1 121\Workspace\rodos\Debug_STM32F4\librodos.a(scheduler.o)
                0x08004454                schedulerWrapper
 .text._ZN5RODOS9Scheduler4idleEv
                0x08004474       0x40 I:\Eclipse Luna\New Rodos\Eclipse Luna SR1 121\Workspace\rodos\Debug_STM32F4\librodos.a(scheduler.o)
                0x08004474                RODOS::Scheduler::idle()
 .text._ZN5RODOS9Scheduler8scheduleEv
                0x080044b4       0x84 I:\Eclipse Luna\New Rodos\Eclipse Luna SR1 121\Workspace\rodos\Debug_STM32F4\librodos.a(scheduler.o)
                0x080044b4                RODOS::Scheduler::schedule()
 .text._ZN5RODOS9Scheduler18isSchedulerRunningEv
                0x08004538       0x20 I:\Eclipse Luna\New Rodos\Eclipse Luna SR1 121\Workspace\rodos\Debug_STM32F4\librodos.a(scheduler.o)
                0x08004538                RODOS::Scheduler::isSchedulerRunning()
 .text._Z41__static_initialization_and_destruction_0ii
                0x08004558       0x3c I:\Eclipse Luna\New Rodos\Eclipse Luna SR1 121\Workspace\rodos\Debug_STM32F4\librodos.a(scheduler.o)
 .text._GLOBAL__sub_I___schedulerStack__
                0x08004594       0x10 I:\Eclipse Luna\New Rodos\Eclipse Luna SR1 121\Workspace\rodos\Debug_STM32F4\librodos.a(scheduler.o)
 .text._ZN5RODOS9SemaphoreC2Ev
                0x080045a4       0x30 I:\Eclipse Luna\New Rodos\Eclipse Luna SR1 121\Workspace\rodos\Debug_STM32F4\librodos.a(semaphore.o)
                0x080045a4                RODOS::Semaphore::Semaphore()
                0x080045a4                RODOS::Semaphore::Semaphore()
 .text._ZN5RODOS9Semaphore5enterEv
                0x080045d4       0xbc I:\Eclipse Luna\New Rodos\Eclipse Luna SR1 121\Workspace\rodos\Debug_STM32F4\librodos.a(semaphore.o)
                0x080045d4                RODOS::Semaphore::enter()
 .text._ZN5RODOS9Semaphore5leaveEv
                0x08004690       0x9c I:\Eclipse Luna\New Rodos\Eclipse Luna SR1 121\Workspace\rodos\Debug_STM32F4\librodos.a(semaphore.o)
                0x08004690                RODOS::Semaphore::leave()
 .text._ZN5RODOS6Thread4initEv
                0x0800472c       0x14 I:\Eclipse Luna\New Rodos\Eclipse Luna SR1 121\Workspace\rodos\Debug_STM32F4\librodos.a(thread_on_hw.o)
                0x0800472c                RODOS::Thread::init()
 .text._ZN5RODOS6ThreadC2EPKcll
                0x08004740       0xdc I:\Eclipse Luna\New Rodos\Eclipse Luna SR1 121\Workspace\rodos\Debug_STM32F4\librodos.a(thread_on_hw.o)
                0x08004740                RODOS::Thread::Thread(char const*, long, long)
                0x08004740                RODOS::Thread::Thread(char const*, long, long)
 .text._ZN5RODOS6ThreadD2Ev
                0x0800481c       0x54 I:\Eclipse Luna\New Rodos\Eclipse Luna SR1 121\Workspace\rodos\Debug_STM32F4\librodos.a(thread_on_hw.o)
                0x0800481c                RODOS::Thread::~Thread()
                0x0800481c                RODOS::Thread::~Thread()
 .text._ZN5RODOS6ThreadD0Ev
                0x08004870       0x20 I:\Eclipse Luna\New Rodos\Eclipse Luna SR1 121\Workspace\rodos\Debug_STM32F4\librodos.a(thread_on_hw.o)
                0x08004870                RODOS::Thread::~Thread()
 .text._ZN5RODOS6Thread6createEv
                0x08004890       0x14 I:\Eclipse Luna\New Rodos\Eclipse Luna SR1 121\Workspace\rodos\Debug_STM32F4\librodos.a(thread_on_hw.o)
                0x08004890                RODOS::Thread::create()
 .text._ZN5RODOS6Thread5yieldEv
                0x080048a4       0x6c I:\Eclipse Luna\New Rodos\Eclipse Luna SR1 121\Workspace\rodos\Debug_STM32F4\librodos.a(thread_on_hw.o)
                0x080048a4                RODOS::Thread::yield()
 .text._ZN5RODOS6Thread8activateEv
                0x08004910       0x4c I:\Eclipse Luna\New Rodos\Eclipse Luna SR1 121\Workspace\rodos\Debug_STM32F4\librodos.a(thread_on_hw.o)
                0x08004910                RODOS::Thread::activate()
 .text._ZNK5RODOS6Thread11getPriorityEv
                0x0800495c       0x18 I:\Eclipse Luna\New Rodos\Eclipse Luna SR1 121\Workspace\rodos\Debug_STM32F4\librodos.a(thread_on_hw.o)
                0x0800495c                RODOS::Thread::getPriority() const
 .text._ZN5RODOS6Thread11setPriorityEl
                0x08004974       0x1c I:\Eclipse Luna\New Rodos\Eclipse Luna SR1 121\Workspace\rodos\Debug_STM32F4\librodos.a(thread_on_hw.o)
                0x08004974                RODOS::Thread::setPriority(long)
 .text._ZN5RODOS6Thread16getCurrentThreadEv
                0x08004990       0x18 I:\Eclipse Luna\New Rodos\Eclipse Luna SR1 121\Workspace\rodos\Debug_STM32F4\librodos.a(thread_on_hw.o)
                0x08004990                RODOS::Thread::getCurrentThread()
 .text._ZN5RODOS6Thread6resumeEv
                0x080049a8       0x38 I:\Eclipse Luna\New Rodos\Eclipse Luna SR1 121\Workspace\rodos\Debug_STM32F4\librodos.a(thread_on_hw.o)
                0x080049a8                RODOS::Thread::resume()
 .text._ZN5RODOS6Thread18suspendCallerUntilExPv
                0x080049e0       0x74 I:\Eclipse Luna\New Rodos\Eclipse Luna SR1 121\Workspace\rodos\Debug_STM32F4\librodos.a(thread_on_hw.o)
                0x080049e0                RODOS::Thread::suspendCallerUntil(long long, void*)
 .text._ZN5RODOS6Thread17initializeThreadsEv
                0x08004a54       0xd0 I:\Eclipse Luna\New Rodos\Eclipse Luna SR1 121\Workspace\rodos\Debug_STM32F4\librodos.a(thread_on_hw.o)
                0x08004a54                RODOS::Thread::initializeThreads()
 .text._ZN5RODOS20threadStartupWrapperEPNS_6ThreadE
                0x08004b24       0x40 I:\Eclipse Luna\New Rodos\Eclipse Luna SR1 121\Workspace\rodos\Debug_STM32F4\librodos.a(thread_on_hw.o)
                0x08004b24                RODOS::threadStartupWrapper(RODOS::Thread*)
 .text._ZN5RODOS10IdleThreadC2Ev
                0x08004b64       0x30 I:\Eclipse Luna\New Rodos\Eclipse Luna SR1 121\Workspace\rodos\Debug_STM32F4\librodos.a(thread_on_hw.o)
                0x08004b64                RODOS::IdleThread::IdleThread()
                0x08004b64                RODOS::IdleThread::IdleThread()
 .text._ZN5RODOS10IdleThread3runEv
                0x08004b94       0x34 I:\Eclipse Luna\New Rodos\Eclipse Luna SR1 121\Workspace\rodos\Debug_STM32F4\librodos.a(thread_on_hw.o)
                0x08004b94                RODOS::IdleThread::run()
 .text._ZN5RODOS10IdleThread4initEv
                0x08004bc8       0x18 I:\Eclipse Luna\New Rodos\Eclipse Luna SR1 121\Workspace\rodos\Debug_STM32F4\librodos.a(thread_on_hw.o)
                0x08004bc8                RODOS::IdleThread::init()
 .text._ZN5RODOS6Thread13findNextToRunEx
                0x08004be0      0x1b0 I:\Eclipse Luna\New Rodos\Eclipse Luna SR1 121\Workspace\rodos\Debug_STM32F4\librodos.a(thread_on_hw.o)
                0x08004be0                RODOS::Thread::findNextToRun(long long)
 .text._ZN5RODOS6Thread18findNextWaitingForEPv
                0x08004d90       0xcc I:\Eclipse Luna\New Rodos\Eclipse Luna SR1 121\Workspace\rodos\Debug_STM32F4\librodos.a(thread_on_hw.o)
                0x08004d90                RODOS::Thread::findNextWaitingFor(void*)
 .text._ZN5RODOS10IdleThreadD2Ev
                0x08004e5c       0x30 I:\Eclipse Luna\New Rodos\Eclipse Luna SR1 121\Workspace\rodos\Debug_STM32F4\librodos.a(thread_on_hw.o)
                0x08004e5c                RODOS::IdleThread::~IdleThread()
                0x08004e5c                RODOS::IdleThread::~IdleThread()
 .text._ZN5RODOS10IdleThreadD0Ev
                0x08004e8c       0x20 I:\Eclipse Luna\New Rodos\Eclipse Luna SR1 121\Workspace\rodos\Debug_STM32F4\librodos.a(thread_on_hw.o)
                0x08004e8c                RODOS::IdleThread::~IdleThread()
 .text._Z41__static_initialization_and_destruction_0ii
                0x08004eac       0x3c I:\Eclipse Luna\New Rodos\Eclipse Luna SR1 121\Workspace\rodos\Debug_STM32F4\librodos.a(thread_on_hw.o)
 .text._GLOBAL__sub_I__ZN5RODOS6ThreadC2EPKcll
                0x08004ee8       0x10 I:\Eclipse Luna\New Rodos\Eclipse Luna SR1 121\Workspace\rodos\Debug_STM32F4\librodos.a(thread_on_hw.o)
 .text._ZN5RODOS10computeCrcEPKhll
                0x08004ef8       0x84 I:\Eclipse Luna\New Rodos\Eclipse Luna SR1 121\Workspace\rodos\Debug_STM32F4\librodos.a(checksumes.o)
                0x08004ef8                RODOS::computeCrc(unsigned char const*, long, long)
 .text._ZN5RODOS4hashEPKc
                0x08004f7c       0x90 I:\Eclipse Luna\New Rodos\Eclipse Luna SR1 121\Workspace\rodos\Debug_STM32F4\librodos.a(checksumes.o)
                0x08004f7c                RODOS::hash(char const*)
 .text._ZN5RODOS18GenericIOInterface5resetEv
                0x0800500c       0x14 I:\Eclipse Luna\New Rodos\Eclipse Luna SR1 121\Workspace\rodos\Debug_STM32F4\librodos.a(genericIO.o)
                0x0800500c                RODOS::GenericIOInterface::reset()
 .text._ZN5RODOS18GenericIOInterface14isReadFinishedEv
                0x08005020       0x18 I:\Eclipse Luna\New Rodos\Eclipse Luna SR1 121\Workspace\rodos\Debug_STM32F4\librodos.a(genericIO.o)
                0x08005020                RODOS::GenericIOInterface::isReadFinished()
 .text._ZN5RODOS18GenericIOInterface11isDataReadyEv
                0x08005038       0x18 I:\Eclipse Luna\New Rodos\Eclipse Luna SR1 121\Workspace\rodos\Debug_STM32F4\librodos.a(genericIO.o)
                0x08005038                RODOS::GenericIOInterface::isDataReady()
 .text._ZN5RODOS18GenericIOInterfaceC2Ev
                0x08005050       0x38 I:\Eclipse Luna\New Rodos\Eclipse Luna SR1 121\Workspace\rodos\Debug_STM32F4\librodos.a(genericIO.o)
                0x08005050                RODOS::GenericIOInterface::GenericIOInterface()
                0x08005050                RODOS::GenericIOInterface::GenericIOInterface()
 .text._ZN5RODOS18GenericIOInterface25suspendUntilWriteFinishedEx
                0x08005088       0x4c I:\Eclipse Luna\New Rodos\Eclipse Luna SR1 121\Workspace\rodos\Debug_STM32F4\librodos.a(genericIO.o)
                0x08005088                RODOS::GenericIOInterface::suspendUntilWriteFinished(long long)
 .text._ZN5RODOS18GenericIOInterface19upCallWriteFinishedEv
                0x080050d4       0x40 I:\Eclipse Luna\New Rodos\Eclipse Luna SR1 121\Workspace\rodos\Debug_STM32F4\librodos.a(genericIO.o)
                0x080050d4                RODOS::GenericIOInterface::upCallWriteFinished()
 .text._ZN5RODOS18GenericIOInterface18upCallReadFinishedEv
                0x08005114       0x40 I:\Eclipse Luna\New Rodos\Eclipse Luna SR1 121\Workspace\rodos\Debug_STM32F4\librodos.a(genericIO.o)
                0x08005114                RODOS::GenericIOInterface::upCallReadFinished()
 .text._ZN5RODOS18GenericIOInterface15upCallDataReadyEv
                0x08005154       0x40 I:\Eclipse Luna\New Rodos\Eclipse Luna SR1 121\Workspace\rodos\Debug_STM32F4\librodos.a(genericIO.o)
                0x08005154                RODOS::GenericIOInterface::upCallDataReady()
 .text._ZN5RODOS13getNodeNumberEv
                0x08005194       0x18 I:\Eclipse Luna\New Rodos\Eclipse Luna SR1 121\Workspace\rodos\Debug_STM32F4\librodos.a(globaldata.o)
                0x08005194                RODOS::getNodeNumber()
 .text._ZN5RODOS10initSystemEv
                0x080051ac      0x208 I:\Eclipse Luna\New Rodos\Eclipse Luna SR1 121\Workspace\rodos\Debug_STM32F4\librodos.a(main.o)
                0x080051ac                RODOS::initSystem()
 .text.main     0x080053b4       0xcc I:\Eclipse Luna\New Rodos\Eclipse Luna SR1 121\Workspace\rodos\Debug_STM32F4\librodos.a(main.o)
                0x080053b4                main
 .text._Z4MAINv
                0x08005480       0x10 I:\Eclipse Luna\New Rodos\Eclipse Luna SR1 121\Workspace\rodos\Debug_STM32F4\librodos.a(main_usermain.o)
                0x08005480                MAIN()
 .text._ZN5RODOS7xmallocEl
                0x08005490       0x94 I:\Eclipse Luna\New Rodos\Eclipse Luna SR1 121\Workspace\rodos\Debug_STM32F4\librodos.a(miscs.o)
                0x08005490                RODOS::xmalloc(long)
 .text._ZN5RODOS6Thread15setPeriodicBeatExx
                0x08005524       0x2c I:\Eclipse Luna\New Rodos\Eclipse Luna SR1 121\Workspace\rodos\Debug_STM32F4\librodos.a(thread.o)
                0x08005524                RODOS::Thread::setPeriodicBeat(long long, long long)
 .text._ZN5RODOS6Thread20suspendUntilNextBeatEv
                0x08005550       0x64 I:\Eclipse Luna\New Rodos\Eclipse Luna SR1 121\Workspace\rodos\Debug_STM32F4\librodos.a(thread.o)
                0x08005550                RODOS::Thread::suspendUntilNextBeat()
 .text._ZN5RODOS6Thread20setPrioCurrentRunnerEl
                0x080055b4       0x28 I:\Eclipse Luna\New Rodos\Eclipse Luna SR1 121\Workspace\rodos\Debug_STM32F4\librodos.a(thread.o)
                0x080055b4                RODOS::Thread::setPrioCurrentRunner(long)
 .text._ZN5RODOS9TimeEvent9propagateEx
                0x080055dc       0xdc I:\Eclipse Luna\New Rodos\Eclipse Luna SR1 121\Workspace\rodos\Debug_STM32F4\librodos.a(timeevent.o)
                0x080055dc                RODOS::TimeEvent::propagate(long long)
 .text._ZN5RODOS9TimeEvent15initAllElementsEv
                0x080056b8       0x60 I:\Eclipse Luna\New Rodos\Eclipse Luna SR1 121\Workspace\rodos\Debug_STM32F4\librodos.a(timeevent.o)
                0x080056b8                RODOS::TimeEvent::initAllElements()
 .text.NVIC_EnableIRQ
                0x08005718       0x30 I:\Eclipse Luna\New Rodos\Eclipse Luna SR1 121\Workspace\rodos\Debug_STM32F4\librodos.a(hal_uart.o)
 .text.NVIC_DisableIRQ
                0x08005748       0x34 I:\Eclipse Luna\New Rodos\Eclipse Luna SR1 121\Workspace\rodos\Debug_STM32F4\librodos.a(hal_uart.o)
 .text.NVIC_ClearPendingIRQ
                0x0800577c       0x34 I:\Eclipse Luna\New Rodos\Eclipse Luna SR1 121\Workspace\rodos\Debug_STM32F4\librodos.a(hal_uart.o)
 .text._ZN5RODOS14ReceiveTriggerC2Ev
                0x080057b0       0x30 I:\Eclipse Luna\New Rodos\Eclipse Luna SR1 121\Workspace\rodos\Debug_STM32F4\librodos.a(hal_uart.o)
                0x080057b0                RODOS::ReceiveTrigger::ReceiveTrigger()
                0x080057b0                RODOS::ReceiveTrigger::ReceiveTrigger()
 .text._ZN5RODOS11HW_HAL_UARTC2Ev
                0x080057e0       0x28 I:\Eclipse Luna\New Rodos\Eclipse Luna SR1 121\Workspace\rodos\Debug_STM32F4\librodos.a(hal_uart.o)
                0x080057e0                RODOS::HW_HAL_UART::HW_HAL_UART()
                0x080057e0                RODOS::HW_HAL_UART::HW_HAL_UART()
 .text._ZN5RODOS14ReceiveTrigger3runEv
                0x08005808       0xc0 I:\Eclipse Luna\New Rodos\Eclipse Luna SR1 121\Workspace\rodos\Debug_STM32F4\librodos.a(hal_uart.o)
                0x08005808                RODOS::ReceiveTrigger::run()
 .text._ZN5RODOS8HAL_UARTC2ENS_8UART_IDXENS_8GPIO_PINES2_S2_S2_
                0x080058c8       0x80 I:\Eclipse Luna\New Rodos\Eclipse Luna SR1 121\Workspace\rodos\Debug_STM32F4\librodos.a(hal_uart.o)
                0x080058c8                RODOS::HAL_UART::HAL_UART(RODOS::UART_IDX, RODOS::GPIO_PIN, RODOS::GPIO_PIN, RODOS::GPIO_PIN, RODOS::GPIO_PIN)
                0x080058c8                RODOS::HAL_UART::HAL_UART(RODOS::UART_IDX, RODOS::GPIO_PIN, RODOS::GPIO_PIN, RODOS::GPIO_PIN, RODOS::GPIO_PIN)
 .text.USART1_IRQHandler
                0x08005948       0x18 I:\Eclipse Luna\New Rodos\Eclipse Luna SR1 121\Workspace\rodos\Debug_STM32F4\librodos.a(hal_uart.o)
                0x08005948                USART1_IRQHandler
 .text.USART2_IRQHandler
                0x08005960       0x18 I:\Eclipse Luna\New Rodos\Eclipse Luna SR1 121\Workspace\rodos\Debug_STM32F4\librodos.a(hal_uart.o)
                0x08005960                USART2_IRQHandler
 .text.USART3_IRQHandler
                0x08005978       0x18 I:\Eclipse Luna\New Rodos\Eclipse Luna SR1 121\Workspace\rodos\Debug_STM32F4\librodos.a(hal_uart.o)
                0x08005978                USART3_IRQHandler
 .text.UART4_IRQHandler
                0x08005990       0x18 I:\Eclipse Luna\New Rodos\Eclipse Luna SR1 121\Workspace\rodos\Debug_STM32F4\librodos.a(hal_uart.o)
                0x08005990                UART4_IRQHandler
 .text.UART5_IRQHandler
                0x080059a8       0x18 I:\Eclipse Luna\New Rodos\Eclipse Luna SR1 121\Workspace\rodos\Debug_STM32F4\librodos.a(hal_uart.o)
                0x080059a8                UART5_IRQHandler
 .text.USART6_IRQHandler
                0x080059c0       0x18 I:\Eclipse Luna\New Rodos\Eclipse Luna SR1 121\Workspace\rodos\Debug_STM32F4\librodos.a(hal_uart.o)
                0x080059c0                USART6_IRQHandler
 .text.DMA2_Stream7_IRQHandler
                0x080059d8       0x48 I:\Eclipse Luna\New Rodos\Eclipse Luna SR1 121\Workspace\rodos\Debug_STM32F4\librodos.a(hal_uart.o)
                0x080059d8                DMA2_Stream7_IRQHandler
 .text.DMA1_Stream6_IRQHandler
                0x08005a20       0x48 I:\Eclipse Luna\New Rodos\Eclipse Luna SR1 121\Workspace\rodos\Debug_STM32F4\librodos.a(hal_uart.o)
                0x08005a20                DMA1_Stream6_IRQHandler
 .text.DMA1_Stream3_IRQHandler
                0x08005a68       0x48 I:\Eclipse Luna\New Rodos\Eclipse Luna SR1 121\Workspace\rodos\Debug_STM32F4\librodos.a(hal_uart.o)
                0x08005a68                DMA1_Stream3_IRQHandler
 .text.DMA2_Stream5_IRQHandler
                0x08005ab0       0x48 I:\Eclipse Luna\New Rodos\Eclipse Luna SR1 121\Workspace\rodos\Debug_STM32F4\librodos.a(hal_uart.o)
                0x08005ab0                DMA2_Stream5_IRQHandler
 .text.DMA1_Stream5_IRQHandler
                0x08005af8       0x48 I:\Eclipse Luna\New Rodos\Eclipse Luna SR1 121\Workspace\rodos\Debug_STM32F4\librodos.a(hal_uart.o)
                0x08005af8                DMA1_Stream5_IRQHandler
 .text.DMA1_Stream1_IRQHandler
                0x08005b40       0x48 I:\Eclipse Luna\New Rodos\Eclipse Luna SR1 121\Workspace\rodos\Debug_STM32F4\librodos.a(hal_uart.o)
                0x08005b40                DMA1_Stream1_IRQHandler
 .text._ZN5RODOS8HAL_UART4initEj
                0x08005b88       0x3c I:\Eclipse Luna\New Rodos\Eclipse Luna SR1 121\Workspace\rodos\Debug_STM32F4\librodos.a(hal_uart.o)
                0x08005b88                RODOS::HAL_UART::init(unsigned int)
 .text._ZN5RODOS8HAL_UART6configENS_19UART_PARAMETER_TYPEEi
                0x08005bc4      0x1d0 I:\Eclipse Luna\New Rodos\Eclipse Luna SR1 121\Workspace\rodos\Debug_STM32F4\librodos.a(hal_uart.o)
                0x08005bc4                RODOS::HAL_UART::config(RODOS::UART_PARAMETER_TYPE, int)
 .text._ZN5RODOS8HAL_UART5resetEv
                0x08005d94       0xc8 I:\Eclipse Luna\New Rodos\Eclipse Luna SR1 121\Workspace\rodos\Debug_STM32F4\librodos.a(hal_uart.o)
                0x08005d94                RODOS::HAL_UART::reset()
 .text._ZN5RODOS8HAL_UART4readEPci
                0x08005e5c       0xdc I:\Eclipse Luna\New Rodos\Eclipse Luna SR1 121\Workspace\rodos\Debug_STM32F4\librodos.a(hal_uart.o)
                0x08005e5c                RODOS::HAL_UART::read(char*, int)
 .text._ZN5RODOS8HAL_UART5writeEPKci
                0x08005f38       0xf0 I:\Eclipse Luna\New Rodos\Eclipse Luna SR1 121\Workspace\rodos\Debug_STM32F4\librodos.a(hal_uart.o)
                0x08005f38                RODOS::HAL_UART::write(char const*, int)
 .text._ZN5RODOS8HAL_UART13getcharNoWaitEv
                0x08006028       0x88 I:\Eclipse Luna\New Rodos\Eclipse Luna SR1 121\Workspace\rodos\Debug_STM32F4\librodos.a(hal_uart.o)
                0x08006028                RODOS::HAL_UART::getcharNoWait()
 .text._ZN5RODOS8HAL_UART13putcharNoWaitEc
                0x080060b0       0xa8 I:\Eclipse Luna\New Rodos\Eclipse Luna SR1 121\Workspace\rodos\Debug_STM32F4\librodos.a(hal_uart.o)
                0x080060b0                RODOS::HAL_UART::putcharNoWait(char)
 .text._ZN5RODOS8HAL_UART6statusENS_16UART_STATUS_TYPEE
                0x08006158       0x64 I:\Eclipse Luna\New Rodos\Eclipse Luna SR1 121\Workspace\rodos\Debug_STM32F4\librodos.a(hal_uart.o)
                0x08006158                RODOS::HAL_UART::status(RODOS::UART_STATUS_TYPE)
 .text._ZN5RODOS8HAL_UART15isWriteFinishedEv
                0x080061bc       0x58 I:\Eclipse Luna\New Rodos\Eclipse Luna SR1 121\Workspace\rodos\Debug_STM32F4\librodos.a(hal_uart.o)
                0x080061bc                RODOS::HAL_UART::isWriteFinished()
 .text._ZN5RODOS8HAL_UART11isDataReadyEv
                0x08006214       0x3c I:\Eclipse Luna\New Rodos\Eclipse Luna SR1 121\Workspace\rodos\Debug_STM32F4\librodos.a(hal_uart.o)
                0x08006214                RODOS::HAL_UART::isDataReady()
 .text._ZN5RODOS11HW_HAL_UART11initMembersEPNS_8HAL_UARTENS_8UART_IDXENS_8GPIO_PINES4_S4_S4_
                0x08006250       0x6c I:\Eclipse Luna\New Rodos\Eclipse Luna SR1 121\Workspace\rodos\Debug_STM32F4\librodos.a(hal_uart.o)
                0x08006250                RODOS::HW_HAL_UART::initMembers(RODOS::HAL_UART*, RODOS::UART_IDX, RODOS::GPIO_PIN, RODOS::GPIO_PIN, RODOS::GPIO_PIN, RODOS::GPIO_PIN)
 .text._ZN5RODOS11HW_HAL_UART12DMAConfigureEv
                0x080062bc      0x18c I:\Eclipse Luna\New Rodos\Eclipse Luna SR1 121\Workspace\rodos\Debug_STM32F4\librodos.a(hal_uart.o)
                0x080062bc                RODOS::HW_HAL_UART::DMAConfigure()
 .text._ZN5RODOS11HW_HAL_UART16DMAStartTransferEPvi
                0x08006448       0x54 I:\Eclipse Luna\New Rodos\Eclipse Luna SR1 121\Workspace\rodos\Debug_STM32F4\librodos.a(hal_uart.o)
                0x08006448                RODOS::HW_HAL_UART::DMAStartTransfer(void*, int)
 .text._ZN5RODOS11HW_HAL_UART15DMAStartReceiveEPvi
                0x0800649c       0x6c I:\Eclipse Luna\New Rodos\Eclipse Luna SR1 121\Workspace\rodos\Debug_STM32F4\librodos.a(hal_uart.o)
                0x0800649c                RODOS::HW_HAL_UART::DMAStartReceive(void*, int)
 .text._ZN5RODOS11HW_HAL_UART26DMATransmitFinishedHandlerEv
                0x08006508       0x88 I:\Eclipse Luna\New Rodos\Eclipse Luna SR1 121\Workspace\rodos\Debug_STM32F4\librodos.a(hal_uart.o)
                0x08006508                RODOS::HW_HAL_UART::DMATransmitFinishedHandler()
 .text._ZN5RODOS11HW_HAL_UART25DMAReceiveFinishedHandlerEv
                0x08006590       0x6c I:\Eclipse Luna\New Rodos\Eclipse Luna SR1 121\Workspace\rodos\Debug_STM32F4\librodos.a(hal_uart.o)
                0x08006590                RODOS::HW_HAL_UART::DMAReceiveFinishedHandler()
 .text._ZN5RODOS11HW_HAL_UART16SendTxBufWithDMAEv
                0x080065fc       0x44 I:\Eclipse Luna\New Rodos\Eclipse Luna SR1 121\Workspace\rodos\Debug_STM32F4\librodos.a(hal_uart.o)
                0x080065fc                RODOS::HW_HAL_UART::SendTxBufWithDMA()
 .text._ZN5RODOS11HW_HAL_UART22RceiveIntoRxBufWithDMAEv
                0x08006640       0x68 I:\Eclipse Luna\New Rodos\Eclipse Luna SR1 121\Workspace\rodos\Debug_STM32F4\librodos.a(hal_uart.o)
                0x08006640                RODOS::HW_HAL_UART::RceiveIntoRxBufWithDMA()
 .text._ZN5RODOS14EnableDMAClockEv
                0x080066a8       0x34 I:\Eclipse Luna\New Rodos\Eclipse Luna SR1 121\Workspace\rodos\Debug_STM32F4\librodos.a(hal_uart.o)
                0x080066a8                RODOS::EnableDMAClock()
 .text._ZN5RODOS11HW_HAL_UART14UARTIRQHandlerEv
                0x080066dc      0x194 I:\Eclipse Luna\New Rodos\Eclipse Luna SR1 121\Workspace\rodos\Debug_STM32F4\librodos.a(hal_uart.o)
                0x080066dc                RODOS::HW_HAL_UART::UARTIRQHandler()
 .text._ZN5RODOS11HW_HAL_UART23getRCC_APBxPeriph_UARTxEv
                0x08006870       0x74 I:\Eclipse Luna\New Rodos\Eclipse Luna SR1 121\Workspace\rodos\Debug_STM32F4\librodos.a(hal_uart.o)
                0x08006870                RODOS::HW_HAL_UART::getRCC_APBxPeriph_UARTx()
 .text._ZN5RODOS11HW_HAL_UART16getGPIO_AF_UARTxEv
                0x080068e4       0x68 I:\Eclipse Luna\New Rodos\Eclipse Luna SR1 121\Workspace\rodos\Debug_STM32F4\librodos.a(hal_uart.o)
                0x080068e4                RODOS::HW_HAL_UART::getGPIO_AF_UARTx()
 .text._ZN5RODOS11HW_HAL_UART13getUARTx_IRQnEv
                0x0800694c       0x58 I:\Eclipse Luna\New Rodos\Eclipse Luna SR1 121\Workspace\rodos\Debug_STM32F4\librodos.a(hal_uart.o)
                0x0800694c                RODOS::HW_HAL_UART::getUARTx_IRQn()
 .text._ZN5RODOS11HW_HAL_UART8getUARTxEv
                0x080069a4       0x88 I:\Eclipse Luna\New Rodos\Eclipse Luna SR1 121\Workspace\rodos\Debug_STM32F4\librodos.a(hal_uart.o)
                0x080069a4                RODOS::HW_HAL_UART::getUARTx()
 .text._ZN5RODOS11HW_HAL_UART4initEj
                0x08006a2c       0xf0 I:\Eclipse Luna\New Rodos\Eclipse Luna SR1 121\Workspace\rodos\Debug_STM32F4\librodos.a(hal_uart.o)
                0x08006a2c                RODOS::HW_HAL_UART::init(unsigned int)
 .text._ZN5RODOS4FifoIhLi256EED2Ev
                0x08006b1c       0x30 I:\Eclipse Luna\New Rodos\Eclipse Luna SR1 121\Workspace\rodos\Debug_STM32F4\librodos.a(hal_uart.o)
                0x08006b1c                RODOS::Fifo<unsigned char, 256>::~Fifo()
                0x08006b1c                RODOS::Fifo<unsigned char, 256>::~Fifo()
 .text._ZN5RODOS4FifoIhLi256EED0Ev
                0x08006b4c       0x20 I:\Eclipse Luna\New Rodos\Eclipse Luna SR1 121\Workspace\rodos\Debug_STM32F4\librodos.a(hal_uart.o)
                0x08006b4c                RODOS::Fifo<unsigned char, 256>::~Fifo()
 .text._ZN5RODOS9BlockFifoIhLi256EEC2Ev
                0x08006b6c       0x24 I:\Eclipse Luna\New Rodos\Eclipse Luna SR1 121\Workspace\rodos\Debug_STM32F4\librodos.a(hal_uart.o)
                0x08006b6c                RODOS::BlockFifo<unsigned char, 256>::BlockFifo()
                0x08006b6c                RODOS::BlockFifo<unsigned char, 256>::BlockFifo()
 .text._ZN5RODOS9BlockFifoIhLi256EE15getBufferToReadERi
                0x08006b90       0x60 I:\Eclipse Luna\New Rodos\Eclipse Luna SR1 121\Workspace\rodos\Debug_STM32F4\librodos.a(hal_uart.o)
                0x08006b90                RODOS::BlockFifo<unsigned char, 256>::getBufferToRead(int&)
 .text._ZN5RODOS9BlockFifoIhLi256EE13readConcludedEi
                0x08006bf0       0x28 I:\Eclipse Luna\New Rodos\Eclipse Luna SR1 121\Workspace\rodos\Debug_STM32F4\librodos.a(hal_uart.o)
                0x08006bf0                RODOS::BlockFifo<unsigned char, 256>::readConcluded(int)
 .text._ZN5RODOS9BlockFifoIhLi256EE16getBufferToWriteERi
                0x08006c18       0x80 I:\Eclipse Luna\New Rodos\Eclipse Luna SR1 121\Workspace\rodos\Debug_STM32F4\librodos.a(hal_uart.o)
                0x08006c18                RODOS::BlockFifo<unsigned char, 256>::getBufferToWrite(int&)
 .text._ZN5RODOS9BlockFifoIhLi256EE14writeConcludedEi
                0x08006c98       0x28 I:\Eclipse Luna\New Rodos\Eclipse Luna SR1 121\Workspace\rodos\Debug_STM32F4\librodos.a(hal_uart.o)
                0x08006c98                RODOS::BlockFifo<unsigned char, 256>::writeConcluded(int)
 .text._ZN5RODOS4FifoIhLi256EE3getERh
                0x08006cc0       0x58 I:\Eclipse Luna\New Rodos\Eclipse Luna SR1 121\Workspace\rodos\Debug_STM32F4\librodos.a(hal_uart.o)
                0x08006cc0                RODOS::Fifo<unsigned char, 256>::get(unsigned char&)
 .text._ZN5RODOS4FifoIhLi256EE3putERKh
                0x08006d18       0x58 I:\Eclipse Luna\New Rodos\Eclipse Luna SR1 121\Workspace\rodos\Debug_STM32F4\librodos.a(hal_uart.o)
                0x08006d18                RODOS::Fifo<unsigned char, 256>::put(unsigned char const&)
 .text._ZN5RODOS4FifoIhLi256EE15getElementCountEv
                0x08006d70       0x40 I:\Eclipse Luna\New Rodos\Eclipse Luna SR1 121\Workspace\rodos\Debug_STM32F4\librodos.a(hal_uart.o)
                0x08006d70                RODOS::Fifo<unsigned char, 256>::getElementCount()
 .text._ZN5RODOS4FifoIhLi256EE7isEmptyEv
                0x08006db0       0x2c I:\Eclipse Luna\New Rodos\Eclipse Luna SR1 121\Workspace\rodos\Debug_STM32F4\librodos.a(hal_uart.o)
                0x08006db0                RODOS::Fifo<unsigned char, 256>::isEmpty()
 .text._ZN5RODOS4FifoIhLi256EEC2Ev
                0x08006ddc       0x34 I:\Eclipse Luna\New Rodos\Eclipse Luna SR1 121\Workspace\rodos\Debug_STM32F4\librodos.a(hal_uart.o)
                0x08006ddc                RODOS::Fifo<unsigned char, 256>::Fifo()
                0x08006ddc                RODOS::Fifo<unsigned char, 256>::Fifo()
 .text._ZN5RODOS9BlockFifoIhLi256EE14advanceIndexExEii
                0x08006e10       0x34 I:\Eclipse Luna\New Rodos\Eclipse Luna SR1 121\Workspace\rodos\Debug_STM32F4\librodos.a(hal_uart.o)
                0x08006e10                RODOS::BlockFifo<unsigned char, 256>::advanceIndexEx(int, int)
 .text._ZN5RODOS4FifoIhLi256EE12advanceIndexEi
                0x08006e44       0x24 I:\Eclipse Luna\New Rodos\Eclipse Luna SR1 121\Workspace\rodos\Debug_STM32F4\librodos.a(hal_uart.o)
                0x08006e44                RODOS::Fifo<unsigned char, 256>::advanceIndex(int)
 .text._ZN5RODOS9BlockFifoIhLi256EED2Ev
                0x08006e68       0x30 I:\Eclipse Luna\New Rodos\Eclipse Luna SR1 121\Workspace\rodos\Debug_STM32F4\librodos.a(hal_uart.o)
                0x08006e68                RODOS::BlockFifo<unsigned char, 256>::~BlockFifo()
                0x08006e68                RODOS::BlockFifo<unsigned char, 256>::~BlockFifo()
 .text._ZN5RODOS9BlockFifoIhLi256EED0Ev
                0x08006e98       0x20 I:\Eclipse Luna\New Rodos\Eclipse Luna SR1 121\Workspace\rodos\Debug_STM32F4\librodos.a(hal_uart.o)
                0x08006e98                RODOS::BlockFifo<unsigned char, 256>::~BlockFifo()
 .text._ZN5RODOS14ReceiveTriggerD2Ev
                0x08006eb8       0x30 I:\Eclipse Luna\New Rodos\Eclipse Luna SR1 121\Workspace\rodos\Debug_STM32F4\librodos.a(hal_uart.o)
                0x08006eb8                RODOS::ReceiveTrigger::~ReceiveTrigger()
                0x08006eb8                RODOS::ReceiveTrigger::~ReceiveTrigger()
 .text._ZN5RODOS14ReceiveTriggerD0Ev
                0x08006ee8       0x20 I:\Eclipse Luna\New Rodos\Eclipse Luna SR1 121\Workspace\rodos\Debug_STM32F4\librodos.a(hal_uart.o)
                0x08006ee8                RODOS::ReceiveTrigger::~ReceiveTrigger()
 .text._ZN5RODOS11HW_HAL_UARTD2Ev
                0x08006f08       0x28 I:\Eclipse Luna\New Rodos\Eclipse Luna SR1 121\Workspace\rodos\Debug_STM32F4\librodos.a(hal_uart.o)
                0x08006f08                RODOS::HW_HAL_UART::~HW_HAL_UART()
                0x08006f08                RODOS::HW_HAL_UART::~HW_HAL_UART()
 .text.__tcf_0  0x08006f30       0x2c I:\Eclipse Luna\New Rodos\Eclipse Luna SR1 121\Workspace\rodos\Debug_STM32F4\librodos.a(hal_uart.o)
 .text._Z41__static_initialization_and_destruction_0ii
                0x08006f5c       0x68 I:\Eclipse Luna\New Rodos\Eclipse Luna SR1 121\Workspace\rodos\Debug_STM32F4\librodos.a(hal_uart.o)
 .text._ZN5RODOS4FifoIhLi256EE10putGenericEljPKvRKNS_10NetMsgInfoE
                0x08006fc4       0x34 I:\Eclipse Luna\New Rodos\Eclipse Luna SR1 121\Workspace\rodos\Debug_STM32F4\librodos.a(hal_uart.o)
                0x08006fc4                RODOS::Fifo<unsigned char, 256>::putGeneric(long, unsigned int, void const*, RODOS::NetMsgInfo const&)
 .text._GLOBAL__sub_I__ZN5RODOS17UART_contextArrayE
                0x08006ff8       0x10 I:\Eclipse Luna\New Rodos\Eclipse Luna SR1 121\Workspace\rodos\Debug_STM32F4\librodos.a(hal_uart.o)
 .text.DBGMCU_Config
                0x08007008       0x3c I:\Eclipse Luna\New Rodos\Eclipse Luna SR1 121\Workspace\rodos\Debug_STM32F4\librodos.a(stm32f4xx_dbgmcu.o)
                0x08007008                DBGMCU_Config
 .text.DMA_Init
                0x08007044       0xac I:\Eclipse Luna\New Rodos\Eclipse Luna SR1 121\Workspace\rodos\Debug_STM32F4\librodos.a(stm32f4xx_dma.o)
                0x08007044                DMA_Init
 .text.DMA_StructInit
                0x080070f0       0x6c I:\Eclipse Luna\New Rodos\Eclipse Luna SR1 121\Workspace\rodos\Debug_STM32F4\librodos.a(stm32f4xx_dma.o)
                0x080070f0                DMA_StructInit
 .text.DMA_Cmd  0x0800715c       0x38 I:\Eclipse Luna\New Rodos\Eclipse Luna SR1 121\Workspace\rodos\Debug_STM32F4\librodos.a(stm32f4xx_dma.o)
                0x0800715c                DMA_Cmd
 .text.DMA_GetCurrDataCounter
                0x08007194       0x1c I:\Eclipse Luna\New Rodos\Eclipse Luna SR1 121\Workspace\rodos\Debug_STM32F4\librodos.a(stm32f4xx_dma.o)
                0x08007194                DMA_GetCurrDataCounter
 .text.DMA_GetCmdStatus
                0x080071b0       0x30 I:\Eclipse Luna\New Rodos\Eclipse Luna SR1 121\Workspace\rodos\Debug_STM32F4\librodos.a(stm32f4xx_dma.o)
                0x080071b0                DMA_GetCmdStatus
 .text.DMA_ITConfig
                0x080071e0       0x74 I:\Eclipse Luna\New Rodos\Eclipse Luna SR1 121\Workspace\rodos\Debug_STM32F4\librodos.a(stm32f4xx_dma.o)
                0x080071e0                DMA_ITConfig
 .text.DMA_GetITStatus
                0x08007254       0xb0 I:\Eclipse Luna\New Rodos\Eclipse Luna SR1 121\Workspace\rodos\Debug_STM32F4\librodos.a(stm32f4xx_dma.o)
                0x08007254                DMA_GetITStatus
 .text.DMA_ClearITPendingBit
                0x08007304       0x5c I:\Eclipse Luna\New Rodos\Eclipse Luna SR1 121\Workspace\rodos\Debug_STM32F4\librodos.a(stm32f4xx_dma.o)
                0x08007304                DMA_ClearITPendingBit
 .text.NVIC_Init
                0x08007360       0xbc I:\Eclipse Luna\New Rodos\Eclipse Luna SR1 121\Workspace\rodos\Debug_STM32F4\librodos.a(stm32f4xx_misc.o)
                0x08007360                NVIC_Init
 .text.TIM_DeInit
                0x0800741c      0x1bc I:\Eclipse Luna\New Rodos\Eclipse Luna SR1 121\Workspace\rodos\Debug_STM32F4\librodos.a(stm32f4xx_tim.o)
                0x0800741c                TIM_DeInit
 .text.TIM_TimeBaseInit
                0x080075d8       0xd4 I:\Eclipse Luna\New Rodos\Eclipse Luna SR1 121\Workspace\rodos\Debug_STM32F4\librodos.a(stm32f4xx_tim.o)
                0x080075d8                TIM_TimeBaseInit
 .text.TIM_PrescalerConfig
                0x080076ac       0x28 I:\Eclipse Luna\New Rodos\Eclipse Luna SR1 121\Workspace\rodos\Debug_STM32F4\librodos.a(stm32f4xx_tim.o)
                0x080076ac                TIM_PrescalerConfig
 .text.TIM_GetCounter
                0x080076d4       0x18 I:\Eclipse Luna\New Rodos\Eclipse Luna SR1 121\Workspace\rodos\Debug_STM32F4\librodos.a(stm32f4xx_tim.o)
                0x080076d4                TIM_GetCounter
 .text.TIM_Cmd  0x080076ec       0x40 I:\Eclipse Luna\New Rodos\Eclipse Luna SR1 121\Workspace\rodos\Debug_STM32F4\librodos.a(stm32f4xx_tim.o)
                0x080076ec                TIM_Cmd
 .text.TIM_ICInit
                0x0800772c       0xa8 I:\Eclipse Luna\New Rodos\Eclipse Luna SR1 121\Workspace\rodos\Debug_STM32F4\librodos.a(stm32f4xx_tim.o)
                0x0800772c                TIM_ICInit
 .text.TIM_GetCapture4
                0x080077d4       0x18 I:\Eclipse Luna\New Rodos\Eclipse Luna SR1 121\Workspace\rodos\Debug_STM32F4\librodos.a(stm32f4xx_tim.o)
                0x080077d4                TIM_GetCapture4
 .text.TIM_SetIC1Prescaler
                0x080077ec       0x38 I:\Eclipse Luna\New Rodos\Eclipse Luna SR1 121\Workspace\rodos\Debug_STM32F4\librodos.a(stm32f4xx_tim.o)
                0x080077ec                TIM_SetIC1Prescaler
 .text.TIM_SetIC2Prescaler
                0x08007824       0x3c I:\Eclipse Luna\New Rodos\Eclipse Luna SR1 121\Workspace\rodos\Debug_STM32F4\librodos.a(stm32f4xx_tim.o)
                0x08007824                TIM_SetIC2Prescaler
 .text.TIM_SetIC3Prescaler
                0x08007860       0x38 I:\Eclipse Luna\New Rodos\Eclipse Luna SR1 121\Workspace\rodos\Debug_STM32F4\librodos.a(stm32f4xx_tim.o)
                0x08007860                TIM_SetIC3Prescaler
 .text.TIM_SetIC4Prescaler
                0x08007898       0x3c I:\Eclipse Luna\New Rodos\Eclipse Luna SR1 121\Workspace\rodos\Debug_STM32F4\librodos.a(stm32f4xx_tim.o)
                0x08007898                TIM_SetIC4Prescaler
 .text.TIM_ITConfig
                0x080078d4       0x48 I:\Eclipse Luna\New Rodos\Eclipse Luna SR1 121\Workspace\rodos\Debug_STM32F4\librodos.a(stm32f4xx_tim.o)
                0x080078d4                TIM_ITConfig
 .text.TIM_GetITStatus
                0x0800791c       0x54 I:\Eclipse Luna\New Rodos\Eclipse Luna SR1 121\Workspace\rodos\Debug_STM32F4\librodos.a(stm32f4xx_tim.o)
                0x0800791c                TIM_GetITStatus
 .text.TIM_ClearITPendingBit
                0x08007970       0x20 I:\Eclipse Luna\New Rodos\Eclipse Luna SR1 121\Workspace\rodos\Debug_STM32F4\librodos.a(stm32f4xx_tim.o)
                0x08007970                TIM_ClearITPendingBit
 .text.TIM_RemapConfig
                0x08007990       0x20 I:\Eclipse Luna\New Rodos\Eclipse Luna SR1 121\Workspace\rodos\Debug_STM32F4\librodos.a(stm32f4xx_tim.o)
                0x08007990                TIM_RemapConfig
 .text.TI1_Config
                0x080079b0       0x78 I:\Eclipse Luna\New Rodos\Eclipse Luna SR1 121\Workspace\rodos\Debug_STM32F4\librodos.a(stm32f4xx_tim.o)
 .text.TI2_Config
                0x08007a28       0x8c I:\Eclipse Luna\New Rodos\Eclipse Luna SR1 121\Workspace\rodos\Debug_STM32F4\librodos.a(stm32f4xx_tim.o)
 .text.TI3_Config
                0x08007ab4       0x84 I:\Eclipse Luna\New Rodos\Eclipse Luna SR1 121\Workspace\rodos\Debug_STM32F4\librodos.a(stm32f4xx_tim.o)
 .text.TI4_Config
                0x08007b38       0x90 I:\Eclipse Luna\New Rodos\Eclipse Luna SR1 121\Workspace\rodos\Debug_STM32F4\librodos.a(stm32f4xx_tim.o)
 .text.USART_DeInit
                0x08007bc8      0x114 I:\Eclipse Luna\New Rodos\Eclipse Luna SR1 121\Workspace\rodos\Debug_STM32F4\librodos.a(stm32f4xx_usart.o)
                0x08007bc8                USART_DeInit
 .text.USART_Init
                0x08007cdc      0x174 I:\Eclipse Luna\New Rodos\Eclipse Luna SR1 121\Workspace\rodos\Debug_STM32F4\librodos.a(stm32f4xx_usart.o)
                0x08007cdc                USART_Init
 .text.USART_StructInit
                0x08007e50       0x38 I:\Eclipse Luna\New Rodos\Eclipse Luna SR1 121\Workspace\rodos\Debug_STM32F4\librodos.a(stm32f4xx_usart.o)
                0x08007e50                USART_StructInit
 .text.USART_Cmd
                0x08007e88       0x40 I:\Eclipse Luna\New Rodos\Eclipse Luna SR1 121\Workspace\rodos\Debug_STM32F4\librodos.a(stm32f4xx_usart.o)
                0x08007e88                USART_Cmd
 .text.USART_ReceiveData
                0x08007ec8       0x20 I:\Eclipse Luna\New Rodos\Eclipse Luna SR1 121\Workspace\rodos\Debug_STM32F4\librodos.a(stm32f4xx_usart.o)
                0x08007ec8                USART_ReceiveData
 .text.USART_DMACmd
                0x08007ee8       0x48 I:\Eclipse Luna\New Rodos\Eclipse Luna SR1 121\Workspace\rodos\Debug_STM32F4\librodos.a(stm32f4xx_usart.o)
                0x08007ee8                USART_DMACmd
 .text.USART_ITConfig
                0x08007f30       0x90 I:\Eclipse Luna\New Rodos\Eclipse Luna SR1 121\Workspace\rodos\Debug_STM32F4\librodos.a(stm32f4xx_usart.o)
                0x08007f30                USART_ITConfig
 .text.USART_GetFlagStatus
                0x08007fc0       0x38 I:\Eclipse Luna\New Rodos\Eclipse Luna SR1 121\Workspace\rodos\Debug_STM32F4\librodos.a(stm32f4xx_usart.o)
                0x08007fc0                USART_GetFlagStatus
 .text.USART_GetITStatus
                0x08007ff8       0xb0 I:\Eclipse Luna\New Rodos\Eclipse Luna SR1 121\Workspace\rodos\Debug_STM32F4\librodos.a(stm32f4xx_usart.o)
                0x08007ff8                USART_GetITStatus
 .text._ZN5RODOS18getIsHostBigEndianEv
                0x080080a8       0x18 I:\Eclipse Luna\New Rodos\Eclipse Luna SR1 121\Workspace\rodos\Debug_STM32F4\librodos.a(hostinfos.o)
                0x080080a8                RODOS::getIsHostBigEndian()
 .text._ZN5RODOS26getSpeedKiloLoopsPerSecondEv
                0x080080c0       0x14 I:\Eclipse Luna\New Rodos\Eclipse Luna SR1 121\Workspace\rodos\Debug_STM32F4\librodos.a(hostinfos.o)
                0x080080c0                RODOS::getSpeedKiloLoopsPerSecond()
 .text._ZN5RODOS20getYieldTimeOverheadEv
                0x080080d4       0x14 I:\Eclipse Luna\New Rodos\Eclipse Luna SR1 121\Workspace\rodos\Debug_STM32F4\librodos.a(hostinfos.o)
                0x080080d4                RODOS::getYieldTimeOverhead()
 .text._ZN5RODOS14getHostCpuArchEv
                0x080080e8       0x14 I:\Eclipse Luna\New Rodos\Eclipse Luna SR1 121\Workspace\rodos\Debug_STM32F4\librodos.a(hostinfos.o)
                0x080080e8                RODOS::getHostCpuArch()
 .text._ZN5RODOS14getHostBasisOSEv
                0x080080fc       0x14 I:\Eclipse Luna\New Rodos\Eclipse Luna SR1 121\Workspace\rodos\Debug_STM32F4\librodos.a(hostinfos.o)
                0x080080fc                RODOS::getHostBasisOS()
 .text.__aeabi_atexit
                0x08008110        0xc i:/eclipse luna/new rodos/eclipse luna sr1 121/gnu tools arm embedded/4.8 2014q3/bin/../lib/gcc/arm-none-eabi/4.8.4/../../../../arm-none-eabi/lib/armv7e-m/softfp\libc.a(lib_a-aeabi_atexit.o)
                0x08008110                __aeabi_atexit
 *(.rodata)
 .rodata        0x0800811c      0x12c ./Template.o
 .rodata        0x08008248       0x28 I:\Eclipse Luna\New Rodos\Eclipse Luna SR1 121\Workspace\rodos\Debug_STM32F4\librodos.a(application.o)
 .rodata        0x08008270       0x48 I:\Eclipse Luna\New Rodos\Eclipse Luna SR1 121\Workspace\rodos\Debug_STM32F4\librodos.a(debug.o)
 .rodata        0x080082b8       0x6c I:\Eclipse Luna\New Rodos\Eclipse Luna SR1 121\Workspace\rodos\Debug_STM32F4\librodos.a(listelement.o)
 .rodata        0x08008324       0x70 I:\Eclipse Luna\New Rodos\Eclipse Luna SR1 121\Workspace\rodos\Debug_STM32F4\librodos.a(subscriber.o)
 .rodata        0x08008394      0x11c I:\Eclipse Luna\New Rodos\Eclipse Luna SR1 121\Workspace\rodos\Debug_STM32F4\librodos.a(topic.o)
 .rodata        0x080084b0       0x58 I:\Eclipse Luna\New Rodos\Eclipse Luna SR1 121\Workspace\rodos\Debug_STM32F4\librodos.a(hal_gpio.o)
 .rodata        0x08008508       0x10 I:\Eclipse Luna\New Rodos\Eclipse Luna SR1 121\Workspace\rodos\Debug_STM32F4\librodos.a(hw_specific.o)
 .rodata        0x08008518       0xc4 I:\Eclipse Luna\New Rodos\Eclipse Luna SR1 121\Workspace\rodos\Debug_STM32F4\librodos.a(thread_on_hw.o)
 .rodata        0x080085dc      0x21c I:\Eclipse Luna\New Rodos\Eclipse Luna SR1 121\Workspace\rodos\Debug_STM32F4\librodos.a(main.o)
 .rodata        0x080087f8       0x18 I:\Eclipse Luna\New Rodos\Eclipse Luna SR1 121\Workspace\rodos\Debug_STM32F4\librodos.a(main_usermain.o)
 .rodata        0x08008810       0x3c I:\Eclipse Luna\New Rodos\Eclipse Luna SR1 121\Workspace\rodos\Debug_STM32F4\librodos.a(miscs.o)
 .rodata        0x0800884c       0xa8 I:\Eclipse Luna\New Rodos\Eclipse Luna SR1 121\Workspace\rodos\Debug_STM32F4\librodos.a(hal_uart.o)
 .rodata        0x080088f4       0x20 I:\Eclipse Luna\New Rodos\Eclipse Luna SR1 121\Workspace\rodos\Debug_STM32F4\librodos.a(hostinfos.o)
 *(.rodata*)
 *fill*         0x08008914        0x4 
 .rodata._ZTV9Telemetry
                0x08008918       0x18 ./Template.o
                0x08008918                vtable for Telemetry
 .rodata._ZTVN5RODOS10CommBufferI10SensorDataEE
                0x08008930       0x18 ./Template.o
                0x08008930                vtable for RODOS::CommBuffer<SensorData>
 .rodata._ZTVN5RODOS5TopicI10SensorDataEE
                0x08008948       0x10 ./Template.o
                0x08008948                vtable for RODOS::Topic<SensorData>
 .rodata._ZTVN5RODOS6PutterE
                0x08008958       0x18 ./Template.o
                0x08008958                vtable for RODOS::Putter
 .rodata._ZTVN5RODOS14TopicInterfaceE